---
source: tests/fixtures_snapshot.rs
expression: snapshot.clone()
---
{
  "columns": [
    "PIZZA",
    "FEMALE",
    "HS",
    "COLLEGE",
    "GRAD",
    "INCOME",
    "AGE"
  ],
  "row_count": 40,
  "rows": [
    [
      {
        "kind": "number",
        "value": 109.0
      },
      {
        "kind": "number",
        "value": 1.0
      },
      {
        "kind": "number",
        "value": 0.0
      },
      {
        "kind": "number",
        "value": 0.0
      },
      {
        "kind": "number",
        "value": 0.0
      },
      {
        "kind": "number",
        "value": 15000.0
      },
      {
        "kind": "number",
        "value": 25.0
      }
    ],
    [
      {
        "kind": "number",
        "value": 0.0
      },
      {
        "kind": "number",
        "value": 1.0
      },
      {
        "kind": "number",
        "value": 0.0
      },
      {
        "kind": "number",
        "value": 0.0
      },
      {
        "kind": "number",
        "value": 0.0
      },
      {
        "kind": "number",
        "value": 30000.0
      },
      {
        "kind": "number",
        "value": 45.0
      }
    ],
    [
      {
        "kind": "number",
        "value": 0.0
      },
      {
        "kind": "number",
        "value": 1.0
      },
      {
        "kind": "number",
        "value": 0.0
      },
      {
        "kind": "number",
        "value": 0.0
      },
      {
        "kind": "number",
        "value": 0.0
      },
      {
        "kind": "number",
        "value": 12000.0
      },
      {
        "kind": "number",
        "value": 20.0
      }
    ],
    [
      {
        "kind": "number",
        "value": 108.0
      },
      {
        "kind": "number",
        "value": 1.0
      },
      {
        "kind": "number",
        "value": 0.0
      },
      {
        "kind": "number",
        "value": 0.0
      },
      {
        "kind": "number",
        "value": 0.0
      },
      {
        "kind": "number",
        "value": 20000.0
      },
      {
        "kind": "number",
        "value": 28.0
      }
    ],
    [
      {
        "kind": "number",
        "value": 220.0
      },
      {
        "kind": "number",
        "value": 1.0
      },
      {
        "kind": "number",
        "value": 1.0
      },
      {
        "kind": "number",
        "value": 0.0
      },
      {
        "kind": "number",
        "value": 0.0
      },
      {
        "kind": "number",
        "value": 15000.0
      },
      {
        "kind": "number",
        "value": 25.0
      }
    ],
    [
      {
        "kind": "number",
        "value": 189.0
      },
      {
        "kind": "number",
        "value": 1.0
      },
      {
        "kind": "number",
        "value": 1.0
      },
      {
        "kind": "number",
        "value": 0.0
      },
      {
        "kind": "number",
        "value": 0.0
      },
      {
        "kind": "number",
        "value": 30000.0
      },
      {
        "kind": "number",
        "value": 35.0
      }
    ],
    [
      {
        "kind": "number",
        "value": 64.0
      },
      {
        "kind": "number",
        "value": 1.0
      },
      {
        "kind": "number",
        "value": 1.0
      },
      {
        "kind": "number",
        "value": 0.0
      },
      {
        "kind": "number",
        "value": 0.0
      },
      {
        "kind": "number",
        "value": 12000.0
      },
      {
        "kind": "number",
        "value": 40.0
      }
    ],
    [
      {
        "kind": "number",
        "value": 262.0
      },
      {
        "kind": "number",
        "value": 1.0
      },
      {
        "kind": "number",
        "value": 1.0
      },
      {
        "kind": "number",
        "value": 0.0
      },
      {
        "kind": "number",
        "value": 0.0
      },
      {
        "kind": "number",
        "value": 12000.0
      },
      {
        "kind": "number",
        "value": 22.0
      }
    ],
    [
      {
        "kind": "number",
        "value": 64.0
      },
      {
        "kind": "number",
        "value": 1.0
      },
      {
        "kind": "number",
        "value": 1.0
      },
      {
        "kind": "number",
        "value": 0.0
      },
      {
        "kind": "number",
        "value": 0.0
      },
      {
        "kind": "number",
        "value": 28000.0
      },
      {
        "kind": "number",
        "value": 30.0
      }
    ],
    [
      {
        "kind": "number",
        "value": 35.0
      },
      {
        "kind": "number",
        "value": 1.0
      },
      {
        "kind": "number",
        "value": 1.0
      },
      {
        "kind": "number",
        "value": 0.0
      },
      {
        "kind": "number",
        "value": 0.0
      },
      {
        "kind": "number",
        "value": 22000.0
      },
      {
        "kind": "number",
        "value": 21.0
      }
    ],
    [
      {
        "kind": "number",
        "value": 94.0
      },
      {
        "kind": "number",
        "value": 1.0
      },
      {
        "kind": "number",
        "value": 1.0
      },
      {
        "kind": "number",
        "value": 0.0
      },
      {
        "kind": "number",
        "value": 0.0
      },
      {
        "kind": "number",
        "value": 44000.0
      },
      {
        "kind": "number",
        "value": 40.0
      }
    ],
    [
      {
        "kind": "number",
        "value": 71.0
      },
      {
        "kind": "number",
        "value": 1.0
      },
      {
        "kind": "number",
        "value": 0.0
      },
      {
        "kind": "number",
        "value": 1.0
      },
      {
        "kind": "number",
        "value": 0.0
      },
      {
        "kind": "number",
        "value": 10000.0
      },
      {
        "kind": "number",
        "value": 21.0
      }
    ],
    [
      {
        "kind": "number",
        "value": 403.0
      },
      {
        "kind": "number",
        "value": 1.0
      },
      {
        "kind": "number",
        "value": 0.0
      },
      {
        "kind": "number",
        "value": 1.0
      },
      {
        "kind": "number",
        "value": 0.0
      },
      {
        "kind": "number",
        "value": 222000.0
      },
      {
        "kind": "number",
        "value": 45.0
      }
    ],
    [
      {
        "kind": "number",
        "value": 41.0
      },
      {
        "kind": "number",
        "value": 1.0
      },
      {
        "kind": "number",
        "value": 0.0
      },
      {
        "kind": "number",
        "value": 1.0
      },
      {
        "kind": "number",
        "value": 0.0
      },
      {
        "kind": "number",
        "value": 32000.0
      },
      {
        "kind": "number",
        "value": 36.0
      }
    ],
    [
      {
        "kind": "number",
        "value": 10.0
      },
      {
        "kind": "number",
        "value": 1.0
      },
      {
        "kind": "number",
        "value": 0.0
      },
      {
        "kind": "number",
        "value": 1.0
      },
      {
        "kind": "number",
        "value": 0.0
      },
      {
        "kind": "number",
        "value": 45000.0
      },
      {
        "kind": "number",
        "value": 36.0
      }
    ],
    [
      {
        "kind": "number",
        "value": 110.0
      },
      {
        "kind": "number",
        "value": 1.0
      },
      {
        "kind": "number",
        "value": 0.0
      },
      {
        "kind": "number",
        "value": 1.0
      },
      {
        "kind": "number",
        "value": 0.0
      },
      {
        "kind": "number",
        "value": 55000.0
      },
      {
        "kind": "number",
        "value": 40.0
      }
    ],
    [
      {
        "kind": "number",
        "value": 239.0
      },
      {
        "kind": "number",
        "value": 1.0
      },
      {
        "kind": "number",
        "value": 0.0
      },
      {
        "kind": "number",
        "value": 1.0
      },
      {
        "kind": "number",
        "value": 0.0
      },
      {
        "kind": "number",
        "value": 29000.0
      },
      {
        "kind": "number",
        "value": 23.0
      }
    ],
    [
      {
        "kind": "number",
        "value": 63.0
      },
      {
        "kind": "number",
        "value": 1.0
      },
      {
        "kind": "number",
        "value": 0.0
      },
      {
        "kind": "number",
        "value": 1.0
      },
      {
        "kind": "number",
        "value": 0.0
      },
      {
        "kind": "number",
        "value": 39000.0
      },
      {
        "kind": "number",
        "value": 32.0
      }
    ],
    [
      {
        "kind": "number",
        "value": 0.0
      },
      {
        "kind": "number",
        "value": 1.0
      },
      {
        "kind": "number",
        "value": 0.0
      },
      {
        "kind": "number",
        "value": 1.0
      },
      {
        "kind": "number",
        "value": 0.0
      },
      {
        "kind": "number",
        "value": 70000.0
      },
      {
        "kind": "number",
        "value": 52.0
      }
    ],
    [
      {
        "kind": "number",
        "value": 106.0
      },
      {
        "kind": "number",
        "value": 1.0
      },
      {
        "kind": "number",
        "value": 0.0
      },
      {
        "kind": "number",
        "value": 0.0
      },
      {
        "kind": "number",
        "value": 1.0
      },
      {
        "kind": "number",
        "value": 55000.0
      },
      {
        "kind": "number",
        "value": 30.0
      }
    ],
    [
      {
        "kind": "number",
        "value": 0.0
      },
      {
        "kind": "number",
        "value": 1.0
      },
      {
        "kind": "number",
        "value": 0.0
      },
      {
        "kind": "number",
        "value": 0.0
      },
      {
        "kind": "number",
        "value": 1.0
      },
      {
        "kind": "number",
        "value": 90000.0
      },
      {
        "kind": "number",
        "value": 45.0
      }
    ],
    [
      {
        "kind": "number",
        "value": 141.0
      },
      {
        "kind": "number",
        "value": 0.0
      },
      {
        "kind": "number",
        "value": 0.0
      },
      {
        "kind": "number",
        "value": 0.0
      },
      {
        "kind": "number",
        "value": 0.0
      },
      {
        "kind": "number",
        "value": 6000.0
      },
      {
        "kind": "number",
        "value": 32.0
      }
    ],
    [
      {
        "kind": "number",
        "value": 299.0
      },
      {
        "kind": "number",
        "value": 0.0
      },
      {
        "kind": "number",
        "value": 0.0
      },
      {
        "kind": "number",
        "value": 0.0
      },
      {
        "kind": "number",
        "value": 0.0
      },
      {
        "kind": "number",
        "value": 18000.0
      },
      {
        "kind": "number",
        "value": 20.0
      }
    ],
    [
      {
        "kind": "number",
        "value": 148.0
      },
      {
        "kind": "number",
        "value": 0.0
      },
      {
        "kind": "number",
        "value": 0.0
      },
      {
        "kind": "number",
        "value": 0.0
      },
      {
        "kind": "number",
        "value": 0.0
      },
      {
        "kind": "number",
        "value": 55000.0
      },
      {
        "kind": "number",
        "value": 55.0
      }
    ],
    [
      {
        "kind": "number",
        "value": 424.0
      },
      {
        "kind": "number",
        "value": 0.0
      },
      {
        "kind": "number",
        "value": 1.0
      },
      {
        "kind": "number",
        "value": 0.0
      },
      {
        "kind": "number",
        "value": 0.0
      },
      {
        "kind": "number",
        "value": 10000.0
      },
      {
        "kind": "number",
        "value": 18.0
      }
    ],
    [
      {
        "kind": "number",
        "value": 242.0
      },
      {
        "kind": "number",
        "value": 0.0
      },
      {
        "kind": "number",
        "value": 1.0
      },
      {
        "kind": "number",
        "value": 0.0
      },
      {
        "kind": "number",
        "value": 0.0
      },
      {
        "kind": "number",
        "value": 23000.0
      },
      {
        "kind": "number",
        "value": 30.0
      }
    ],
    [
      {
        "kind": "number",
        "value": 119.0
      },
      {
        "kind": "number",
        "value": 0.0
      },
      {
        "kind": "number",
        "value": 1.0
      },
      {
        "kind": "number",
        "value": 0.0
      },
      {
        "kind": "number",
        "value": 0.0
      },
      {
        "kind": "number",
        "value": 35000.0
      },
      {
        "kind": "number",
        "value": 45.0
      }
    ],
    [
      {
        "kind": "number",
        "value": 338.0
      },
      {
        "kind": "number",
        "value": 0.0
      },
      {
        "kind": "number",
        "value": 1.0
      },
      {
        "kind": "number",
        "value": 0.0
      },
      {
        "kind": "number",
        "value": 0.0
      },
      {
        "kind": "number",
        "value": 38000.0
      },
      {
        "kind": "number",
        "value": 40.0
      }
    ],
    [
      {
        "kind": "number",
        "value": 135.0
      },
      {
        "kind": "number",
        "value": 0.0
      },
      {
        "kind": "number",
        "value": 1.0
      },
      {
        "kind": "number",
        "value": 0.0
      },
      {
        "kind": "number",
        "value": 0.0
      },
      {
        "kind": "number",
        "value": 45000.0
      },
      {
        "kind": "number",
        "value": 50.0
      }
    ],
    [
      {
        "kind": "number",
        "value": 590.0
      },
      {
        "kind": "number",
        "value": 0.0
      },
      {
        "kind": "number",
        "value": 1.0
      },
      {
        "kind": "number",
        "value": 0.0
      },
      {
        "kind": "number",
        "value": 0.0
      },
      {
        "kind": "number",
        "value": 85000.0
      },
      {
        "kind": "number",
        "value": 32.0
      }
    ],
    [
      {
        "kind": "number",
        "value": 324.0
      },
      {
        "kind": "number",
        "value": 0.0
      },
      {
        "kind": "number",
        "value": 1.0
      },
      {
        "kind": "number",
        "value": 0.0
      },
      {
        "kind": "number",
        "value": 0.0
      },
      {
        "kind": "number",
        "value": 22000.0
      },
      {
        "kind": "number",
        "value": 30.0
      }
    ],
    [
      {
        "kind": "number",
        "value": 87.0
      },
      {
        "kind": "number",
        "value": 0.0
      },
      {
        "kind": "number",
        "value": 1.0
      },
      {
        "kind": "number",
        "value": 0.0
      },
      {
        "kind": "number",
        "value": 0.0
      },
      {
        "kind": "number",
        "value": 25000.0
      },
      {
        "kind": "number",
        "value": 51.0
      }
    ],
    [
      {
        "kind": "number",
        "value": 395.0
      },
      {
        "kind": "number",
        "value": 0.0
      },
      {
        "kind": "number",
        "value": 0.0
      },
      {
        "kind": "number",
        "value": 1.0
      },
      {
        "kind": "number",
        "value": 0.0
      },
      {
        "kind": "number",
        "value": 29000.0
      },
      {
        "kind": "number",
        "value": 22.0
      }
    ],
    [
      {
        "kind": "number",
        "value": 513.0
      },
      {
        "kind": "number",
        "value": 0.0
      },
      {
        "kind": "number",
        "value": 0.0
      },
      {
        "kind": "number",
        "value": 1.0
      },
      {
        "kind": "number",
        "value": 0.0
      },
      {
        "kind": "number",
        "value": 132000.0
      },
      {
        "kind": "number",
        "value": 40.0
      }
    ],
    [
      {
        "kind": "number",
        "value": 56.0
      },
      {
        "kind": "number",
        "value": 0.0
      },
      {
        "kind": "number",
        "value": 0.0
      },
      {
        "kind": "number",
        "value": 1.0
      },
      {
        "kind": "number",
        "value": 0.0
      },
      {
        "kind": "number",
        "value": 35000.0
      },
      {
        "kind": "number",
        "value": 30.0
      }
    ],
    [
      {
        "kind": "number",
        "value": 400.0
      },
      {
        "kind": "number",
        "value": 0.0
      },
      {
        "kind": "number",
        "value": 0.0
      },
      {
        "kind": "number",
        "value": 1.0
      },
      {
        "kind": "number",
        "value": 0.0
      },
      {
        "kind": "number",
        "value": 80000.0
      },
      {
        "kind": "number",
        "value": 36.0
      }
    ],
    [
      {
        "kind": "number",
        "value": 384.0
      },
      {
        "kind": "number",
        "value": 0.0
      },
      {
        "kind": "number",
        "value": 0.0
      },
      {
        "kind": "number",
        "value": 1.0
      },
      {
        "kind": "number",
        "value": 0.0
      },
      {
        "kind": "number",
        "value": 55000.0
      },
      {
        "kind": "number",
        "value": 27.0
      }
    ],
    [
      {
        "kind": "number",
        "value": 262.0
      },
      {
        "kind": "number",
        "value": 0.0
      },
      {
        "kind": "number",
        "value": 0.0
      },
      {
        "kind": "number",
        "value": 1.0
      },
      {
        "kind": "number",
        "value": 0.0
      },
      {
        "kind": "number",
        "value": 30000.0
      },
      {
        "kind": "number",
        "value": 24.0
      }
    ],
    [
      {
        "kind": "number",
        "value": 336.0
      },
      {
        "kind": "number",
        "value": 0.0
      },
      {
        "kind": "number",
        "value": 0.0
      },
      {
        "kind": "number",
        "value": 1.0
      },
      {
        "kind": "number",
        "value": 0.0
      },
      {
        "kind": "number",
        "value": 27000.0
      },
      {
        "kind": "number",
        "value": 21.0
      }
    ],
    [
      {
        "kind": "number",
        "value": 281.0
      },
      {
        "kind": "number",
        "value": 0.0
      },
      {
        "kind": "number",
        "value": 0.0
      },
      {
        "kind": "number",
        "value": 0.0
      },
      {
        "kind": "number",
        "value": 1.0
      },
      {
        "kind": "number",
        "value": 80000.0
      },
      {
        "kind": "number",
        "value": 45.0
      }
    ]
  ]
}
