---
source: tests/fixtures_snapshot.rs
expression: snapshot.clone()
---
{
  "columns": [
    "CANADA"
  ],
  "row_count": 433,
  "rows": [
    [
      {
        "kind": "number",
        "value": 1.0118000507354736
      }
    ],
    [
      {
        "kind": "number",
        "value": 1.0075000524520874
      }
    ],
    [
      {
        "kind": "number",
        "value": 1.0063999891281128
      }
    ],
    [
      {
        "kind": "number",
        "value": 1.007699966430664
      }
    ],
    [
      {
        "kind": "number",
        "value": 1.0087000131607056
      }
    ],
    [
      {
        "kind": "number",
        "value": 1.021299958229065
      }
    ],
    [
      {
        "kind": "number",
        "value": 1.021299958229065
      }
    ],
    [
      {
        "kind": "number",
        "value": 1.0130000114440918
      }
    ],
    [
      {
        "kind": "number",
        "value": 1.0130000114440918
      }
    ],
    [
      {
        "kind": "number",
        "value": 1.004699945449829
      }
    ],
    [
      {
        "kind": "number",
        "value": 1.0039000511169434
      }
    ],
    [
      {
        "kind": "number",
        "value": 0.9993000030517578
      }
    ],
    [
      {
        "kind": "number",
        "value": 1.0059000253677368
      }
    ],
    [
      {
        "kind": "number",
        "value": 1.004699945449829
      }
    ],
    [
      {
        "kind": "number",
        "value": 0.9984999895095825
      }
    ],
    [
      {
        "kind": "number",
        "value": 0.9957000017166138
      }
    ],
    [
      {
        "kind": "number",
        "value": 0.9889000058174133
      }
    ],
    [
      {
        "kind": "number",
        "value": 0.9794999957084656
      }
    ],
    [
      {
        "kind": "number",
        "value": 0.984000027179718
      }
    ],
    [
      {
        "kind": "number",
        "value": 0.9824000000953674
      }
    ],
    [
      {
        "kind": "number",
        "value": 0.9829999804496765
      }
    ],
    [
      {
        "kind": "number",
        "value": 0.982699990272522
      }
    ],
    [
      {
        "kind": "number",
        "value": 0.9873999953269958
      }
    ],
    [
      {
        "kind": "number",
        "value": 0.9968000054359436
      }
    ],
    [
      {
        "kind": "number",
        "value": 0.9993000030517578
      }
    ],
    [
      {
        "kind": "number",
        "value": 0.9955999851226807
      }
    ],
    [
      {
        "kind": "number",
        "value": 0.9966999888420105
      }
    ],
    [
      {
        "kind": "number",
        "value": 1.0006999969482422
      }
    ],
    [
      {
        "kind": "number",
        "value": 1.0008000135421753
      }
    ],
    [
      {
        "kind": "number",
        "value": 0.9983999729156494
      }
    ],
    [
      {
        "kind": "number",
        "value": 0.9994999766349792
      }
    ],
    [
      {
        "kind": "number",
        "value": 1.0039000511169434
      }
    ],
    [
      {
        "kind": "number",
        "value": 1.0082999467849731
      }
    ],
    [
      {
        "kind": "number",
        "value": 1.001099944114685
      }
    ],
    [
      {
        "kind": "number",
        "value": 0.9991000294685364
      }
    ],
    [
      {
        "kind": "number",
        "value": 0.9994000196456909
      }
    ],
    [
      {
        "kind": "number",
        "value": 0.9915000200271606
      }
    ],
    [
      {
        "kind": "number",
        "value": 0.9765999913215637
      }
    ],
    [
      {
        "kind": "number",
        "value": 0.972000002861023
      }
    ],
    [
      {
        "kind": "number",
        "value": 0.9675999879837036
      }
    ],
    [
      {
        "kind": "number",
        "value": 0.9623000025749207
      }
    ],
    [
      {
        "kind": "number",
        "value": 0.9664000272750854
      }
    ],
    [
      {
        "kind": "number",
        "value": 0.9763000011444092
      }
    ],
    [
      {
        "kind": "number",
        "value": 0.9799000024795532
      }
    ],
    [
      {
        "kind": "number",
        "value": 0.9864000082015991
      }
    ],
    [
      {
        "kind": "number",
        "value": 0.9829999804496765
      }
    ],
    [
      {
        "kind": "number",
        "value": 0.9873999953269958
      }
    ],
    [
      {
        "kind": "number",
        "value": 0.9882000088691711
      }
    ],
    [
      {
        "kind": "number",
        "value": 0.9947999715805054
      }
    ],
    [
      {
        "kind": "number",
        "value": 1.0003999471664429
      }
    ],
    [
      {
        "kind": "number",
        "value": 1.000499963760376
      }
    ],
    [
      {
        "kind": "number",
        "value": 1.0110000371932983
      }
    ],
    [
      {
        "kind": "number",
        "value": 1.0285999774932861
      }
    ],
    [
      {
        "kind": "number",
        "value": 1.0263999700546265
      }
    ],
    [
      {
        "kind": "number",
        "value": 1.030900001525879
      }
    ],
    [
      {
        "kind": "number",
        "value": 1.0354000329971313
      }
    ],
    [
      {
        "kind": "number",
        "value": 1.0262999534606934
      }
    ],
    [
      {
        "kind": "number",
        "value": 1.0250999927520752
      }
    ],
    [
      {
        "kind": "number",
        "value": 1.0139000415802002
      }
    ],
    [
      {
        "kind": "number",
        "value": 1.0139000415802002
      }
    ],
    [
      {
        "kind": "number",
        "value": 1.006500005722046
      }
    ],
    [
      {
        "kind": "number",
        "value": 0.9934999942779541
      }
    ],
    [
      {
        "kind": "number",
        "value": 0.9858999848365784
      }
    ],
    [
      {
        "kind": "number",
        "value": 0.9836000204086304
      }
    ],
    [
      {
        "kind": "number",
        "value": 0.9801999926567078
      }
    ],
    [
      {
        "kind": "number",
        "value": 0.9735999703407288
      }
    ],
    [
      {
        "kind": "number",
        "value": 0.9721999764442444
      }
    ],
    [
      {
        "kind": "number",
        "value": 0.9854000210762024
      }
    ],
    [
      {
        "kind": "number",
        "value": 0.9750999808311462
      }
    ],
    [
      {
        "kind": "number",
        "value": 0.9726999998092651
      }
    ],
    [
      {
        "kind": "number",
        "value": 0.9858999848365784
      }
    ],
    [
      {
        "kind": "number",
        "value": 1.0183000564575195
      }
    ],
    [
      {
        "kind": "number",
        "value": 1.0103000402450562
      }
    ],
    [
      {
        "kind": "number",
        "value": 1.027899980545044
      }
    ],
    [
      {
        "kind": "number",
        "value": 1.051300048828125
      }
    ],
    [
      {
        "kind": "number",
        "value": 1.0514999628067017
      }
    ],
    [
      {
        "kind": "number",
        "value": 1.0485999584197998
      }
    ],
    [
      {
        "kind": "number",
        "value": 1.0577000379562378
      }
    ],
    [
      {
        "kind": "number",
        "value": 1.0612000226974487
      }
    ],
    [
      {
        "kind": "number",
        "value": 1.0750000476837158
      }
    ],
    [
      {
        "kind": "number",
        "value": 1.0733000040054321
      }
    ],
    [
      {
        "kind": "number",
        "value": 1.0988999605178833
      }
    ],
    [
      {
        "kind": "number",
        "value": 1.1093000173568726
      }
    ],
    [
      {
        "kind": "number",
        "value": 1.0973000526428223
      }
    ],
    [
      {
        "kind": "number",
        "value": 1.101199984550476
      }
    ],
    [
      {
        "kind": "number",
        "value": 1.1130000352859497
      }
    ],
    [
      {
        "kind": "number",
        "value": 1.1258000135421753
      }
    ],
    [
      {
        "kind": "number",
        "value": 1.141700029373169
      }
    ],
    [
      {
        "kind": "number",
        "value": 1.1186000108718872
      }
    ],
    [
      {
        "kind": "number",
        "value": 1.1217999458312988
      }
    ],
    [
      {
        "kind": "number",
        "value": 1.1246000528335571
      }
    ],
    [
      {
        "kind": "number",
        "value": 1.1404000520706177
      }
    ],
    [
      {
        "kind": "number",
        "value": 1.1663999557495117
      }
    ],
    [
      {
        "kind": "number",
        "value": 1.182800054550171
      }
    ],
    [
      {
        "kind": "number",
        "value": 1.1730999946594238
      }
    ],
    [
      {
        "kind": "number",
        "value": 1.179800033569336
      }
    ],
    [
      {
        "kind": "number",
        "value": 1.1899000406265259
      }
    ],
    [
      {
        "kind": "number",
        "value": 1.1956000328063965
      }
    ],
    [
      {
        "kind": "number",
        "value": 1.1739000082015991
      }
    ],
    [
      {
        "kind": "number",
        "value": 1.146399974822998
      }
    ],
    [
      {
        "kind": "number",
        "value": 1.1555999517440796
      }
    ],
    [
      {
        "kind": "number",
        "value": 1.1723999977111816
      }
    ],
    [
      {
        "kind": "number",
        "value": 1.1639000177383423
      }
    ],
    [
      {
        "kind": "number",
        "value": 1.1706000566482544
      }
    ],
    [
      {
        "kind": "number",
        "value": 1.1653000116348267
      }
    ],
    [
      {
        "kind": "number",
        "value": 1.1754000186920166
      }
    ],
    [
      {
        "kind": "number",
        "value": 1.1797000169754028
      }
    ],
    [
      {
        "kind": "number",
        "value": 1.1699999570846558
      }
    ],
    [
      {
        "kind": "number",
        "value": 1.1640000343322754
      }
    ],
    [
      {
        "kind": "number",
        "value": 1.155500054359436
      }
    ],
    [
      {
        "kind": "number",
        "value": 1.1730999946594238
      }
    ],
    [
      {
        "kind": "number",
        "value": 1.1861000061035156
      }
    ],
    [
      {
        "kind": "number",
        "value": 1.1741000413894653
      }
    ],
    [
      {
        "kind": "number",
        "value": 1.1516000032424927
      }
    ],
    [
      {
        "kind": "number",
        "value": 1.1523000001907349
      }
    ],
    [
      {
        "kind": "number",
        "value": 1.1591999530792236
      }
    ],
    [
      {
        "kind": "number",
        "value": 1.1647000312805176
      }
    ],
    [
      {
        "kind": "number",
        "value": 1.169100046157837
      }
    ],
    [
      {
        "kind": "number",
        "value": 1.186400055885315
      }
    ],
    [
      {
        "kind": "number",
        "value": 1.1967999935150146
      }
    ],
    [
      {
        "kind": "number",
        "value": 1.1908999681472778
      }
    ],
    [
      {
        "kind": "number",
        "value": 1.1984000205993652
      }
    ],
    [
      {
        "kind": "number",
        "value": 1.1914000511169434
      }
    ],
    [
      {
        "kind": "number",
        "value": 1.190999984741211
      }
    ],
    [
      {
        "kind": "number",
        "value": 1.2009999752044678
      }
    ],
    [
      {
        "kind": "number",
        "value": 1.2041000127792358
      }
    ],
    [
      {
        "kind": "number",
        "value": 1.2107000350952148
      }
    ],
    [
      {
        "kind": "number",
        "value": 1.2231999635696411
      }
    ],
    [
      {
        "kind": "number",
        "value": 1.2007999420166016
      }
    ],
    [
      {
        "kind": "number",
        "value": 1.2029000520706177
      }
    ],
    [
      {
        "kind": "number",
        "value": 1.1871999502182007
      }
    ],
    [
      {
        "kind": "number",
        "value": 1.1850999593734741
      }
    ],
    [
      {
        "kind": "number",
        "value": 1.1926000118255615
      }
    ],
    [
      {
        "kind": "number",
        "value": 1.2139999866485596
      }
    ],
    [
      {
        "kind": "number",
        "value": 1.2204999923706055
      }
    ],
    [
      {
        "kind": "number",
        "value": 1.2252000570297241
      }
    ],
    [
      {
        "kind": "number",
        "value": 1.2336000204086304
      }
    ],
    [
      {
        "kind": "number",
        "value": 1.2755999565124512
      }
    ],
    [
      {
        "kind": "number",
        "value": 1.2699999809265137
      }
    ],
    [
      {
        "kind": "number",
        "value": 1.2452000379562378
      }
    ],
    [
      {
        "kind": "number",
        "value": 1.2347999811172485
      }
    ],
    [
      {
        "kind": "number",
        "value": 1.2301000356674194
      }
    ],
    [
      {
        "kind": "number",
        "value": 1.226199984550476
      }
    ],
    [
      {
        "kind": "number",
        "value": 1.2384999990463257
      }
    ],
    [
      {
        "kind": "number",
        "value": 1.228700041770935
      }
    ],
    [
      {
        "kind": "number",
        "value": 1.2276999950408936
      }
    ],
    [
      {
        "kind": "number",
        "value": 1.2263000011444092
      }
    ],
    [
      {
        "kind": "number",
        "value": 1.2324999570846558
      }
    ],
    [
      {
        "kind": "number",
        "value": 1.229200005531311
      }
    ],
    [
      {
        "kind": "number",
        "value": 1.232300043106079
      }
    ],
    [
      {
        "kind": "number",
        "value": 1.232300043106079
      }
    ],
    [
      {
        "kind": "number",
        "value": 1.2338000535964966
      }
    ],
    [
      {
        "kind": "number",
        "value": 1.2325999736785889
      }
    ],
    [
      {
        "kind": "number",
        "value": 1.2319999933242798
      }
    ],
    [
      {
        "kind": "number",
        "value": 1.2367000579833984
      }
    ],
    [
      {
        "kind": "number",
        "value": 1.246899962425232
      }
    ],
    [
      {
        "kind": "number",
        "value": 1.2483999729156494
      }
    ],
    [
      {
        "kind": "number",
        "value": 1.2480000257492065
      }
    ],
    [
      {
        "kind": "number",
        "value": 1.269700050354004
      }
    ],
    [
      {
        "kind": "number",
        "value": 1.2796000242233276
      }
    ],
    [
      {
        "kind": "number",
        "value": 1.2943999767303467
      }
    ],
    [
      {
        "kind": "number",
        "value": 1.3040000200271606
      }
    ],
    [
      {
        "kind": "number",
        "value": 1.323799967765808
      }
    ],
    [
      {
        "kind": "number",
        "value": 1.3035000562667847
      }
    ],
    [
      {
        "kind": "number",
        "value": 1.3144999742507935
      }
    ],
    [
      {
        "kind": "number",
        "value": 1.319000005722046
      }
    ],
    [
      {
        "kind": "number",
        "value": 1.3167999982833862
      }
    ],
    [
      {
        "kind": "number",
        "value": 1.320099949836731
      }
    ],
    [
      {
        "kind": "number",
        "value": 1.3240000009536743
      }
    ],
    [
      {
        "kind": "number",
        "value": 1.354699969291687
      }
    ],
    [
      {
        "kind": "number",
        "value": 1.3839999437332153
      }
    ],
    [
      {
        "kind": "number",
        "value": 1.3658000230789185
      }
    ],
    [
      {
        "kind": "number",
        "value": 1.375599980354309
      }
    ],
    [
      {
        "kind": "number",
        "value": 1.3675999641418457
      }
    ],
    [
      {
        "kind": "number",
        "value": 1.3525999784469604
      }
    ],
    [
      {
        "kind": "number",
        "value": 1.3574999570846558
      }
    ],
    [
      {
        "kind": "number",
        "value": 1.370300054550171
      }
    ],
    [
      {
        "kind": "number",
        "value": 1.3667000532150269
      }
    ],
    [
      {
        "kind": "number",
        "value": 1.3765000104904175
      }
    ],
    [
      {
        "kind": "number",
        "value": 1.3954999446868896
      }
    ],
    [
      {
        "kind": "number",
        "value": 1.406999945640564
      }
    ],
    [
      {
        "kind": "number",
        "value": 1.4042999744415283
      }
    ],
    [
      {
        "kind": "number",
        "value": 1.4009000062942505
      }
    ],
    [
      {
        "kind": "number",
        "value": 1.3878999948501587
      }
    ],
    [
      {
        "kind": "number",
        "value": 1.3756999969482422
      }
    ],
    [
      {
        "kind": "number",
        "value": 1.3898999691009521
      }
    ],
    [
      {
        "kind": "number",
        "value": 1.3808000087738037
      }
    ],
    [
      {
        "kind": "number",
        "value": 1.3884999752044678
      }
    ],
    [
      {
        "kind": "number",
        "value": 1.3873000144958496
      }
    ],
    [
      {
        "kind": "number",
        "value": 1.3884999752044678
      }
    ],
    [
      {
        "kind": "number",
        "value": 1.386299967765808
      }
    ],
    [
      {
        "kind": "number",
        "value": 1.3801000118255615
      }
    ],
    [
      {
        "kind": "number",
        "value": 1.3605999946594238
      }
    ],
    [
      {
        "kind": "number",
        "value": 1.3339999914169312
      }
    ],
    [
      {
        "kind": "number",
        "value": 1.3193999528884888
      }
    ],
    [
      {
        "kind": "number",
        "value": 1.319200038909912
      }
    ],
    [
      {
        "kind": "number",
        "value": 1.3410999774932861
      }
    ],
    [
      {
        "kind": "number",
        "value": 1.3387000560760498
      }
    ],
    [
      {
        "kind": "number",
        "value": 1.326200008392334
      }
    ],
    [
      {
        "kind": "number",
        "value": 1.325600028038025
      }
    ],
    [
      {
        "kind": "number",
        "value": 1.3154000043869019
      }
    ],
    [
      {
        "kind": "number",
        "value": 1.3097000122070313
      }
    ],
    [
      {
        "kind": "number",
        "value": 1.3166999816894531
      }
    ],
    [
      {
        "kind": "number",
        "value": 1.3075000047683716
      }
    ],
    [
      {
        "kind": "number",
        "value": 1.2855000495910645
      }
    ],
    [
      {
        "kind": "number",
        "value": 1.2682000398635864
      }
    ],
    [
      {
        "kind": "number",
        "value": 1.2491999864578247
      }
    ],
    [
      {
        "kind": "number",
        "value": 1.2352999448776245
      }
    ],
    [
      {
        "kind": "number",
        "value": 1.2373000383377075
      }
    ],
    [
      {
        "kind": "number",
        "value": 1.2175999879837036
      }
    ],
    [
      {
        "kind": "number",
        "value": 1.2074999809265137
      }
    ],
    [
      {
        "kind": "number",
        "value": 1.2237000465393066
      }
    ],
    [
      {
        "kind": "number",
        "value": 1.226699948310852
      }
    ],
    [
      {
        "kind": "number",
        "value": 1.2055000066757202
      }
    ],
    [
      {
        "kind": "number",
        "value": 1.2186000347137451
      }
    ],
    [
      {
        "kind": "number",
        "value": 1.1962000131607056
      }
    ],
    [
      {
        "kind": "number",
        "value": 1.1913000345230103
      }
    ],
    [
      {
        "kind": "number",
        "value": 1.1891000270843506
      }
    ],
    [
      {
        "kind": "number",
        "value": 1.1953999996185303
      }
    ],
    [
      {
        "kind": "number",
        "value": 1.1887999773025513
      }
    ],
    [
      {
        "kind": "number",
        "value": 1.1924999952316284
      }
    ],
    [
      {
        "kind": "number",
        "value": 1.1986000537872314
      }
    ],
    [
      {
        "kind": "number",
        "value": 1.1891000270843506
      }
    ],
    [
      {
        "kind": "number",
        "value": 1.1757999658584595
      }
    ],
    [
      {
        "kind": "number",
        "value": 1.182800054550171
      }
    ],
    [
      {
        "kind": "number",
        "value": 1.1749000549316406
      }
    ],
    [
      {
        "kind": "number",
        "value": 1.169700026512146
      }
    ],
    [
      {
        "kind": "number",
        "value": 1.1612999439239502
      }
    ],
    [
      {
        "kind": "number",
        "value": 1.1720000505447388
      }
    ],
    [
      {
        "kind": "number",
        "value": 1.1964999437332153
      }
    ],
    [
      {
        "kind": "number",
        "value": 1.1799999475479126
      }
    ],
    [
      {
        "kind": "number",
        "value": 1.1641000509262085
      }
    ],
    [
      {
        "kind": "number",
        "value": 1.1747000217437744
      }
    ],
    [
      {
        "kind": "number",
        "value": 1.1729999780654907
      }
    ],
    [
      {
        "kind": "number",
        "value": 1.156999945640564
      }
    ],
    [
      {
        "kind": "number",
        "value": 1.1447999477386475
      }
    ],
    [
      {
        "kind": "number",
        "value": 1.1583000421524048
      }
    ],
    [
      {
        "kind": "number",
        "value": 1.159999966621399
      }
    ],
    [
      {
        "kind": "number",
        "value": 1.1634999513626099
      }
    ],
    [
      {
        "kind": "number",
        "value": 1.1603000164031982
      }
    ],
    [
      {
        "kind": "number",
        "value": 1.156000018119812
      }
    ],
    [
      {
        "kind": "number",
        "value": 1.1548999547958374
      }
    ],
    [
      {
        "kind": "number",
        "value": 1.1571999788284302
      }
    ],
    [
      {
        "kind": "number",
        "value": 1.153499960899353
      }
    ],
    [
      {
        "kind": "number",
        "value": 1.149899959564209
      }
    ],
    [
      {
        "kind": "number",
        "value": 1.1439000368118286
      }
    ],
    [
      {
        "kind": "number",
        "value": 1.1492999792099
      }
    ],
    [
      {
        "kind": "number",
        "value": 1.1452000141143799
      }
    ],
    [
      {
        "kind": "number",
        "value": 1.1369999647140503
      }
    ],
    [
      {
        "kind": "number",
        "value": 1.1279000043869019
      }
    ],
    [
      {
        "kind": "number",
        "value": 1.1302000284194946
      }
    ],
    [
      {
        "kind": "number",
        "value": 1.1467000246047974
      }
    ],
    [
      {
        "kind": "number",
        "value": 1.157099962234497
      }
    ],
    [
      {
        "kind": "number",
        "value": 1.1825000047683716
      }
    ],
    [
      {
        "kind": "number",
        "value": 1.1928000450134277
      }
    ],
    [
      {
        "kind": "number",
        "value": 1.187399983406067
      }
    ],
    [
      {
        "kind": "number",
        "value": 1.1991000175476074
      }
    ],
    [
      {
        "kind": "number",
        "value": 1.1959999799728394
      }
    ],
    [
      {
        "kind": "number",
        "value": 1.1923999786376953
      }
    ],
    [
      {
        "kind": "number",
        "value": 1.1907000541687012
      }
    ],
    [
      {
        "kind": "number",
        "value": 1.222499966621399
      }
    ],
    [
      {
        "kind": "number",
        "value": 1.245300054550171
      }
    ],
    [
      {
        "kind": "number",
        "value": 1.2674000263214111
      }
    ],
    [
      {
        "kind": "number",
        "value": 1.2725000381469727
      }
    ],
    [
      {
        "kind": "number",
        "value": 1.277899980545044
      }
    ],
    [
      {
        "kind": "number",
        "value": 1.260200023651123
      }
    ],
    [
      {
        "kind": "number",
        "value": 1.2470999956130981
      }
    ],
    [
      {
        "kind": "number",
        "value": 1.2620999813079834
      }
    ],
    [
      {
        "kind": "number",
        "value": 1.2697999477386475
      }
    ],
    [
      {
        "kind": "number",
        "value": 1.2789000272750854
      }
    ],
    [
      {
        "kind": "number",
        "value": 1.281999945640564
      }
    ],
    [
      {
        "kind": "number",
        "value": 1.3079999685287476
      }
    ],
    [
      {
        "kind": "number",
        "value": 1.3214999437332153
      }
    ],
    [
      {
        "kind": "number",
        "value": 1.326300024986267
      }
    ],
    [
      {
        "kind": "number",
        "value": 1.3173999786376953
      }
    ],
    [
      {
        "kind": "number",
        "value": 1.3308000564575195
      }
    ],
    [
      {
        "kind": "number",
        "value": 1.3172999620437622
      }
    ],
    [
      {
        "kind": "number",
        "value": 1.3423999547958374
      }
    ],
    [
      {
        "kind": "number",
        "value": 1.364400029182434
      }
    ],
    [
      {
        "kind": "number",
        "value": 1.3830000162124634
      }
    ],
    [
      {
        "kind": "number",
        "value": 1.3808000087738037
      }
    ],
    [
      {
        "kind": "number",
        "value": 1.3835999965667725
      }
    ],
    [
      {
        "kind": "number",
        "value": 1.382599949836731
      }
    ],
    [
      {
        "kind": "number",
        "value": 1.3782999515533447
      }
    ],
    [
      {
        "kind": "number",
        "value": 1.3539999723434448
      }
    ],
    [
      {
        "kind": "number",
        "value": 1.3502999544143677
      }
    ],
    [
      {
        "kind": "number",
        "value": 1.3646999597549438
      }
    ],
    [
      {
        "kind": "number",
        "value": 1.389299988746643
      }
    ],
    [
      {
        "kind": "number",
        "value": 1.4132000207901
      }
    ],
    [
      {
        "kind": "number",
        "value": 1.4005000591278076
      }
    ],
    [
      {
        "kind": "number",
        "value": 1.4076999425888062
      }
    ],
    [
      {
        "kind": "number",
        "value": 1.3761999607086182
      }
    ],
    [
      {
        "kind": "number",
        "value": 1.3609000444412231
      }
    ],
    [
      {
        "kind": "number",
        "value": 1.377500057220459
      }
    ],
    [
      {
        "kind": "number",
        "value": 1.361199975013733
      }
    ],
    [
      {
        "kind": "number",
        "value": 1.3552000522613525
      }
    ],
    [
      {
        "kind": "number",
        "value": 1.3509000539779663
      }
    ],
    [
      {
        "kind": "number",
        "value": 1.3458000421524048
      }
    ],
    [
      {
        "kind": "number",
        "value": 1.3533999919891357
      }
    ],
    [
      {
        "kind": "number",
        "value": 1.3693000078201294
      }
    ],
    [
      {
        "kind": "number",
        "value": 1.3668999671936035
      }
    ],
    [
      {
        "kind": "number",
        "value": 1.3752000331878662
      }
    ],
    [
      {
        "kind": "number",
        "value": 1.3655999898910522
      }
    ],
    [
      {
        "kind": "number",
        "value": 1.3592000007629395
      }
    ],
    [
      {
        "kind": "number",
        "value": 1.3693000078201294
      }
    ],
    [
      {
        "kind": "number",
        "value": 1.3658000230789185
      }
    ],
    [
      {
        "kind": "number",
        "value": 1.3696999549865723
      }
    ],
    [
      {
        "kind": "number",
        "value": 1.3722000122070313
      }
    ],
    [
      {
        "kind": "number",
        "value": 1.3694000244140625
      }
    ],
    [
      {
        "kind": "number",
        "value": 1.3508000373840332
      }
    ],
    [
      {
        "kind": "number",
        "value": 1.3380999565124512
      }
    ],
    [
      {
        "kind": "number",
        "value": 1.3622000217437744
      }
    ],
    [
      {
        "kind": "number",
        "value": 1.3494000434875488
      }
    ],
    [
      {
        "kind": "number",
        "value": 1.3555999994277954
      }
    ],
    [
      {
        "kind": "number",
        "value": 1.372499942779541
      }
    ],
    [
      {
        "kind": "number",
        "value": 1.3941999673843384
      }
    ],
    [
      {
        "kind": "number",
        "value": 1.3803999423980713
      }
    ],
    [
      {
        "kind": "number",
        "value": 1.3842999935150146
      }
    ],
    [
      {
        "kind": "number",
        "value": 1.377500057220459
      }
    ],
    [
      {
        "kind": "number",
        "value": 1.3904999494552612
      }
    ],
    [
      {
        "kind": "number",
        "value": 1.3871999979019165
      }
    ],
    [
      {
        "kind": "number",
        "value": 1.3868999481201172
      }
    ],
    [
      {
        "kind": "number",
        "value": 1.4127999544143677
      }
    ],
    [
      {
        "kind": "number",
        "value": 1.4270999431610107
      }
    ],
    [
      {
        "kind": "number",
        "value": 1.4408999681472778
      }
    ],
    [
      {
        "kind": "number",
        "value": 1.43340003490448
      }
    ],
    [
      {
        "kind": "number",
        "value": 1.416599988937378
      }
    ],
    [
      {
        "kind": "number",
        "value": 1.429800033569336
      }
    ],
    [
      {
        "kind": "number",
        "value": 1.445199966430664
      }
    ],
    [
      {
        "kind": "number",
        "value": 1.465499997138977
      }
    ],
    [
      {
        "kind": "number",
        "value": 1.486899971961975
      }
    ],
    [
      {
        "kind": "number",
        "value": 1.534600019454956
      }
    ],
    [
      {
        "kind": "number",
        "value": 1.5218000411987305
      }
    ],
    [
      {
        "kind": "number",
        "value": 1.545199990272522
      }
    ],
    [
      {
        "kind": "number",
        "value": 1.5404000282287598
      }
    ],
    [
      {
        "kind": "number",
        "value": 1.5433000326156616
      }
    ],
    [
      {
        "kind": "number",
        "value": 1.5194000005722046
      }
    ],
    [
      {
        "kind": "number",
        "value": 1.4976999759674072
      }
    ],
    [
      {
        "kind": "number",
        "value": 1.5176000595092773
      }
    ],
    [
      {
        "kind": "number",
        "value": 1.4881000518798828
      }
    ],
    [
      {
        "kind": "number",
        "value": 1.4610999822616577
      }
    ],
    [
      {
        "kind": "number",
        "value": 1.469499945640564
      }
    ],
    [
      {
        "kind": "number",
        "value": 1.4889999628067017
      }
    ],
    [
      {
        "kind": "number",
        "value": 1.4931999444961548
      }
    ],
    [
      {
        "kind": "number",
        "value": 1.4771000146865845
      }
    ],
    [
      {
        "kind": "number",
        "value": 1.4775999784469604
      }
    ],
    [
      {
        "kind": "number",
        "value": 1.4673999547958374
      }
    ],
    [
      {
        "kind": "number",
        "value": 1.4722000360488892
      }
    ],
    [
      {
        "kind": "number",
        "value": 1.4486000537872314
      }
    ],
    [
      {
        "kind": "number",
        "value": 1.451200008392334
      }
    ],
    [
      {
        "kind": "number",
        "value": 1.460800051689148
      }
    ],
    [
      {
        "kind": "number",
        "value": 1.4688999652862549
      }
    ],
    [
      {
        "kind": "number",
        "value": 1.4957000017166138
      }
    ],
    [
      {
        "kind": "number",
        "value": 1.4769999980926514
      }
    ],
    [
      {
        "kind": "number",
        "value": 1.4778000116348267
      }
    ],
    [
      {
        "kind": "number",
        "value": 1.482800006866455
      }
    ],
    [
      {
        "kind": "number",
        "value": 1.4864000082015991
      }
    ],
    [
      {
        "kind": "number",
        "value": 1.5125000476837158
      }
    ],
    [
      {
        "kind": "number",
        "value": 1.5426000356674194
      }
    ],
    [
      {
        "kind": "number",
        "value": 1.5219000577926636
      }
    ],
    [
      {
        "kind": "number",
        "value": 1.5032000541687012
      }
    ],
    [
      {
        "kind": "number",
        "value": 1.5216000080108643
      }
    ],
    [
      {
        "kind": "number",
        "value": 1.5586999654769897
      }
    ],
    [
      {
        "kind": "number",
        "value": 1.557800054550171
      }
    ],
    [
      {
        "kind": "number",
        "value": 1.541100025177002
      }
    ],
    [
      {
        "kind": "number",
        "value": 1.5245000123977661
      }
    ],
    [
      {
        "kind": "number",
        "value": 1.5307999849319458
      }
    ],
    [
      {
        "kind": "number",
        "value": 1.5398999452590942
      }
    ],
    [
      {
        "kind": "number",
        "value": 1.5678999423980713
      }
    ],
    [
      {
        "kind": "number",
        "value": 1.5716999769210815
      }
    ],
    [
      {
        "kind": "number",
        "value": 1.5922000408172607
      }
    ],
    [
      {
        "kind": "number",
        "value": 1.5787999629974365
      }
    ],
    [
      {
        "kind": "number",
        "value": 1.5996999740600586
      }
    ],
    [
      {
        "kind": "number",
        "value": 1.5964000225067139
      }
    ],
    [
      {
        "kind": "number",
        "value": 1.5877000093460083
      }
    ],
    [
      {
        "kind": "number",
        "value": 1.5815000534057617
      }
    ],
    [
      {
        "kind": "number",
        "value": 1.5501999855041504
      }
    ],
    [
      {
        "kind": "number",
        "value": 1.5318000316619873
      }
    ],
    [
      {
        "kind": "number",
        "value": 1.5456000566482544
      }
    ],
    [
      {
        "kind": "number",
        "value": 1.5693999528884888
      }
    ],
    [
      {
        "kind": "number",
        "value": 1.5760999917984009
      }
    ],
    [
      {
        "kind": "number",
        "value": 1.5779999494552612
      }
    ],
    [
      {
        "kind": "number",
        "value": 1.5714999437332153
      }
    ],
    [
      {
        "kind": "number",
        "value": 1.5592000484466553
      }
    ],
    [
      {
        "kind": "number",
        "value": 1.5413999557495117
      }
    ],
    [
      {
        "kind": "number",
        "value": 1.5120999813079834
      }
    ],
    [
      {
        "kind": "number",
        "value": 1.476099967956543
      }
    ],
    [
      {
        "kind": "number",
        "value": 1.4581999778747559
      }
    ],
    [
      {
        "kind": "number",
        "value": 1.3839999437332153
      }
    ],
    [
      {
        "kind": "number",
        "value": 1.3524999618530273
      }
    ],
    [
      {
        "kind": "number",
        "value": 1.382099986076355
      }
    ],
    [
      {
        "kind": "number",
        "value": 1.396299958229065
      }
    ],
    [
      {
        "kind": "number",
        "value": 1.3633999824523926
      }
    ],
    [
      {
        "kind": "number",
        "value": 1.322100043296814
      }
    ],
    [
      {
        "kind": "number",
        "value": 1.312999963760376
      }
    ],
    [
      {
        "kind": "number",
        "value": 1.3128000497817993
      }
    ],
    [
      {
        "kind": "number",
        "value": 1.295799970626831
      }
    ],
    [
      {
        "kind": "number",
        "value": 1.3299000263214111
      }
    ],
    [
      {
        "kind": "number",
        "value": 1.3286000490188599
      }
    ],
    [
      {
        "kind": "number",
        "value": 1.3420000076293945
      }
    ],
    [
      {
        "kind": "number",
        "value": 1.3789000511169434
      }
    ],
    [
      {
        "kind": "number",
        "value": 1.357800006866455
      }
    ],
    [
      {
        "kind": "number",
        "value": 1.3224999904632568
      }
    ],
    [
      {
        "kind": "number",
        "value": 1.3127000331878662
      }
    ],
    [
      {
        "kind": "number",
        "value": 1.288100004196167
      }
    ],
    [
      {
        "kind": "number",
        "value": 1.246899962425232
      }
    ],
    [
      {
        "kind": "number",
        "value": 1.1967999935150146
      }
    ],
    [
      {
        "kind": "number",
        "value": 1.2188999652862549
      }
    ],
    [
      {
        "kind": "number",
        "value": 1.2247999906539917
      }
    ],
    [
      {
        "kind": "number",
        "value": 1.2401000261306763
      }
    ],
    [
      {
        "kind": "number",
        "value": 1.215999960899353
      }
    ],
    [
      {
        "kind": "number",
        "value": 1.2359000444412231
      }
    ],
    [
      {
        "kind": "number",
        "value": 1.2554999589920044
      }
    ],
    [
      {
        "kind": "number",
        "value": 1.2402000427246094
      }
    ],
    [
      {
        "kind": "number",
        "value": 1.2229000329971313
      }
    ],
    [
      {
        "kind": "number",
        "value": 1.204300045967102
      }
    ],
    [
      {
        "kind": "number",
        "value": 1.1777000427246094
      }
    ],
    [
      {
        "kind": "number",
        "value": 1.17739999294281
      }
    ],
    [
      {
        "kind": "number",
        "value": 1.18149995803833
      }
    ],
    [
      {
        "kind": "number",
        "value": 1.1614999771118164
      }
    ],
    [
      {
        "kind": "number",
        "value": 1.1571999788284302
      }
    ],
    [
      {
        "kind": "number",
        "value": 1.148900032043457
      }
    ],
    [
      {
        "kind": "number",
        "value": 1.1572999954223633
      }
    ],
    [
      {
        "kind": "number",
        "value": 1.1440999507904053
      }
    ],
    [
      {
        "kind": "number",
        "value": 1.1100000143051147
      }
    ],
    [
      {
        "kind": "number",
        "value": 1.113700032234192
      }
    ],
    [
      {
        "kind": "number",
        "value": 1.1294000148773193
      }
    ],
    [
      {
        "kind": "number",
        "value": 1.1181999444961548
      }
    ],
    [
      {
        "kind": "number",
        "value": 1.1160999536514282
      }
    ],
    [
      {
        "kind": "number",
        "value": 1.128499984741211
      }
    ],
    [
      {
        "kind": "number",
        "value": 1.1359000205993652
      }
    ],
    [
      {
        "kind": "number",
        "value": 1.1532000303268433
      }
    ],
    [
      {
        "kind": "number",
        "value": 1.176300048828125
      }
    ]
  ]
}
