---
source: tests/fixtures_snapshot.rs
expression: snapshot.clone()
---
{
  "columns": [
    "x1",
    "x2",
    "x3",
    "x4",
    "x5",
    "x6",
    "x7",
    "x8",
    "x9",
    "x10",
    "x11",
    "x12",
    "x13",
    "x14",
    "x15",
    "x16",
    "x17",
    "x18",
    "x19",
    "x20",
    "x21"
  ],
  "row_count": 50,
  "rows": [
    [
      {
        "kind": "number",
        "value": 1.0
      },
      {
        "kind": "number",
        "value": 1.1
      },
      {
        "kind": "string",
        "value": "AAAAAAAA"
      },
      {
        "kind": "number",
        "value": 1.1
      },
      {
        "kind": "number",
        "value": 1.1
      },
      {
        "kind": "number",
        "value": 1.1
      },
      {
        "kind": "number",
        "value": 1.1
      },
      {
        "kind": "number",
        "value": 1.1
      },
      {
        "kind": "number",
        "value": 1.1
      },
      {
        "kind": "number",
        "value": 1.1
      },
      {
        "kind": "number",
        "value": 1.1
      },
      {
        "kind": "number",
        "value": 1.1
      },
      {
        "kind": "number",
        "value": 1.1
      },
      {
        "kind": "number",
        "value": 1.1
      },
      {
        "kind": "number",
        "value": 31626061.0
      },
      {
        "kind": "number",
        "value": 31625961.0
      },
      {
        "kind": "number",
        "value": 31627061.0
      },
      {
        "kind": "number",
        "value": 31616061.0
      },
      {
        "kind": "number",
        "value": 31636061.0
      },
      {
        "kind": "number",
        "value": 31526061.0
      },
      {
        "kind": "number",
        "value": 31726061.0
      }
    ],
    [
      {
        "kind": "number",
        "value": 2.0
      },
      {
        "kind": "number",
        "value": 1.0625
      },
      {
        "kind": "string",
        "value": "BBBBBBBB"
      },
      {
        "kind": "number",
        "value": 1.06640625
      },
      {
        "kind": "number",
        "value": 1.066650390625
      },
      {
        "kind": "number",
        "value": 1.0666656494140625
      },
      {
        "kind": "number",
        "value": 1.125
      },
      {
        "kind": "number",
        "value": 1.1875
      },
      {
        "kind": "number",
        "value": 1.25
      },
      {
        "kind": "number",
        "value": 1.3125
      },
      {
        "kind": "number",
        "value": 1.375
      },
      {
        "kind": "number",
        "value": 1.4375
      },
      {
        "kind": "number",
        "value": 1.5
      },
      {
        "kind": "number",
        "value": 1.5625
      },
      {
        "kind": "number",
        "value": 378784922.0
      },
      {
        "kind": "number",
        "value": 378784822.0
      },
      {
        "kind": "number",
        "value": 378785922.0
      },
      {
        "kind": "number",
        "value": 378774922.0
      },
      {
        "kind": "number",
        "value": 378794922.0
      },
      {
        "kind": "number",
        "value": 378684922.0
      },
      {
        "kind": "number",
        "value": 378884922.0
      }
    ],
    [
      {
        "kind": "number",
        "value": 3.0
      },
      {
        "kind": "number",
        "value": 1.066666
      },
      {
        "kind": "string",
        "value": "CCCC"
      },
      {
        "kind": "number",
        "value": 1.066666
      },
      {
        "kind": "number",
        "value": 1.066666
      },
      {
        "kind": "number",
        "value": 1.066666
      },
      {
        "kind": "number",
        "value": 1.129166
      },
      {
        "kind": "number",
        "value": 1.191666
      },
      {
        "kind": "number",
        "value": 1.254166
      },
      {
        "kind": "number",
        "value": 1.316666
      },
      {
        "kind": "number",
        "value": 1.379166
      },
      {
        "kind": "number",
        "value": 1.441666
      },
      {
        "kind": "number",
        "value": 1.504166
      },
      {
        "kind": "number",
        "value": 1.566666
      },
      {
        "kind": "number",
        "value": 726030183.0
      },
      {
        "kind": "number",
        "value": 726030083.0
      },
      {
        "kind": "number",
        "value": 726031183.0
      },
      {
        "kind": "number",
        "value": 726020183.0
      },
      {
        "kind": "number",
        "value": 726040183.0
      },
      {
        "kind": "number",
        "value": 725930183.0
      },
      {
        "kind": "number",
        "value": 726130183.0
      }
    ],
    [
      {
        "kind": "number",
        "value": 4.0
      },
      {
        "kind": "number",
        "value": 1.0708333333333333
      },
      {
        "kind": "string",
        "value": "DDD"
      },
      {
        "kind": "number",
        "value": 1.0669270833333
      },
      {
        "kind": "number",
        "value": 1.0666829427083333
      },
      {
        "kind": "number",
        "value": 1.066667683919
      },
      {
        "kind": "number",
        "value": 1.13333333333333
      },
      {
        "kind": "number",
        "value": 1.195833333333333
      },
      {
        "kind": "number",
        "value": 1.25833333333333
      },
      {
        "kind": "number",
        "value": 1.32083333333333
      },
      {
        "kind": "number",
        "value": 1.32083333333333
      },
      {
        "kind": "number",
        "value": 1.445833333333333
      },
      {
        "kind": "number",
        "value": 1.508333333333333
      },
      {
        "kind": "number",
        "value": 1.570833333333333
      },
      {
        "kind": "number",
        "value": 1073275444.0
      },
      {
        "kind": "number",
        "value": 1073275344.0
      },
      {
        "kind": "number",
        "value": 1073276444.0
      },
      {
        "kind": "number",
        "value": 1073265444.0
      },
      {
        "kind": "number",
        "value": 1073285444.0
      },
      {
        "kind": "number",
        "value": 1073175444.0
      },
      {
        "kind": "number",
        "value": 1073375444.0
      }
    ],
    [
      {
        "kind": "number",
        "value": 5.0
      },
      {
        "kind": "number",
        "value": 1.125
      },
      {
        "kind": "string",
        "value": "EEE"
      },
      {
        "kind": "number",
        "value": 1.0703125
      },
      {
        "kind": "number",
        "value": 1.06689453124999
      },
      {
        "kind": "number",
        "value": 1.066680908203
      },
      {
        "kind": "number",
        "value": 1.1875
      },
      {
        "kind": "number",
        "value": 1.25
      },
      {
        "kind": "number",
        "value": 1.3125
      },
      {
        "kind": "number",
        "value": 1.375
      },
      {
        "kind": "number",
        "value": 1.4375
      },
      {
        "kind": "number",
        "value": 1.5
      },
      {
        "kind": "number",
        "value": 1.5625
      },
      {
        "kind": "number",
        "value": 2.0522684006491
      },
      {
        "kind": "number",
        "value": 1262649600.0
      },
      {
        "kind": "number",
        "value": 1262649500.0
      },
      {
        "kind": "number",
        "value": 1262650600.0
      },
      {
        "kind": "number",
        "value": 1262639600.0
      },
      {
        "kind": "number",
        "value": 1262659600.0
      },
      {
        "kind": "number",
        "value": 1262549600.0
      },
      {
        "kind": "number",
        "value": 1262749600.0
      }
    ],
    [
      {
        "kind": "number",
        "value": 6.0
      },
      {
        "kind": "number",
        "value": 0.11
      },
      {
        "kind": "string",
        "value": "FFF"
      },
      {
        "kind": "number",
        "value": 0.11
      },
      {
        "kind": "number",
        "value": 0.11
      },
      {
        "kind": "number",
        "value": 0.11
      },
      {
        "kind": "number",
        "value": 0.11
      },
      {
        "kind": "number",
        "value": 0.11
      },
      {
        "kind": "number",
        "value": 0.11
      },
      {
        "kind": "number",
        "value": 0.11
      },
      {
        "kind": "number",
        "value": 0.11
      },
      {
        "kind": "number",
        "value": 0.11
      },
      {
        "kind": "number",
        "value": 0.11
      },
      {
        "kind": "number",
        "value": 0.11
      },
      {
        "kind": "number",
        "value": 1294362061.0
      },
      {
        "kind": "number",
        "value": 1294361961.0
      },
      {
        "kind": "number",
        "value": 1294363061.0
      },
      {
        "kind": "number",
        "value": 1294352061.0
      },
      {
        "kind": "number",
        "value": 1294372061.0
      },
      {
        "kind": "number",
        "value": 1294262061.0
      },
      {
        "kind": "number",
        "value": 1294462061.0
      }
    ],
    [
      {
        "kind": "number",
        "value": 7.0
      },
      {
        "kind": "number",
        "value": 1.1
      },
      {
        "kind": "string",
        "value": "GGG"
      },
      {
        "kind": "number",
        "value": 0.11
      },
      {
        "kind": "number",
        "value": 0.011
      },
      {
        "kind": "number",
        "value": 0.0011
      },
      {
        "kind": "number",
        "value": 0.00011
      },
      {
        "kind": "number",
        "value": 0.000011
      },
      {
        "kind": "number",
        "value": 0.0000011
      },
      {
        "kind": "number",
        "value": 0.011
      },
      {
        "kind": "number",
        "value": 0.0011
      },
      {
        "kind": "number",
        "value": 0.00011
      },
      {
        "kind": "number",
        "value": 0.000011
      },
      {
        "kind": "number",
        "value": 0.0000011
      },
      {
        "kind": "number",
        "value": 1325988122.0
      },
      {
        "kind": "number",
        "value": 1325988022.0
      },
      {
        "kind": "number",
        "value": 1325989122.0
      },
      {
        "kind": "number",
        "value": 1325978122.0
      },
      {
        "kind": "number",
        "value": 1325998122.0
      },
      {
        "kind": "number",
        "value": 1325888122.0
      },
      {
        "kind": "number",
        "value": 1326088122.0
      }
    ],
    [
      {
        "kind": "number",
        "value": 8.0
      },
      {
        "kind": "number",
        "value": 2.2
      },
      {
        "kind": "string",
        "value": "HHH"
      },
      {
        "kind": "number",
        "value": 0.22
      },
      {
        "kind": "number",
        "value": 0.022
      },
      {
        "kind": "number",
        "value": 0.0022
      },
      {
        "kind": "number",
        "value": 0.00022
      },
      {
        "kind": "number",
        "value": 0.000022
      },
      {
        "kind": "number",
        "value": 0.0000022
      },
      {
        "kind": "number",
        "value": 0.022
      },
      {
        "kind": "number",
        "value": 0.0022
      },
      {
        "kind": "number",
        "value": 0.00022
      },
      {
        "kind": "number",
        "value": 0.000022
      },
      {
        "kind": "number",
        "value": 0.0000022
      },
      {
        "kind": "number",
        "value": 1357632488.0
      },
      {
        "kind": "number",
        "value": 1357632388.0
      },
      {
        "kind": "number",
        "value": 1357633488.0
      },
      {
        "kind": "number",
        "value": 1357622488.0
      },
      {
        "kind": "number",
        "value": 1357642488.0
      },
      {
        "kind": "number",
        "value": 1357532488.0
      },
      {
        "kind": "number",
        "value": 1357732488.0
      }
    ],
    [
      {
        "kind": "number",
        "value": 9.0
      },
      {
        "kind": "number",
        "value": 3.3
      },
      {
        "kind": "string",
        "value": "III"
      },
      {
        "kind": "number",
        "value": 0.33
      },
      {
        "kind": "number",
        "value": 0.033
      },
      {
        "kind": "number",
        "value": 0.0033
      },
      {
        "kind": "number",
        "value": 0.00033
      },
      {
        "kind": "number",
        "value": 0.000033
      },
      {
        "kind": "number",
        "value": 0.0000033
      },
      {
        "kind": "number",
        "value": 0.033
      },
      {
        "kind": "number",
        "value": 0.0033
      },
      {
        "kind": "number",
        "value": 0.00033
      },
      {
        "kind": "number",
        "value": 0.000033
      },
      {
        "kind": "number",
        "value": 0.0000033
      },
      {
        "kind": "number",
        "value": 1389258549.0
      },
      {
        "kind": "number",
        "value": 1389258449.0
      },
      {
        "kind": "number",
        "value": 1389259549.0
      },
      {
        "kind": "number",
        "value": 1389248549.0
      },
      {
        "kind": "number",
        "value": 1389268549.0
      },
      {
        "kind": "number",
        "value": 1389158549.0
      },
      {
        "kind": "number",
        "value": 1389358549.0
      }
    ],
    [
      {
        "kind": "number",
        "value": 10.0
      },
      {
        "kind": "number",
        "value": 4.4
      },
      {
        "kind": "string",
        "value": "JJJ"
      },
      {
        "kind": "number",
        "value": 0.44
      },
      {
        "kind": "number",
        "value": 0.044
      },
      {
        "kind": "number",
        "value": 0.0044
      },
      {
        "kind": "number",
        "value": 0.00044
      },
      {
        "kind": "number",
        "value": 0.000044
      },
      {
        "kind": "number",
        "value": 0.0000044
      },
      {
        "kind": "number",
        "value": 0.044
      },
      {
        "kind": "number",
        "value": 0.0044
      },
      {
        "kind": "number",
        "value": 0.00044
      },
      {
        "kind": "number",
        "value": 0.000044
      },
      {
        "kind": "number",
        "value": 0.0000044
      },
      {
        "kind": "number",
        "value": 1420971010.0
      },
      {
        "kind": "number",
        "value": 1420970910.0
      },
      {
        "kind": "number",
        "value": 1420972010.0
      },
      {
        "kind": "number",
        "value": 1420961010.0
      },
      {
        "kind": "number",
        "value": 1420981010.0
      },
      {
        "kind": "number",
        "value": 1420871010.0
      },
      {
        "kind": "number",
        "value": 1421071010.0
      }
    ],
    [
      {
        "kind": "number",
        "value": 11.0
      },
      {
        "kind": "number",
        "value": 5.5
      },
      {
        "kind": "string",
        "value": "KKK"
      },
      {
        "kind": "number",
        "value": 0.55
      },
      {
        "kind": "number",
        "value": 0.055
      },
      {
        "kind": "number",
        "value": 0.0055
      },
      {
        "kind": "number",
        "value": 0.00055
      },
      {
        "kind": "number",
        "value": 0.000055
      },
      {
        "kind": "number",
        "value": 0.0000055
      },
      {
        "kind": "number",
        "value": 0.055
      },
      {
        "kind": "number",
        "value": 0.0055
      },
      {
        "kind": "number",
        "value": 0.00055
      },
      {
        "kind": "number",
        "value": 0.000055
      },
      {
        "kind": "number",
        "value": 0.0000055
      },
      {
        "kind": "number",
        "value": 1452597071.0
      },
      {
        "kind": "number",
        "value": 1452596971.0
      },
      {
        "kind": "number",
        "value": 1452598071.0
      },
      {
        "kind": "number",
        "value": 1452587071.0
      },
      {
        "kind": "number",
        "value": 1452607071.0
      },
      {
        "kind": "number",
        "value": 1452497071.0
      },
      {
        "kind": "number",
        "value": 1452697071.0
      }
    ],
    [
      {
        "kind": "number",
        "value": 12.0
      },
      {
        "kind": "number",
        "value": 6.6
      },
      {
        "kind": "string",
        "value": "LLL"
      },
      {
        "kind": "number",
        "value": 0.66
      },
      {
        "kind": "number",
        "value": 0.066
      },
      {
        "kind": "number",
        "value": 0.0066
      },
      {
        "kind": "number",
        "value": 0.00066
      },
      {
        "kind": "number",
        "value": 0.000066
      },
      {
        "kind": "number",
        "value": 0.0000066
      },
      {
        "kind": "number",
        "value": 0.066
      },
      {
        "kind": "number",
        "value": 0.0066
      },
      {
        "kind": "number",
        "value": 0.00066
      },
      {
        "kind": "number",
        "value": 0.000066
      },
      {
        "kind": "number",
        "value": 0.0000066
      },
      {
        "kind": "number",
        "value": 1484223132.0
      },
      {
        "kind": "number",
        "value": 1484223032.0
      },
      {
        "kind": "number",
        "value": 1484224132.0
      },
      {
        "kind": "number",
        "value": 1484213132.0
      },
      {
        "kind": "number",
        "value": 1484233132.0
      },
      {
        "kind": "number",
        "value": 1484123132.0
      },
      {
        "kind": "number",
        "value": 1484323132.0
      }
    ],
    [
      {
        "kind": "number",
        "value": 13.0
      },
      {
        "kind": "number",
        "value": 7.7
      },
      {
        "kind": "string",
        "value": "MMM"
      },
      {
        "kind": "number",
        "value": 0.77
      },
      {
        "kind": "number",
        "value": 0.077
      },
      {
        "kind": "number",
        "value": 0.0077
      },
      {
        "kind": "number",
        "value": 0.00077
      },
      {
        "kind": "number",
        "value": 0.000077
      },
      {
        "kind": "number",
        "value": 0.0000077
      },
      {
        "kind": "number",
        "value": 0.077
      },
      {
        "kind": "number",
        "value": 0.0077
      },
      {
        "kind": "number",
        "value": 0.00077
      },
      {
        "kind": "number",
        "value": 0.000077
      },
      {
        "kind": "number",
        "value": 0.0000077
      },
      {
        "kind": "number",
        "value": 1515849193.0
      },
      {
        "kind": "number",
        "value": 1515849093.0
      },
      {
        "kind": "number",
        "value": 1515850193.0
      },
      {
        "kind": "number",
        "value": 1515839193.0
      },
      {
        "kind": "number",
        "value": 1515859193.0
      },
      {
        "kind": "number",
        "value": 1515749193.0
      },
      {
        "kind": "number",
        "value": 1515949193.0
      }
    ],
    [
      {
        "kind": "number",
        "value": 14.0
      },
      {
        "kind": "number",
        "value": 8.8
      },
      {
        "kind": "string",
        "value": "NNN"
      },
      {
        "kind": "number",
        "value": 0.88
      },
      {
        "kind": "number",
        "value": 0.088
      },
      {
        "kind": "number",
        "value": 0.0088
      },
      {
        "kind": "number",
        "value": 0.00088
      },
      {
        "kind": "number",
        "value": 0.000088
      },
      {
        "kind": "number",
        "value": 0.0000088
      },
      {
        "kind": "number",
        "value": 0.088
      },
      {
        "kind": "number",
        "value": 0.0088
      },
      {
        "kind": "number",
        "value": 0.00088
      },
      {
        "kind": "number",
        "value": 0.000088
      },
      {
        "kind": "number",
        "value": 0.0000088
      },
      {
        "kind": "number",
        "value": 1547561654.0
      },
      {
        "kind": "number",
        "value": 1547561554.0
      },
      {
        "kind": "number",
        "value": 1547562654.0
      },
      {
        "kind": "number",
        "value": 1547551654.0
      },
      {
        "kind": "number",
        "value": 1547571654.0
      },
      {
        "kind": "number",
        "value": 1547461654.0
      },
      {
        "kind": "number",
        "value": 1547661654.0
      }
    ],
    [
      {
        "kind": "number",
        "value": 15.0
      },
      {
        "kind": "number",
        "value": 9.9
      },
      {
        "kind": "string",
        "value": "OOO"
      },
      {
        "kind": "number",
        "value": 0.99
      },
      {
        "kind": "number",
        "value": 0.099
      },
      {
        "kind": "number",
        "value": 0.0099
      },
      {
        "kind": "number",
        "value": 0.00099
      },
      {
        "kind": "number",
        "value": 0.000099
      },
      {
        "kind": "number",
        "value": 0.0000099
      },
      {
        "kind": "number",
        "value": 0.099
      },
      {
        "kind": "number",
        "value": 0.0099
      },
      {
        "kind": "number",
        "value": 0.00099
      },
      {
        "kind": "number",
        "value": 0.000099
      },
      {
        "kind": "number",
        "value": 0.0000099
      },
      {
        "kind": "number",
        "value": 1579187715.0
      },
      {
        "kind": "number",
        "value": 1579187615.0
      },
      {
        "kind": "number",
        "value": 1579188715.0
      },
      {
        "kind": "number",
        "value": 1579177715.0
      },
      {
        "kind": "number",
        "value": 1579197715.0
      },
      {
        "kind": "number",
        "value": 1579087715.0
      },
      {
        "kind": "number",
        "value": 1579287715.0
      }
    ],
    [
      {
        "kind": "number",
        "value": 16.0
      },
      {
        "kind": "number",
        "value": 1000.1
      },
      {
        "kind": "string",
        "value": "PPP"
      },
      {
        "kind": "number",
        "value": 0.11
      },
      {
        "kind": "number",
        "value": 0.011
      },
      {
        "kind": "number",
        "value": 0.0011
      },
      {
        "kind": "number",
        "value": 0.00011
      },
      {
        "kind": "number",
        "value": 0.000011
      },
      {
        "kind": "number",
        "value": 0.0000011
      },
      {
        "kind": "number",
        "value": 0.011
      },
      {
        "kind": "number",
        "value": 0.0011
      },
      {
        "kind": "number",
        "value": 0.00011
      },
      {
        "kind": "number",
        "value": 0.000011
      },
      {
        "kind": "number",
        "value": 0.0000011
      },
      {
        "kind": "number",
        "value": 1610813776.0
      },
      {
        "kind": "number",
        "value": 1610813676.0
      },
      {
        "kind": "number",
        "value": 1610814776.0
      },
      {
        "kind": "number",
        "value": 1610803776.0
      },
      {
        "kind": "number",
        "value": 1610823776.0
      },
      {
        "kind": "number",
        "value": 1610713776.0
      },
      {
        "kind": "number",
        "value": 1610913776.0
      }
    ],
    [
      {
        "kind": "number",
        "value": 17.0
      },
      {
        "kind": "number",
        "value": 2000.2
      },
      {
        "kind": "string",
        "value": "QQQ"
      },
      {
        "kind": "number",
        "value": 0.22
      },
      {
        "kind": "number",
        "value": 0.022
      },
      {
        "kind": "number",
        "value": 0.0022
      },
      {
        "kind": "number",
        "value": 0.00022
      },
      {
        "kind": "number",
        "value": 0.000022
      },
      {
        "kind": "number",
        "value": 0.0000022
      },
      {
        "kind": "number",
        "value": 0.022
      },
      {
        "kind": "number",
        "value": 0.0022
      },
      {
        "kind": "number",
        "value": 0.00022
      },
      {
        "kind": "number",
        "value": 0.000022
      },
      {
        "kind": "number",
        "value": 0.0000022
      },
      {
        "kind": "number",
        "value": 1642439837.0
      },
      {
        "kind": "number",
        "value": 1642439737.0
      },
      {
        "kind": "number",
        "value": 1642440837.0
      },
      {
        "kind": "number",
        "value": 1642429837.0
      },
      {
        "kind": "number",
        "value": 1642449837.0
      },
      {
        "kind": "number",
        "value": 1642339837.0
      },
      {
        "kind": "number",
        "value": 1642539837.0
      }
    ],
    [
      {
        "kind": "number",
        "value": 18.0
      },
      {
        "kind": "number",
        "value": 3000.3
      },
      {
        "kind": "string",
        "value": "RRR"
      },
      {
        "kind": "number",
        "value": 0.33
      },
      {
        "kind": "number",
        "value": 0.033
      },
      {
        "kind": "number",
        "value": 0.0033
      },
      {
        "kind": "number",
        "value": 0.00033
      },
      {
        "kind": "number",
        "value": 0.000033
      },
      {
        "kind": "number",
        "value": 0.0000033
      },
      {
        "kind": "number",
        "value": 0.033
      },
      {
        "kind": "number",
        "value": 0.0033
      },
      {
        "kind": "number",
        "value": 0.00033
      },
      {
        "kind": "number",
        "value": 0.000033
      },
      {
        "kind": "number",
        "value": 0.0000033
      },
      {
        "kind": "number",
        "value": 1674152298.0
      },
      {
        "kind": "number",
        "value": 1674152198.0
      },
      {
        "kind": "number",
        "value": 1674153298.0
      },
      {
        "kind": "number",
        "value": 1674142298.0
      },
      {
        "kind": "number",
        "value": 1674162298.0
      },
      {
        "kind": "number",
        "value": 1674052298.0
      },
      {
        "kind": "number",
        "value": 1674252298.0
      }
    ],
    [
      {
        "kind": "number",
        "value": 19.0
      },
      {
        "kind": "number",
        "value": 4000.4
      },
      {
        "kind": "string",
        "value": "SSS"
      },
      {
        "kind": "number",
        "value": 0.44
      },
      {
        "kind": "number",
        "value": 0.044
      },
      {
        "kind": "number",
        "value": 0.0044
      },
      {
        "kind": "number",
        "value": 0.00044
      },
      {
        "kind": "number",
        "value": 0.000044
      },
      {
        "kind": "number",
        "value": 0.0000044
      },
      {
        "kind": "number",
        "value": 0.044
      },
      {
        "kind": "number",
        "value": 0.0044
      },
      {
        "kind": "number",
        "value": 0.00044
      },
      {
        "kind": "number",
        "value": 0.000044
      },
      {
        "kind": "number",
        "value": 0.0000044
      },
      {
        "kind": "number",
        "value": 1676920759.0
      },
      {
        "kind": "number",
        "value": 1676920659.0
      },
      {
        "kind": "number",
        "value": 1676921759.0
      },
      {
        "kind": "number",
        "value": 1676910759.0
      },
      {
        "kind": "number",
        "value": 1676930759.0
      },
      {
        "kind": "number",
        "value": 1676820759.0
      },
      {
        "kind": "number",
        "value": 1677020759.0
      }
    ],
    [
      {
        "kind": "number",
        "value": 20.0
      },
      {
        "kind": "number",
        "value": 5000.5
      },
      {
        "kind": "string",
        "value": "TTT"
      },
      {
        "kind": "number",
        "value": 0.55
      },
      {
        "kind": "number",
        "value": 0.055
      },
      {
        "kind": "number",
        "value": 0.0055
      },
      {
        "kind": "number",
        "value": 0.00055
      },
      {
        "kind": "number",
        "value": 0.000055
      },
      {
        "kind": "number",
        "value": 0.0000055
      },
      {
        "kind": "number",
        "value": 0.055
      },
      {
        "kind": "number",
        "value": 0.0055
      },
      {
        "kind": "number",
        "value": 0.00055
      },
      {
        "kind": "number",
        "value": 0.000055
      },
      {
        "kind": "number",
        "value": 0.0000055
      },
      {
        "kind": "number",
        "value": 1679430020.0
      },
      {
        "kind": "number",
        "value": 1679429920.0
      },
      {
        "kind": "number",
        "value": 1679431020.0
      },
      {
        "kind": "number",
        "value": 1679420020.0
      },
      {
        "kind": "number",
        "value": 1679440020.0
      },
      {
        "kind": "number",
        "value": 1679330020.0
      },
      {
        "kind": "number",
        "value": 1679530020.0
      }
    ],
    [
      {
        "kind": "number",
        "value": 21.0
      },
      {
        "kind": "number",
        "value": 6000.6
      },
      {
        "kind": "string",
        "value": "UUU"
      },
      {
        "kind": "number",
        "value": 0.66
      },
      {
        "kind": "number",
        "value": 0.066
      },
      {
        "kind": "number",
        "value": 0.0066
      },
      {
        "kind": "number",
        "value": 0.00066
      },
      {
        "kind": "number",
        "value": 0.000066
      },
      {
        "kind": "number",
        "value": 0.0000066
      },
      {
        "kind": "number",
        "value": 0.066
      },
      {
        "kind": "number",
        "value": 0.0066
      },
      {
        "kind": "number",
        "value": 0.00066
      },
      {
        "kind": "number",
        "value": 0.000066
      },
      {
        "kind": "number",
        "value": 0.0000066
      },
      {
        "kind": "number",
        "value": 1682198481.0
      },
      {
        "kind": "number",
        "value": 1682198381.0
      },
      {
        "kind": "number",
        "value": 1682199481.0
      },
      {
        "kind": "number",
        "value": 1682188481.0
      },
      {
        "kind": "number",
        "value": 1682208481.0
      },
      {
        "kind": "number",
        "value": 1682098481.0
      },
      {
        "kind": "number",
        "value": 1682298481.0
      }
    ],
    [
      {
        "kind": "number",
        "value": 22.0
      },
      {
        "kind": "number",
        "value": 7000.7
      },
      {
        "kind": "string",
        "value": "VVV"
      },
      {
        "kind": "number",
        "value": 0.77
      },
      {
        "kind": "number",
        "value": 0.077
      },
      {
        "kind": "number",
        "value": 0.0077
      },
      {
        "kind": "number",
        "value": 0.00077
      },
      {
        "kind": "number",
        "value": 0.000077
      },
      {
        "kind": "number",
        "value": 0.0000077
      },
      {
        "kind": "number",
        "value": 0.077
      },
      {
        "kind": "number",
        "value": 0.0077
      },
      {
        "kind": "number",
        "value": 0.00077
      },
      {
        "kind": "number",
        "value": 0.000077
      },
      {
        "kind": "number",
        "value": 0.0000077
      },
      {
        "kind": "number",
        "value": 1684880542.0
      },
      {
        "kind": "number",
        "value": 1684880442.0
      },
      {
        "kind": "number",
        "value": 1684881542.0
      },
      {
        "kind": "number",
        "value": 1684870542.0
      },
      {
        "kind": "number",
        "value": 1684890542.0
      },
      {
        "kind": "number",
        "value": 1684780542.0
      },
      {
        "kind": "number",
        "value": 1684980542.0
      }
    ],
    [
      {
        "kind": "number",
        "value": 23.0
      },
      {
        "kind": "number",
        "value": 8000.8
      },
      {
        "kind": "string",
        "value": "WWW"
      },
      {
        "kind": "number",
        "value": 0.88
      },
      {
        "kind": "number",
        "value": 0.088
      },
      {
        "kind": "number",
        "value": 0.0088
      },
      {
        "kind": "number",
        "value": 0.00088
      },
      {
        "kind": "number",
        "value": 0.000088
      },
      {
        "kind": "number",
        "value": 0.0000088
      },
      {
        "kind": "number",
        "value": 0.088
      },
      {
        "kind": "number",
        "value": 0.0088
      },
      {
        "kind": "number",
        "value": 0.00088
      },
      {
        "kind": "number",
        "value": 0.000088
      },
      {
        "kind": "number",
        "value": 0.0000088
      },
      {
        "kind": "number",
        "value": 1687649003.0
      },
      {
        "kind": "number",
        "value": 1687648903.0
      },
      {
        "kind": "number",
        "value": 1687650003.0
      },
      {
        "kind": "number",
        "value": 1687639003.0
      },
      {
        "kind": "number",
        "value": 1687659003.0
      },
      {
        "kind": "number",
        "value": 1687549003.0
      },
      {
        "kind": "number",
        "value": 1687749003.0
      }
    ],
    [
      {
        "kind": "number",
        "value": 24.0
      },
      {
        "kind": "number",
        "value": 9000.9
      },
      {
        "kind": "string",
        "value": "XXX"
      },
      {
        "kind": "number",
        "value": 0.99
      },
      {
        "kind": "number",
        "value": 0.099
      },
      {
        "kind": "number",
        "value": 0.0099
      },
      {
        "kind": "number",
        "value": 0.00099
      },
      {
        "kind": "number",
        "value": 0.000099
      },
      {
        "kind": "number",
        "value": 0.0000099
      },
      {
        "kind": "number",
        "value": 0.099
      },
      {
        "kind": "number",
        "value": 0.0099
      },
      {
        "kind": "number",
        "value": 0.00099
      },
      {
        "kind": "number",
        "value": 0.000099
      },
      {
        "kind": "number",
        "value": 0.0000099
      },
      {
        "kind": "number",
        "value": 1690243200.0
      },
      {
        "kind": "number",
        "value": 1690243100.0
      },
      {
        "kind": "number",
        "value": 1690244200.0
      },
      {
        "kind": "number",
        "value": 1690233200.0
      },
      {
        "kind": "number",
        "value": 1690253200.0
      },
      {
        "kind": "number",
        "value": 1690143200.0
      },
      {
        "kind": "number",
        "value": 1690343200.0
      }
    ],
    [
      {
        "kind": "number",
        "value": 25.0
      },
      {
        "kind": "number",
        "value": 0.0
      },
      {
        "kind": "string",
        "value": "XaX"
      },
      {
        "kind": "number",
        "value": 0.0
      },
      {
        "kind": "number",
        "value": 0.0
      },
      {
        "kind": "number",
        "value": 0.0
      },
      {
        "kind": "number",
        "value": 0.0
      },
      {
        "kind": "number",
        "value": 0.0
      },
      {
        "kind": "number",
        "value": 0.0
      },
      {
        "kind": "number",
        "value": 0.0
      },
      {
        "kind": "number",
        "value": 0.0
      },
      {
        "kind": "number",
        "value": 0.0
      },
      {
        "kind": "number",
        "value": 0.0
      },
      {
        "kind": "number",
        "value": 0.0
      },
      {
        "kind": "number",
        "value": 1724544000.0
      },
      {
        "kind": "number",
        "value": 1724543900.0
      },
      {
        "kind": "number",
        "value": 1724545000.0
      },
      {
        "kind": "number",
        "value": 1724534000.0
      },
      {
        "kind": "number",
        "value": 1724554000.0
      },
      {
        "kind": "number",
        "value": 1724444000.0
      },
      {
        "kind": "number",
        "value": 1724644000.0
      }
    ],
    [
      {
        "kind": "number",
        "value": 1.0
      },
      {
        "kind": "number",
        "value": 1.1
      },
      {
        "kind": "string",
        "value": "AAAAAAAA"
      },
      {
        "kind": "number",
        "value": 1.1
      },
      {
        "kind": "number",
        "value": 1.1
      },
      {
        "kind": "number",
        "value": 1.1
      },
      {
        "kind": "number",
        "value": 1.1
      },
      {
        "kind": "number",
        "value": 1.1
      },
      {
        "kind": "number",
        "value": 1.1
      },
      {
        "kind": "number",
        "value": 1.1
      },
      {
        "kind": "number",
        "value": 1.1
      },
      {
        "kind": "number",
        "value": 1.1
      },
      {
        "kind": "number",
        "value": 1.1
      },
      {
        "kind": "number",
        "value": 1.1
      },
      {
        "kind": "number",
        "value": 31626061.0
      },
      {
        "kind": "number",
        "value": 31625961.0
      },
      {
        "kind": "number",
        "value": 31627061.0
      },
      {
        "kind": "number",
        "value": 31616061.0
      },
      {
        "kind": "number",
        "value": 31636061.0
      },
      {
        "kind": "number",
        "value": 31526061.0
      },
      {
        "kind": "number",
        "value": 31726061.0
      }
    ],
    [
      {
        "kind": "number",
        "value": 2.0
      },
      {
        "kind": "number",
        "value": 1.0625
      },
      {
        "kind": "string",
        "value": "BBBBBBBB"
      },
      {
        "kind": "number",
        "value": 1.06640625
      },
      {
        "kind": "number",
        "value": 1.066650390625
      },
      {
        "kind": "number",
        "value": 1.0666656494140625
      },
      {
        "kind": "number",
        "value": 1.125
      },
      {
        "kind": "number",
        "value": 1.1875
      },
      {
        "kind": "number",
        "value": 1.25
      },
      {
        "kind": "number",
        "value": 1.3125
      },
      {
        "kind": "number",
        "value": 1.375
      },
      {
        "kind": "number",
        "value": 1.4375
      },
      {
        "kind": "number",
        "value": 1.5
      },
      {
        "kind": "number",
        "value": 1.5625
      },
      {
        "kind": "number",
        "value": 378784922.0
      },
      {
        "kind": "number",
        "value": 378784822.0
      },
      {
        "kind": "number",
        "value": 378785922.0
      },
      {
        "kind": "number",
        "value": 378774922.0
      },
      {
        "kind": "number",
        "value": 378794922.0
      },
      {
        "kind": "number",
        "value": 378684922.0
      },
      {
        "kind": "number",
        "value": 378884922.0
      }
    ],
    [
      {
        "kind": "number",
        "value": 3.0
      },
      {
        "kind": "number",
        "value": 1.066666
      },
      {
        "kind": "string",
        "value": "CCCC"
      },
      {
        "kind": "number",
        "value": 1.066666
      },
      {
        "kind": "number",
        "value": 1.066666
      },
      {
        "kind": "number",
        "value": 1.066666
      },
      {
        "kind": "number",
        "value": 1.129166
      },
      {
        "kind": "number",
        "value": 1.191666
      },
      {
        "kind": "number",
        "value": 1.254166
      },
      {
        "kind": "number",
        "value": 1.316666
      },
      {
        "kind": "number",
        "value": 1.379166
      },
      {
        "kind": "number",
        "value": 1.441666
      },
      {
        "kind": "number",
        "value": 1.504166
      },
      {
        "kind": "number",
        "value": 1.566666
      },
      {
        "kind": "number",
        "value": 726030183.0
      },
      {
        "kind": "number",
        "value": 726030083.0
      },
      {
        "kind": "number",
        "value": 726031183.0
      },
      {
        "kind": "number",
        "value": 726020183.0
      },
      {
        "kind": "number",
        "value": 726040183.0
      },
      {
        "kind": "number",
        "value": 725930183.0
      },
      {
        "kind": "number",
        "value": 726130183.0
      }
    ],
    [
      {
        "kind": "number",
        "value": 4.0
      },
      {
        "kind": "number",
        "value": 1.0708333333333333
      },
      {
        "kind": "string",
        "value": "DDD"
      },
      {
        "kind": "number",
        "value": 1.0669270833333
      },
      {
        "kind": "number",
        "value": 1.0666829427083333
      },
      {
        "kind": "number",
        "value": 1.066667683919
      },
      {
        "kind": "number",
        "value": 1.13333333333333
      },
      {
        "kind": "number",
        "value": 1.195833333333333
      },
      {
        "kind": "number",
        "value": 1.25833333333333
      },
      {
        "kind": "number",
        "value": 1.32083333333333
      },
      {
        "kind": "number",
        "value": 1.32083333333333
      },
      {
        "kind": "number",
        "value": 1.445833333333333
      },
      {
        "kind": "number",
        "value": 1.508333333333333
      },
      {
        "kind": "number",
        "value": 1.570833333333333
      },
      {
        "kind": "number",
        "value": 1073275444.0
      },
      {
        "kind": "number",
        "value": 1073275344.0
      },
      {
        "kind": "number",
        "value": 1073276444.0
      },
      {
        "kind": "number",
        "value": 1073265444.0
      },
      {
        "kind": "number",
        "value": 1073285444.0
      },
      {
        "kind": "number",
        "value": 1073175444.0
      },
      {
        "kind": "number",
        "value": 1073375444.0
      }
    ],
    [
      {
        "kind": "number",
        "value": 5.0
      },
      {
        "kind": "number",
        "value": 1.125
      },
      {
        "kind": "string",
        "value": "EEE"
      },
      {
        "kind": "number",
        "value": 1.0703125
      },
      {
        "kind": "number",
        "value": 1.06689453124999
      },
      {
        "kind": "number",
        "value": 1.066680908203
      },
      {
        "kind": "number",
        "value": 1.1875
      },
      {
        "kind": "number",
        "value": 1.25
      },
      {
        "kind": "number",
        "value": 1.3125
      },
      {
        "kind": "number",
        "value": 1.375
      },
      {
        "kind": "number",
        "value": 1.4375
      },
      {
        "kind": "number",
        "value": 1.5
      },
      {
        "kind": "number",
        "value": 1.5625
      },
      {
        "kind": "number",
        "value": 2.0522684006491
      },
      {
        "kind": "number",
        "value": 1262649600.0
      },
      {
        "kind": "number",
        "value": 1262649500.0
      },
      {
        "kind": "number",
        "value": 1262650600.0
      },
      {
        "kind": "number",
        "value": 1262639600.0
      },
      {
        "kind": "number",
        "value": 1262659600.0
      },
      {
        "kind": "number",
        "value": 1262549600.0
      },
      {
        "kind": "number",
        "value": 1262749600.0
      }
    ],
    [
      {
        "kind": "number",
        "value": 6.0
      },
      {
        "kind": "number",
        "value": 0.11
      },
      {
        "kind": "string",
        "value": "FFF"
      },
      {
        "kind": "number",
        "value": 0.11
      },
      {
        "kind": "number",
        "value": 0.11
      },
      {
        "kind": "number",
        "value": 0.11
      },
      {
        "kind": "number",
        "value": 0.11
      },
      {
        "kind": "number",
        "value": 0.11
      },
      {
        "kind": "number",
        "value": 0.11
      },
      {
        "kind": "number",
        "value": 0.11
      },
      {
        "kind": "number",
        "value": 0.11
      },
      {
        "kind": "number",
        "value": 0.11
      },
      {
        "kind": "number",
        "value": 0.11
      },
      {
        "kind": "number",
        "value": 0.11
      },
      {
        "kind": "number",
        "value": 1294362061.0
      },
      {
        "kind": "number",
        "value": 1294361961.0
      },
      {
        "kind": "number",
        "value": 1294363061.0
      },
      {
        "kind": "number",
        "value": 1294352061.0
      },
      {
        "kind": "number",
        "value": 1294372061.0
      },
      {
        "kind": "number",
        "value": 1294262061.0
      },
      {
        "kind": "number",
        "value": 1294462061.0
      }
    ],
    [
      {
        "kind": "number",
        "value": 7.0
      },
      {
        "kind": "number",
        "value": 1.1
      },
      {
        "kind": "string",
        "value": "GGG"
      },
      {
        "kind": "number",
        "value": 0.11
      },
      {
        "kind": "number",
        "value": 0.011
      },
      {
        "kind": "number",
        "value": 0.0011
      },
      {
        "kind": "number",
        "value": 0.00011
      },
      {
        "kind": "number",
        "value": 0.000011
      },
      {
        "kind": "number",
        "value": 0.0000011
      },
      {
        "kind": "number",
        "value": 0.011
      },
      {
        "kind": "number",
        "value": 0.0011
      },
      {
        "kind": "number",
        "value": 0.00011
      },
      {
        "kind": "number",
        "value": 0.000011
      },
      {
        "kind": "number",
        "value": 0.0000011
      },
      {
        "kind": "number",
        "value": 1325988122.0
      },
      {
        "kind": "number",
        "value": 1325988022.0
      },
      {
        "kind": "number",
        "value": 1325989122.0
      },
      {
        "kind": "number",
        "value": 1325978122.0
      },
      {
        "kind": "number",
        "value": 1325998122.0
      },
      {
        "kind": "number",
        "value": 1325888122.0
      },
      {
        "kind": "number",
        "value": 1326088122.0
      }
    ],
    [
      {
        "kind": "number",
        "value": 8.0
      },
      {
        "kind": "number",
        "value": 2.2
      },
      {
        "kind": "string",
        "value": "HHH"
      },
      {
        "kind": "number",
        "value": 0.22
      },
      {
        "kind": "number",
        "value": 0.022
      },
      {
        "kind": "number",
        "value": 0.0022
      },
      {
        "kind": "number",
        "value": 0.00022
      },
      {
        "kind": "number",
        "value": 0.000022
      },
      {
        "kind": "number",
        "value": 0.0000022
      },
      {
        "kind": "number",
        "value": 0.022
      },
      {
        "kind": "number",
        "value": 0.0022
      },
      {
        "kind": "number",
        "value": 0.00022
      },
      {
        "kind": "number",
        "value": 0.000022
      },
      {
        "kind": "number",
        "value": 0.0000022
      },
      {
        "kind": "number",
        "value": 1357632488.0
      },
      {
        "kind": "number",
        "value": 1357632388.0
      },
      {
        "kind": "number",
        "value": 1357633488.0
      },
      {
        "kind": "number",
        "value": 1357622488.0
      },
      {
        "kind": "number",
        "value": 1357642488.0
      },
      {
        "kind": "number",
        "value": 1357532488.0
      },
      {
        "kind": "number",
        "value": 1357732488.0
      }
    ],
    [
      {
        "kind": "number",
        "value": 9.0
      },
      {
        "kind": "number",
        "value": 3.3
      },
      {
        "kind": "string",
        "value": "III"
      },
      {
        "kind": "number",
        "value": 0.33
      },
      {
        "kind": "number",
        "value": 0.033
      },
      {
        "kind": "number",
        "value": 0.0033
      },
      {
        "kind": "number",
        "value": 0.00033
      },
      {
        "kind": "number",
        "value": 0.000033
      },
      {
        "kind": "number",
        "value": 0.0000033
      },
      {
        "kind": "number",
        "value": 0.033
      },
      {
        "kind": "number",
        "value": 0.0033
      },
      {
        "kind": "number",
        "value": 0.00033
      },
      {
        "kind": "number",
        "value": 0.000033
      },
      {
        "kind": "number",
        "value": 0.0000033
      },
      {
        "kind": "number",
        "value": 1389258549.0
      },
      {
        "kind": "number",
        "value": 1389258449.0
      },
      {
        "kind": "number",
        "value": 1389259549.0
      },
      {
        "kind": "number",
        "value": 1389248549.0
      },
      {
        "kind": "number",
        "value": 1389268549.0
      },
      {
        "kind": "number",
        "value": 1389158549.0
      },
      {
        "kind": "number",
        "value": 1389358549.0
      }
    ],
    [
      {
        "kind": "number",
        "value": 10.0
      },
      {
        "kind": "number",
        "value": 4.4
      },
      {
        "kind": "string",
        "value": "JJJ"
      },
      {
        "kind": "number",
        "value": 0.44
      },
      {
        "kind": "number",
        "value": 0.044
      },
      {
        "kind": "number",
        "value": 0.0044
      },
      {
        "kind": "number",
        "value": 0.00044
      },
      {
        "kind": "number",
        "value": 0.000044
      },
      {
        "kind": "number",
        "value": 0.0000044
      },
      {
        "kind": "number",
        "value": 0.044
      },
      {
        "kind": "number",
        "value": 0.0044
      },
      {
        "kind": "number",
        "value": 0.00044
      },
      {
        "kind": "number",
        "value": 0.000044
      },
      {
        "kind": "number",
        "value": 0.0000044
      },
      {
        "kind": "number",
        "value": 1420971010.0
      },
      {
        "kind": "number",
        "value": 1420970910.0
      },
      {
        "kind": "number",
        "value": 1420972010.0
      },
      {
        "kind": "number",
        "value": 1420961010.0
      },
      {
        "kind": "number",
        "value": 1420981010.0
      },
      {
        "kind": "number",
        "value": 1420871010.0
      },
      {
        "kind": "number",
        "value": 1421071010.0
      }
    ],
    [
      {
        "kind": "number",
        "value": 11.0
      },
      {
        "kind": "number",
        "value": 5.5
      },
      {
        "kind": "string",
        "value": "KKK"
      },
      {
        "kind": "number",
        "value": 0.55
      },
      {
        "kind": "number",
        "value": 0.055
      },
      {
        "kind": "number",
        "value": 0.0055
      },
      {
        "kind": "number",
        "value": 0.00055
      },
      {
        "kind": "number",
        "value": 0.000055
      },
      {
        "kind": "number",
        "value": 0.0000055
      },
      {
        "kind": "number",
        "value": 0.055
      },
      {
        "kind": "number",
        "value": 0.0055
      },
      {
        "kind": "number",
        "value": 0.00055
      },
      {
        "kind": "number",
        "value": 0.000055
      },
      {
        "kind": "number",
        "value": 0.0000055
      },
      {
        "kind": "number",
        "value": 1452597071.0
      },
      {
        "kind": "number",
        "value": 1452596971.0
      },
      {
        "kind": "number",
        "value": 1452598071.0
      },
      {
        "kind": "number",
        "value": 1452587071.0
      },
      {
        "kind": "number",
        "value": 1452607071.0
      },
      {
        "kind": "number",
        "value": 1452497071.0
      },
      {
        "kind": "number",
        "value": 1452697071.0
      }
    ],
    [
      {
        "kind": "number",
        "value": 12.0
      },
      {
        "kind": "number",
        "value": 6.6
      },
      {
        "kind": "string",
        "value": "LLL"
      },
      {
        "kind": "number",
        "value": 0.66
      },
      {
        "kind": "number",
        "value": 0.066
      },
      {
        "kind": "number",
        "value": 0.0066
      },
      {
        "kind": "number",
        "value": 0.00066
      },
      {
        "kind": "number",
        "value": 0.000066
      },
      {
        "kind": "number",
        "value": 0.0000066
      },
      {
        "kind": "number",
        "value": 0.066
      },
      {
        "kind": "number",
        "value": 0.0066
      },
      {
        "kind": "number",
        "value": 0.00066
      },
      {
        "kind": "number",
        "value": 0.000066
      },
      {
        "kind": "number",
        "value": 0.0000066
      },
      {
        "kind": "number",
        "value": 1484223132.0
      },
      {
        "kind": "number",
        "value": 1484223032.0
      },
      {
        "kind": "number",
        "value": 1484224132.0
      },
      {
        "kind": "number",
        "value": 1484213132.0
      },
      {
        "kind": "number",
        "value": 1484233132.0
      },
      {
        "kind": "number",
        "value": 1484123132.0
      },
      {
        "kind": "number",
        "value": 1484323132.0
      }
    ],
    [
      {
        "kind": "number",
        "value": 13.0
      },
      {
        "kind": "number",
        "value": 7.7
      },
      {
        "kind": "string",
        "value": "MMM"
      },
      {
        "kind": "number",
        "value": 0.77
      },
      {
        "kind": "number",
        "value": 0.077
      },
      {
        "kind": "number",
        "value": 0.0077
      },
      {
        "kind": "number",
        "value": 0.00077
      },
      {
        "kind": "number",
        "value": 0.000077
      },
      {
        "kind": "number",
        "value": 0.0000077
      },
      {
        "kind": "number",
        "value": 0.077
      },
      {
        "kind": "number",
        "value": 0.0077
      },
      {
        "kind": "number",
        "value": 0.00077
      },
      {
        "kind": "number",
        "value": 0.000077
      },
      {
        "kind": "number",
        "value": 0.0000077
      },
      {
        "kind": "number",
        "value": 1515849193.0
      },
      {
        "kind": "number",
        "value": 1515849093.0
      },
      {
        "kind": "number",
        "value": 1515850193.0
      },
      {
        "kind": "number",
        "value": 1515839193.0
      },
      {
        "kind": "number",
        "value": 1515859193.0
      },
      {
        "kind": "number",
        "value": 1515749193.0
      },
      {
        "kind": "number",
        "value": 1515949193.0
      }
    ],
    [
      {
        "kind": "number",
        "value": 14.0
      },
      {
        "kind": "number",
        "value": 8.8
      },
      {
        "kind": "string",
        "value": "NNN"
      },
      {
        "kind": "number",
        "value": 0.88
      },
      {
        "kind": "number",
        "value": 0.088
      },
      {
        "kind": "number",
        "value": 0.0088
      },
      {
        "kind": "number",
        "value": 0.00088
      },
      {
        "kind": "number",
        "value": 0.000088
      },
      {
        "kind": "number",
        "value": 0.0000088
      },
      {
        "kind": "number",
        "value": 0.088
      },
      {
        "kind": "number",
        "value": 0.0088
      },
      {
        "kind": "number",
        "value": 0.00088
      },
      {
        "kind": "number",
        "value": 0.000088
      },
      {
        "kind": "number",
        "value": 0.0000088
      },
      {
        "kind": "number",
        "value": 1547561654.0
      },
      {
        "kind": "number",
        "value": 1547561554.0
      },
      {
        "kind": "number",
        "value": 1547562654.0
      },
      {
        "kind": "number",
        "value": 1547551654.0
      },
      {
        "kind": "number",
        "value": 1547571654.0
      },
      {
        "kind": "number",
        "value": 1547461654.0
      },
      {
        "kind": "number",
        "value": 1547661654.0
      }
    ],
    [
      {
        "kind": "number",
        "value": 15.0
      },
      {
        "kind": "number",
        "value": 9.9
      },
      {
        "kind": "string",
        "value": "OOO"
      },
      {
        "kind": "number",
        "value": 0.99
      },
      {
        "kind": "number",
        "value": 0.099
      },
      {
        "kind": "number",
        "value": 0.0099
      },
      {
        "kind": "number",
        "value": 0.00099
      },
      {
        "kind": "number",
        "value": 0.000099
      },
      {
        "kind": "number",
        "value": 0.0000099
      },
      {
        "kind": "number",
        "value": 0.099
      },
      {
        "kind": "number",
        "value": 0.0099
      },
      {
        "kind": "number",
        "value": 0.00099
      },
      {
        "kind": "number",
        "value": 0.000099
      },
      {
        "kind": "number",
        "value": 0.0000099
      },
      {
        "kind": "number",
        "value": 1579187715.0
      },
      {
        "kind": "number",
        "value": 1579187615.0
      },
      {
        "kind": "number",
        "value": 1579188715.0
      },
      {
        "kind": "number",
        "value": 1579177715.0
      },
      {
        "kind": "number",
        "value": 1579197715.0
      },
      {
        "kind": "number",
        "value": 1579087715.0
      },
      {
        "kind": "number",
        "value": 1579287715.0
      }
    ],
    [
      {
        "kind": "number",
        "value": 16.0
      },
      {
        "kind": "number",
        "value": 1000.1
      },
      {
        "kind": "string",
        "value": "PPP"
      },
      {
        "kind": "number",
        "value": 0.11
      },
      {
        "kind": "number",
        "value": 0.011
      },
      {
        "kind": "number",
        "value": 0.0011
      },
      {
        "kind": "number",
        "value": 0.00011
      },
      {
        "kind": "number",
        "value": 0.000011
      },
      {
        "kind": "number",
        "value": 0.0000011
      },
      {
        "kind": "number",
        "value": 0.011
      },
      {
        "kind": "number",
        "value": 0.0011
      },
      {
        "kind": "number",
        "value": 0.00011
      },
      {
        "kind": "number",
        "value": 0.000011
      },
      {
        "kind": "number",
        "value": 0.0000011
      },
      {
        "kind": "number",
        "value": 1610813776.0
      },
      {
        "kind": "number",
        "value": 1610813676.0
      },
      {
        "kind": "number",
        "value": 1610814776.0
      },
      {
        "kind": "number",
        "value": 1610803776.0
      },
      {
        "kind": "number",
        "value": 1610823776.0
      },
      {
        "kind": "number",
        "value": 1610713776.0
      },
      {
        "kind": "number",
        "value": 1610913776.0
      }
    ],
    [
      {
        "kind": "number",
        "value": 17.0
      },
      {
        "kind": "number",
        "value": 2000.2
      },
      {
        "kind": "string",
        "value": "QQQ"
      },
      {
        "kind": "number",
        "value": 0.22
      },
      {
        "kind": "number",
        "value": 0.022
      },
      {
        "kind": "number",
        "value": 0.0022
      },
      {
        "kind": "number",
        "value": 0.00022
      },
      {
        "kind": "number",
        "value": 0.000022
      },
      {
        "kind": "number",
        "value": 0.0000022
      },
      {
        "kind": "number",
        "value": 0.022
      },
      {
        "kind": "number",
        "value": 0.0022
      },
      {
        "kind": "number",
        "value": 0.00022
      },
      {
        "kind": "number",
        "value": 0.000022
      },
      {
        "kind": "number",
        "value": 0.0000022
      },
      {
        "kind": "number",
        "value": 1642439837.0
      },
      {
        "kind": "number",
        "value": 1642439737.0
      },
      {
        "kind": "number",
        "value": 1642440837.0
      },
      {
        "kind": "number",
        "value": 1642429837.0
      },
      {
        "kind": "number",
        "value": 1642449837.0
      },
      {
        "kind": "number",
        "value": 1642339837.0
      },
      {
        "kind": "number",
        "value": 1642539837.0
      }
    ],
    [
      {
        "kind": "number",
        "value": 18.0
      },
      {
        "kind": "number",
        "value": 3000.3
      },
      {
        "kind": "string",
        "value": "RRR"
      },
      {
        "kind": "number",
        "value": 0.33
      },
      {
        "kind": "number",
        "value": 0.033
      },
      {
        "kind": "number",
        "value": 0.0033
      },
      {
        "kind": "number",
        "value": 0.00033
      },
      {
        "kind": "number",
        "value": 0.000033
      },
      {
        "kind": "number",
        "value": 0.0000033
      },
      {
        "kind": "number",
        "value": 0.033
      },
      {
        "kind": "number",
        "value": 0.0033
      },
      {
        "kind": "number",
        "value": 0.00033
      },
      {
        "kind": "number",
        "value": 0.000033
      },
      {
        "kind": "number",
        "value": 0.0000033
      },
      {
        "kind": "number",
        "value": 1674152298.0
      },
      {
        "kind": "number",
        "value": 1674152198.0
      },
      {
        "kind": "number",
        "value": 1674153298.0
      },
      {
        "kind": "number",
        "value": 1674142298.0
      },
      {
        "kind": "number",
        "value": 1674162298.0
      },
      {
        "kind": "number",
        "value": 1674052298.0
      },
      {
        "kind": "number",
        "value": 1674252298.0
      }
    ],
    [
      {
        "kind": "number",
        "value": 19.0
      },
      {
        "kind": "number",
        "value": 4000.4
      },
      {
        "kind": "string",
        "value": "SSS"
      },
      {
        "kind": "number",
        "value": 0.44
      },
      {
        "kind": "number",
        "value": 0.044
      },
      {
        "kind": "number",
        "value": 0.0044
      },
      {
        "kind": "number",
        "value": 0.00044
      },
      {
        "kind": "number",
        "value": 0.000044
      },
      {
        "kind": "number",
        "value": 0.0000044
      },
      {
        "kind": "number",
        "value": 0.044
      },
      {
        "kind": "number",
        "value": 0.0044
      },
      {
        "kind": "number",
        "value": 0.00044
      },
      {
        "kind": "number",
        "value": 0.000044
      },
      {
        "kind": "number",
        "value": 0.0000044
      },
      {
        "kind": "number",
        "value": 1676920759.0
      },
      {
        "kind": "number",
        "value": 1676920659.0
      },
      {
        "kind": "number",
        "value": 1676921759.0
      },
      {
        "kind": "number",
        "value": 1676910759.0
      },
      {
        "kind": "number",
        "value": 1676930759.0
      },
      {
        "kind": "number",
        "value": 1676820759.0
      },
      {
        "kind": "number",
        "value": 1677020759.0
      }
    ],
    [
      {
        "kind": "number",
        "value": 20.0
      },
      {
        "kind": "number",
        "value": 5000.5
      },
      {
        "kind": "string",
        "value": "TTT"
      },
      {
        "kind": "number",
        "value": 0.55
      },
      {
        "kind": "number",
        "value": 0.055
      },
      {
        "kind": "number",
        "value": 0.0055
      },
      {
        "kind": "number",
        "value": 0.00055
      },
      {
        "kind": "number",
        "value": 0.000055
      },
      {
        "kind": "number",
        "value": 0.0000055
      },
      {
        "kind": "number",
        "value": 0.055
      },
      {
        "kind": "number",
        "value": 0.0055
      },
      {
        "kind": "number",
        "value": 0.00055
      },
      {
        "kind": "number",
        "value": 0.000055
      },
      {
        "kind": "number",
        "value": 0.0000055
      },
      {
        "kind": "number",
        "value": 1679430020.0
      },
      {
        "kind": "number",
        "value": 1679429920.0
      },
      {
        "kind": "number",
        "value": 1679431020.0
      },
      {
        "kind": "number",
        "value": 1679420020.0
      },
      {
        "kind": "number",
        "value": 1679440020.0
      },
      {
        "kind": "number",
        "value": 1679330020.0
      },
      {
        "kind": "number",
        "value": 1679530020.0
      }
    ],
    [
      {
        "kind": "number",
        "value": 21.0
      },
      {
        "kind": "number",
        "value": 6000.6
      },
      {
        "kind": "string",
        "value": "UUU"
      },
      {
        "kind": "number",
        "value": 0.66
      },
      {
        "kind": "number",
        "value": 0.066
      },
      {
        "kind": "number",
        "value": 0.0066
      },
      {
        "kind": "number",
        "value": 0.00066
      },
      {
        "kind": "number",
        "value": 0.000066
      },
      {
        "kind": "number",
        "value": 0.0000066
      },
      {
        "kind": "number",
        "value": 0.066
      },
      {
        "kind": "number",
        "value": 0.0066
      },
      {
        "kind": "number",
        "value": 0.00066
      },
      {
        "kind": "number",
        "value": 0.000066
      },
      {
        "kind": "number",
        "value": 0.0000066
      },
      {
        "kind": "number",
        "value": 1682198481.0
      },
      {
        "kind": "number",
        "value": 1682198381.0
      },
      {
        "kind": "number",
        "value": 1682199481.0
      },
      {
        "kind": "number",
        "value": 1682188481.0
      },
      {
        "kind": "number",
        "value": 1682208481.0
      },
      {
        "kind": "number",
        "value": 1682098481.0
      },
      {
        "kind": "number",
        "value": 1682298481.0
      }
    ],
    [
      {
        "kind": "number",
        "value": 22.0
      },
      {
        "kind": "number",
        "value": 7000.7
      },
      {
        "kind": "string",
        "value": "VVV"
      },
      {
        "kind": "number",
        "value": 0.77
      },
      {
        "kind": "number",
        "value": 0.077
      },
      {
        "kind": "number",
        "value": 0.0077
      },
      {
        "kind": "number",
        "value": 0.00077
      },
      {
        "kind": "number",
        "value": 0.000077
      },
      {
        "kind": "number",
        "value": 0.0000077
      },
      {
        "kind": "number",
        "value": 0.077
      },
      {
        "kind": "number",
        "value": 0.0077
      },
      {
        "kind": "number",
        "value": 0.00077
      },
      {
        "kind": "number",
        "value": 0.000077
      },
      {
        "kind": "number",
        "value": 0.0000077
      },
      {
        "kind": "number",
        "value": 1684880542.0
      },
      {
        "kind": "number",
        "value": 1684880442.0
      },
      {
        "kind": "number",
        "value": 1684881542.0
      },
      {
        "kind": "number",
        "value": 1684870542.0
      },
      {
        "kind": "number",
        "value": 1684890542.0
      },
      {
        "kind": "number",
        "value": 1684780542.0
      },
      {
        "kind": "number",
        "value": 1684980542.0
      }
    ],
    [
      {
        "kind": "number",
        "value": 23.0
      },
      {
        "kind": "number",
        "value": 8000.8
      },
      {
        "kind": "string",
        "value": "WWW"
      },
      {
        "kind": "number",
        "value": 0.88
      },
      {
        "kind": "number",
        "value": 0.088
      },
      {
        "kind": "number",
        "value": 0.0088
      },
      {
        "kind": "number",
        "value": 0.00088
      },
      {
        "kind": "number",
        "value": 0.000088
      },
      {
        "kind": "number",
        "value": 0.0000088
      },
      {
        "kind": "number",
        "value": 0.088
      },
      {
        "kind": "number",
        "value": 0.0088
      },
      {
        "kind": "number",
        "value": 0.00088
      },
      {
        "kind": "number",
        "value": 0.000088
      },
      {
        "kind": "number",
        "value": 0.0000088
      },
      {
        "kind": "number",
        "value": 1687649003.0
      },
      {
        "kind": "number",
        "value": 1687648903.0
      },
      {
        "kind": "number",
        "value": 1687650003.0
      },
      {
        "kind": "number",
        "value": 1687639003.0
      },
      {
        "kind": "number",
        "value": 1687659003.0
      },
      {
        "kind": "number",
        "value": 1687549003.0
      },
      {
        "kind": "number",
        "value": 1687749003.0
      }
    ],
    [
      {
        "kind": "number",
        "value": 24.0
      },
      {
        "kind": "number",
        "value": 9000.9
      },
      {
        "kind": "string",
        "value": "XXX"
      },
      {
        "kind": "number",
        "value": 0.99
      },
      {
        "kind": "number",
        "value": 0.099
      },
      {
        "kind": "number",
        "value": 0.0099
      },
      {
        "kind": "number",
        "value": 0.00099
      },
      {
        "kind": "number",
        "value": 0.000099
      },
      {
        "kind": "number",
        "value": 0.0000099
      },
      {
        "kind": "number",
        "value": 0.099
      },
      {
        "kind": "number",
        "value": 0.0099
      },
      {
        "kind": "number",
        "value": 0.00099
      },
      {
        "kind": "number",
        "value": 0.000099
      },
      {
        "kind": "number",
        "value": 0.0000099
      },
      {
        "kind": "number",
        "value": 1690243200.0
      },
      {
        "kind": "number",
        "value": 1690243100.0
      },
      {
        "kind": "number",
        "value": 1690244200.0
      },
      {
        "kind": "number",
        "value": 1690233200.0
      },
      {
        "kind": "number",
        "value": 1690253200.0
      },
      {
        "kind": "number",
        "value": 1690143200.0
      },
      {
        "kind": "number",
        "value": 1690343200.0
      }
    ],
    [
      {
        "kind": "number",
        "value": 50.0
      },
      {
        "kind": "number",
        "value": 0.0
      },
      {
        "kind": "string",
        "value": "XaX"
      },
      {
        "kind": "number",
        "value": 0.0
      },
      {
        "kind": "number",
        "value": 0.0
      },
      {
        "kind": "number",
        "value": 0.0
      },
      {
        "kind": "number",
        "value": 0.0
      },
      {
        "kind": "number",
        "value": 0.0
      },
      {
        "kind": "number",
        "value": 0.0
      },
      {
        "kind": "number",
        "value": 0.0
      },
      {
        "kind": "number",
        "value": 0.0
      },
      {
        "kind": "number",
        "value": 0.0
      },
      {
        "kind": "number",
        "value": 0.0
      },
      {
        "kind": "number",
        "value": 0.0
      },
      {
        "kind": "number",
        "value": 1724544000.0
      },
      {
        "kind": "number",
        "value": 1724543900.0
      },
      {
        "kind": "number",
        "value": 1724545000.0
      },
      {
        "kind": "number",
        "value": 1724534000.0
      },
      {
        "kind": "number",
        "value": 1724554000.0
      },
      {
        "kind": "number",
        "value": 1724444000.0
      },
      {
        "kind": "number",
        "value": 1724644000.0
      }
    ]
  ]
}
