---
source: tests/fixtures_snapshot.rs
expression: snapshot.clone()
---
{
  "columns": [
    "x1",
    "x2",
    "x3",
    "x4",
    "x5",
    "x6",
    "x7",
    "x8",
    "x9",
    "x10",
    "x11",
    "x12",
    "x13",
    "x14",
    "x15",
    "x16",
    "x17",
    "x18",
    "x19",
    "x20",
    "x21",
    "x22",
    "x23",
    "x24",
    "x25"
  ],
  "row_count": 52,
  "rows": [
    [
      {
        "kind": "missing",
        "value": null
      },
      {
        "kind": "number",
        "value": 37140.0
      },
      {
        "kind": "number",
        "value": 42280.0
      },
      {
        "kind": "number",
        "value": 47420.0
      },
      {
        "kind": "number",
        "value": 52560.0
      },
      {
        "kind": "number",
        "value": 57700.0
      },
      {
        "kind": "number",
        "value": 62840.0
      },
      {
        "kind": "number",
        "value": 67980.0
      },
      {
        "kind": "number",
        "value": 73120.0
      },
      {
        "kind": "number",
        "value": 78260.0
      },
      {
        "kind": "number",
        "value": 83400.0
      },
      {
        "kind": "number",
        "value": 88540.0
      },
      {
        "kind": "number",
        "value": 93680.0
      },
      {
        "kind": "number",
        "value": 98820.0
      },
      {
        "kind": "number",
        "value": 103960.0
      },
      {
        "kind": "number",
        "value": 109100.0
      },
      {
        "kind": "number",
        "value": 114240.0
      },
      {
        "kind": "number",
        "value": 119380.0
      },
      {
        "kind": "number",
        "value": 124520.0
      },
      {
        "kind": "number",
        "value": 129660.0
      },
      {
        "kind": "number",
        "value": 134800.0
      },
      {
        "kind": "number",
        "value": 139940.0
      },
      {
        "kind": "number",
        "value": 145080.0
      },
      {
        "kind": "number",
        "value": 150220.0
      },
      {
        "kind": "number",
        "value": 155360.0
      }
    ],
    [
      {
        "kind": "number",
        "value": 33501.0
      },
      {
        "kind": "missing",
        "value": null
      },
      {
        "kind": "number",
        "value": 43961.0
      },
      {
        "kind": "number",
        "value": 49191.0
      },
      {
        "kind": "number",
        "value": 54421.0
      },
      {
        "kind": "number",
        "value": 59651.0
      },
      {
        "kind": "number",
        "value": 64881.0
      },
      {
        "kind": "number",
        "value": 70111.0
      },
      {
        "kind": "number",
        "value": 75341.0
      },
      {
        "kind": "number",
        "value": 80571.0
      },
      {
        "kind": "number",
        "value": 85801.0
      },
      {
        "kind": "number",
        "value": 91031.0
      },
      {
        "kind": "number",
        "value": 96261.0
      },
      {
        "kind": "number",
        "value": 101491.0
      },
      {
        "kind": "number",
        "value": 106721.0
      },
      {
        "kind": "number",
        "value": 111951.0
      },
      {
        "kind": "number",
        "value": 117181.0
      },
      {
        "kind": "number",
        "value": 122411.0
      },
      {
        "kind": "number",
        "value": 127641.0
      },
      {
        "kind": "number",
        "value": 132871.0
      },
      {
        "kind": "number",
        "value": 138101.0
      },
      {
        "kind": "number",
        "value": 143331.0
      },
      {
        "kind": "number",
        "value": 148561.0
      },
      {
        "kind": "number",
        "value": 153791.0
      },
      {
        "kind": "number",
        "value": 159021.0
      }
    ],
    [
      {
        "kind": "number",
        "value": 35002.0
      },
      {
        "kind": "number",
        "value": 40322.0
      },
      {
        "kind": "missing",
        "value": null
      },
      {
        "kind": "number",
        "value": 50962.0
      },
      {
        "kind": "number",
        "value": 56282.0
      },
      {
        "kind": "number",
        "value": 61602.0
      },
      {
        "kind": "number",
        "value": 66922.0
      },
      {
        "kind": "number",
        "value": 72242.0
      },
      {
        "kind": "number",
        "value": 77562.0
      },
      {
        "kind": "number",
        "value": 82882.0
      },
      {
        "kind": "number",
        "value": 88202.0
      },
      {
        "kind": "number",
        "value": 93522.0
      },
      {
        "kind": "number",
        "value": 98842.0
      },
      {
        "kind": "number",
        "value": 104162.0
      },
      {
        "kind": "number",
        "value": 109482.0
      },
      {
        "kind": "number",
        "value": 114802.0
      },
      {
        "kind": "number",
        "value": 120122.0
      },
      {
        "kind": "number",
        "value": 125442.0
      },
      {
        "kind": "number",
        "value": 130762.0
      },
      {
        "kind": "number",
        "value": 136082.0
      },
      {
        "kind": "number",
        "value": 141402.0
      },
      {
        "kind": "number",
        "value": 146722.0
      },
      {
        "kind": "number",
        "value": 152042.0
      },
      {
        "kind": "number",
        "value": 157362.0
      },
      {
        "kind": "number",
        "value": 162682.0
      }
    ],
    [
      {
        "kind": "number",
        "value": 36503.0
      },
      {
        "kind": "number",
        "value": 41913.0
      },
      {
        "kind": "number",
        "value": 47323.0
      },
      {
        "kind": "missing",
        "value": null
      },
      {
        "kind": "number",
        "value": 58143.0
      },
      {
        "kind": "number",
        "value": 63553.0
      },
      {
        "kind": "number",
        "value": 68963.0
      },
      {
        "kind": "number",
        "value": 74373.0
      },
      {
        "kind": "number",
        "value": 79783.0
      },
      {
        "kind": "number",
        "value": 85193.0
      },
      {
        "kind": "number",
        "value": 90603.0
      },
      {
        "kind": "number",
        "value": 96013.0
      },
      {
        "kind": "number",
        "value": 101423.0
      },
      {
        "kind": "number",
        "value": 106833.0
      },
      {
        "kind": "number",
        "value": 112243.0
      },
      {
        "kind": "number",
        "value": 117653.0
      },
      {
        "kind": "number",
        "value": 123063.0
      },
      {
        "kind": "number",
        "value": 128473.0
      },
      {
        "kind": "number",
        "value": 133883.0
      },
      {
        "kind": "number",
        "value": 139293.0
      },
      {
        "kind": "number",
        "value": 144703.0
      },
      {
        "kind": "number",
        "value": 150113.0
      },
      {
        "kind": "number",
        "value": 155523.0
      },
      {
        "kind": "number",
        "value": 160933.0
      },
      {
        "kind": "number",
        "value": 166343.0
      }
    ],
    [
      {
        "kind": "number",
        "value": 38004.0
      },
      {
        "kind": "number",
        "value": 43504.0
      },
      {
        "kind": "number",
        "value": 49004.0
      },
      {
        "kind": "number",
        "value": 54504.0
      },
      {
        "kind": "missing",
        "value": null
      },
      {
        "kind": "number",
        "value": 65504.0
      },
      {
        "kind": "number",
        "value": 71004.0
      },
      {
        "kind": "number",
        "value": 76504.0
      },
      {
        "kind": "number",
        "value": 82004.0
      },
      {
        "kind": "number",
        "value": 87504.0
      },
      {
        "kind": "number",
        "value": 93004.0
      },
      {
        "kind": "number",
        "value": 98504.0
      },
      {
        "kind": "number",
        "value": 104004.0
      },
      {
        "kind": "number",
        "value": 109504.0
      },
      {
        "kind": "number",
        "value": 115004.0
      },
      {
        "kind": "number",
        "value": 120504.0
      },
      {
        "kind": "number",
        "value": 126004.0
      },
      {
        "kind": "number",
        "value": 131504.0
      },
      {
        "kind": "number",
        "value": 137004.0
      },
      {
        "kind": "number",
        "value": 142504.0
      },
      {
        "kind": "number",
        "value": 148004.0
      },
      {
        "kind": "number",
        "value": 153504.0
      },
      {
        "kind": "number",
        "value": 159004.0
      },
      {
        "kind": "number",
        "value": 164504.0
      },
      {
        "kind": "number",
        "value": 170004.0
      }
    ],
    [
      {
        "kind": "number",
        "value": 39505.0
      },
      {
        "kind": "number",
        "value": 45095.0
      },
      {
        "kind": "number",
        "value": 50685.0
      },
      {
        "kind": "number",
        "value": 56275.0
      },
      {
        "kind": "number",
        "value": 61865.0
      },
      {
        "kind": "missing",
        "value": null
      },
      {
        "kind": "number",
        "value": 73045.0
      },
      {
        "kind": "number",
        "value": 78635.0
      },
      {
        "kind": "number",
        "value": 84225.0
      },
      {
        "kind": "number",
        "value": 89815.0
      },
      {
        "kind": "number",
        "value": 95405.0
      },
      {
        "kind": "number",
        "value": 100995.0
      },
      {
        "kind": "number",
        "value": 106585.0
      },
      {
        "kind": "number",
        "value": 112175.0
      },
      {
        "kind": "number",
        "value": 117765.0
      },
      {
        "kind": "number",
        "value": 123355.0
      },
      {
        "kind": "number",
        "value": 128945.0
      },
      {
        "kind": "number",
        "value": 134535.0
      },
      {
        "kind": "number",
        "value": 140125.0
      },
      {
        "kind": "number",
        "value": 145715.0
      },
      {
        "kind": "number",
        "value": 151305.0
      },
      {
        "kind": "number",
        "value": 156895.0
      },
      {
        "kind": "number",
        "value": 162485.0
      },
      {
        "kind": "number",
        "value": 168075.0
      },
      {
        "kind": "number",
        "value": 173665.0
      }
    ],
    [
      {
        "kind": "number",
        "value": 41006.0
      },
      {
        "kind": "number",
        "value": 46686.0
      },
      {
        "kind": "number",
        "value": 52366.0
      },
      {
        "kind": "number",
        "value": 58046.0
      },
      {
        "kind": "number",
        "value": 63726.0
      },
      {
        "kind": "number",
        "value": 69406.0
      },
      {
        "kind": "missing",
        "value": null
      },
      {
        "kind": "number",
        "value": 80766.0
      },
      {
        "kind": "number",
        "value": 86446.0
      },
      {
        "kind": "number",
        "value": 92126.0
      },
      {
        "kind": "number",
        "value": 97806.0
      },
      {
        "kind": "number",
        "value": 103486.0
      },
      {
        "kind": "number",
        "value": 109166.0
      },
      {
        "kind": "number",
        "value": 114846.0
      },
      {
        "kind": "number",
        "value": 120526.0
      },
      {
        "kind": "number",
        "value": 126206.0
      },
      {
        "kind": "number",
        "value": 131886.0
      },
      {
        "kind": "number",
        "value": 137566.0
      },
      {
        "kind": "number",
        "value": 143246.0
      },
      {
        "kind": "number",
        "value": 148926.0
      },
      {
        "kind": "number",
        "value": 154606.0
      },
      {
        "kind": "number",
        "value": 160286.0
      },
      {
        "kind": "number",
        "value": 165966.0
      },
      {
        "kind": "number",
        "value": 171646.0
      },
      {
        "kind": "number",
        "value": 177326.0
      }
    ],
    [
      {
        "kind": "number",
        "value": 42507.0
      },
      {
        "kind": "number",
        "value": 48277.0
      },
      {
        "kind": "number",
        "value": 54047.0
      },
      {
        "kind": "number",
        "value": 59817.0
      },
      {
        "kind": "number",
        "value": 65587.0
      },
      {
        "kind": "number",
        "value": 71357.0
      },
      {
        "kind": "number",
        "value": 77127.0
      },
      {
        "kind": "missing",
        "value": null
      },
      {
        "kind": "number",
        "value": 88667.0
      },
      {
        "kind": "number",
        "value": 94437.0
      },
      {
        "kind": "number",
        "value": 100207.0
      },
      {
        "kind": "number",
        "value": 105977.0
      },
      {
        "kind": "number",
        "value": 111747.0
      },
      {
        "kind": "number",
        "value": 117517.0
      },
      {
        "kind": "number",
        "value": 123287.0
      },
      {
        "kind": "number",
        "value": 129057.0
      },
      {
        "kind": "number",
        "value": 134827.0
      },
      {
        "kind": "number",
        "value": 140597.0
      },
      {
        "kind": "number",
        "value": 146367.0
      },
      {
        "kind": "number",
        "value": 152137.0
      },
      {
        "kind": "number",
        "value": 157907.0
      },
      {
        "kind": "number",
        "value": 163677.0
      },
      {
        "kind": "number",
        "value": 169447.0
      },
      {
        "kind": "number",
        "value": 175217.0
      },
      {
        "kind": "number",
        "value": 180987.0
      }
    ],
    [
      {
        "kind": "number",
        "value": 44008.0
      },
      {
        "kind": "number",
        "value": 49868.0
      },
      {
        "kind": "number",
        "value": 55728.0
      },
      {
        "kind": "number",
        "value": 61588.0
      },
      {
        "kind": "number",
        "value": 67448.0
      },
      {
        "kind": "number",
        "value": 73308.0
      },
      {
        "kind": "number",
        "value": 79168.0
      },
      {
        "kind": "number",
        "value": 85028.0
      },
      {
        "kind": "missing",
        "value": null
      },
      {
        "kind": "number",
        "value": 96748.0
      },
      {
        "kind": "number",
        "value": 102608.0
      },
      {
        "kind": "number",
        "value": 108468.0
      },
      {
        "kind": "number",
        "value": 114328.0
      },
      {
        "kind": "number",
        "value": 120188.0
      },
      {
        "kind": "number",
        "value": 126048.0
      },
      {
        "kind": "number",
        "value": 131908.0
      },
      {
        "kind": "number",
        "value": 137768.0
      },
      {
        "kind": "number",
        "value": 143628.0
      },
      {
        "kind": "number",
        "value": 149488.0
      },
      {
        "kind": "number",
        "value": 155348.0
      },
      {
        "kind": "number",
        "value": 161208.0
      },
      {
        "kind": "number",
        "value": 167068.0
      },
      {
        "kind": "number",
        "value": 172928.0
      },
      {
        "kind": "number",
        "value": 178788.0
      },
      {
        "kind": "number",
        "value": 184648.0
      }
    ],
    [
      {
        "kind": "number",
        "value": 45509.0
      },
      {
        "kind": "number",
        "value": 51459.0
      },
      {
        "kind": "number",
        "value": 57409.0
      },
      {
        "kind": "number",
        "value": 63359.0
      },
      {
        "kind": "number",
        "value": 69309.0
      },
      {
        "kind": "number",
        "value": 75259.0
      },
      {
        "kind": "number",
        "value": 81209.0
      },
      {
        "kind": "number",
        "value": 87159.0
      },
      {
        "kind": "number",
        "value": 93109.0
      },
      {
        "kind": "missing",
        "value": null
      },
      {
        "kind": "number",
        "value": 105009.0
      },
      {
        "kind": "number",
        "value": 110959.0
      },
      {
        "kind": "number",
        "value": 116909.0
      },
      {
        "kind": "number",
        "value": 122859.0
      },
      {
        "kind": "number",
        "value": 128809.0
      },
      {
        "kind": "number",
        "value": 134759.0
      },
      {
        "kind": "number",
        "value": 140709.0
      },
      {
        "kind": "number",
        "value": 146659.0
      },
      {
        "kind": "number",
        "value": 152609.0
      },
      {
        "kind": "number",
        "value": 158559.0
      },
      {
        "kind": "number",
        "value": 164509.0
      },
      {
        "kind": "number",
        "value": 170459.0
      },
      {
        "kind": "number",
        "value": 176409.0
      },
      {
        "kind": "number",
        "value": 182359.0
      },
      {
        "kind": "number",
        "value": 188309.0
      }
    ],
    [
      {
        "kind": "number",
        "value": 47010.0
      },
      {
        "kind": "number",
        "value": 53050.0
      },
      {
        "kind": "number",
        "value": 59090.0
      },
      {
        "kind": "number",
        "value": 65130.0
      },
      {
        "kind": "number",
        "value": 71170.0
      },
      {
        "kind": "number",
        "value": 77210.0
      },
      {
        "kind": "number",
        "value": 83250.0
      },
      {
        "kind": "number",
        "value": 89290.0
      },
      {
        "kind": "number",
        "value": 95330.0
      },
      {
        "kind": "number",
        "value": 101370.0
      },
      {
        "kind": "missing",
        "value": null
      },
      {
        "kind": "number",
        "value": 113450.0
      },
      {
        "kind": "number",
        "value": 119490.0
      },
      {
        "kind": "number",
        "value": 125530.0
      },
      {
        "kind": "number",
        "value": 131570.0
      },
      {
        "kind": "number",
        "value": 137610.0
      },
      {
        "kind": "number",
        "value": 143650.0
      },
      {
        "kind": "number",
        "value": 149690.0
      },
      {
        "kind": "number",
        "value": 155730.0
      },
      {
        "kind": "number",
        "value": 161770.0
      },
      {
        "kind": "number",
        "value": 167810.0
      },
      {
        "kind": "number",
        "value": 173850.0
      },
      {
        "kind": "number",
        "value": 179890.0
      },
      {
        "kind": "number",
        "value": 185930.0
      },
      {
        "kind": "number",
        "value": 191970.0
      }
    ],
    [
      {
        "kind": "number",
        "value": 48511.0
      },
      {
        "kind": "number",
        "value": 54641.0
      },
      {
        "kind": "number",
        "value": 60771.0
      },
      {
        "kind": "number",
        "value": 66901.0
      },
      {
        "kind": "number",
        "value": 73031.0
      },
      {
        "kind": "number",
        "value": 79161.0
      },
      {
        "kind": "number",
        "value": 85291.0
      },
      {
        "kind": "number",
        "value": 91421.0
      },
      {
        "kind": "number",
        "value": 97551.0
      },
      {
        "kind": "number",
        "value": 103681.0
      },
      {
        "kind": "number",
        "value": 109811.0
      },
      {
        "kind": "missing",
        "value": null
      },
      {
        "kind": "number",
        "value": 122071.0
      },
      {
        "kind": "number",
        "value": 128201.0
      },
      {
        "kind": "number",
        "value": 134331.0
      },
      {
        "kind": "number",
        "value": 140461.0
      },
      {
        "kind": "number",
        "value": 146591.0
      },
      {
        "kind": "number",
        "value": 152721.0
      },
      {
        "kind": "number",
        "value": 158851.0
      },
      {
        "kind": "number",
        "value": 164981.0
      },
      {
        "kind": "number",
        "value": 171111.0
      },
      {
        "kind": "number",
        "value": 177241.0
      },
      {
        "kind": "number",
        "value": 183371.0
      },
      {
        "kind": "number",
        "value": 189501.0
      },
      {
        "kind": "number",
        "value": 195631.0
      }
    ],
    [
      {
        "kind": "number",
        "value": 50012.0
      },
      {
        "kind": "number",
        "value": 56232.0
      },
      {
        "kind": "number",
        "value": 62452.0
      },
      {
        "kind": "number",
        "value": 68672.0
      },
      {
        "kind": "number",
        "value": 74892.0
      },
      {
        "kind": "number",
        "value": 81112.0
      },
      {
        "kind": "number",
        "value": 87332.0
      },
      {
        "kind": "number",
        "value": 93552.0
      },
      {
        "kind": "number",
        "value": 99772.0
      },
      {
        "kind": "number",
        "value": 105992.0
      },
      {
        "kind": "number",
        "value": 112212.0
      },
      {
        "kind": "number",
        "value": 118432.0
      },
      {
        "kind": "missing",
        "value": null
      },
      {
        "kind": "number",
        "value": 130872.0
      },
      {
        "kind": "number",
        "value": 137092.0
      },
      {
        "kind": "number",
        "value": 143312.0
      },
      {
        "kind": "number",
        "value": 149532.0
      },
      {
        "kind": "number",
        "value": 155752.0
      },
      {
        "kind": "number",
        "value": 161972.0
      },
      {
        "kind": "number",
        "value": 168192.0
      },
      {
        "kind": "number",
        "value": 174412.0
      },
      {
        "kind": "number",
        "value": 180632.0
      },
      {
        "kind": "number",
        "value": 186852.0
      },
      {
        "kind": "number",
        "value": 193072.0
      },
      {
        "kind": "number",
        "value": 199292.0
      }
    ],
    [
      {
        "kind": "number",
        "value": 51513.0
      },
      {
        "kind": "number",
        "value": 57823.0
      },
      {
        "kind": "number",
        "value": 64133.0
      },
      {
        "kind": "number",
        "value": 70443.0
      },
      {
        "kind": "number",
        "value": 76753.0
      },
      {
        "kind": "number",
        "value": 83063.0
      },
      {
        "kind": "number",
        "value": 89373.0
      },
      {
        "kind": "number",
        "value": 95683.0
      },
      {
        "kind": "number",
        "value": 101993.0
      },
      {
        "kind": "number",
        "value": 108303.0
      },
      {
        "kind": "number",
        "value": 114613.0
      },
      {
        "kind": "number",
        "value": 120923.0
      },
      {
        "kind": "number",
        "value": 127233.0
      },
      {
        "kind": "missing",
        "value": null
      },
      {
        "kind": "number",
        "value": 139853.0
      },
      {
        "kind": "number",
        "value": 146163.0
      },
      {
        "kind": "number",
        "value": 152473.0
      },
      {
        "kind": "number",
        "value": 158783.0
      },
      {
        "kind": "number",
        "value": 165093.0
      },
      {
        "kind": "number",
        "value": 171403.0
      },
      {
        "kind": "number",
        "value": 177713.0
      },
      {
        "kind": "number",
        "value": 184023.0
      },
      {
        "kind": "number",
        "value": 190333.0
      },
      {
        "kind": "number",
        "value": 196643.0
      },
      {
        "kind": "number",
        "value": 202953.0
      }
    ],
    [
      {
        "kind": "number",
        "value": 53014.0
      },
      {
        "kind": "number",
        "value": 59414.0
      },
      {
        "kind": "number",
        "value": 65814.0
      },
      {
        "kind": "number",
        "value": 72214.0
      },
      {
        "kind": "number",
        "value": 78614.0
      },
      {
        "kind": "number",
        "value": 85014.0
      },
      {
        "kind": "number",
        "value": 91414.0
      },
      {
        "kind": "number",
        "value": 97814.0
      },
      {
        "kind": "number",
        "value": 104214.0
      },
      {
        "kind": "number",
        "value": 110614.0
      },
      {
        "kind": "number",
        "value": 117014.0
      },
      {
        "kind": "number",
        "value": 123414.0
      },
      {
        "kind": "number",
        "value": 129814.0
      },
      {
        "kind": "number",
        "value": 136214.0
      },
      {
        "kind": "missing",
        "value": null
      },
      {
        "kind": "number",
        "value": 149014.0
      },
      {
        "kind": "number",
        "value": 155414.0
      },
      {
        "kind": "number",
        "value": 161814.0
      },
      {
        "kind": "number",
        "value": 168214.0
      },
      {
        "kind": "number",
        "value": 174614.0
      },
      {
        "kind": "number",
        "value": 181014.0
      },
      {
        "kind": "number",
        "value": 187414.0
      },
      {
        "kind": "number",
        "value": 193814.0
      },
      {
        "kind": "number",
        "value": 200214.0
      },
      {
        "kind": "number",
        "value": 206614.0
      }
    ],
    [
      {
        "kind": "number",
        "value": 54515.0
      },
      {
        "kind": "number",
        "value": 61005.0
      },
      {
        "kind": "number",
        "value": 67495.0
      },
      {
        "kind": "number",
        "value": 73985.0
      },
      {
        "kind": "number",
        "value": 80475.0
      },
      {
        "kind": "number",
        "value": 86965.0
      },
      {
        "kind": "number",
        "value": 93455.0
      },
      {
        "kind": "number",
        "value": 99945.0
      },
      {
        "kind": "number",
        "value": 106435.0
      },
      {
        "kind": "number",
        "value": 112925.0
      },
      {
        "kind": "number",
        "value": 119415.0
      },
      {
        "kind": "number",
        "value": 125905.0
      },
      {
        "kind": "number",
        "value": 132395.0
      },
      {
        "kind": "number",
        "value": 138885.0
      },
      {
        "kind": "number",
        "value": 145375.0
      },
      {
        "kind": "missing",
        "value": null
      },
      {
        "kind": "number",
        "value": 158355.0
      },
      {
        "kind": "number",
        "value": 164845.0
      },
      {
        "kind": "number",
        "value": 171335.0
      },
      {
        "kind": "number",
        "value": 177825.0
      },
      {
        "kind": "number",
        "value": 184315.0
      },
      {
        "kind": "number",
        "value": 190805.0
      },
      {
        "kind": "number",
        "value": 197295.0
      },
      {
        "kind": "number",
        "value": 203785.0
      },
      {
        "kind": "number",
        "value": 210275.0
      }
    ],
    [
      {
        "kind": "number",
        "value": 56016.0
      },
      {
        "kind": "number",
        "value": 62596.0
      },
      {
        "kind": "number",
        "value": 69176.0
      },
      {
        "kind": "number",
        "value": 75756.0
      },
      {
        "kind": "number",
        "value": 82336.0
      },
      {
        "kind": "number",
        "value": 88916.0
      },
      {
        "kind": "number",
        "value": 95496.0
      },
      {
        "kind": "number",
        "value": 102076.0
      },
      {
        "kind": "number",
        "value": 108656.0
      },
      {
        "kind": "number",
        "value": 115236.0
      },
      {
        "kind": "number",
        "value": 121816.0
      },
      {
        "kind": "number",
        "value": 128396.0
      },
      {
        "kind": "number",
        "value": 134976.0
      },
      {
        "kind": "number",
        "value": 141556.0
      },
      {
        "kind": "number",
        "value": 148136.0
      },
      {
        "kind": "number",
        "value": 154716.0
      },
      {
        "kind": "missing",
        "value": null
      },
      {
        "kind": "number",
        "value": 167876.0
      },
      {
        "kind": "number",
        "value": 174456.0
      },
      {
        "kind": "number",
        "value": 181036.0
      },
      {
        "kind": "number",
        "value": 187616.0
      },
      {
        "kind": "number",
        "value": 194196.0
      },
      {
        "kind": "number",
        "value": 200776.0
      },
      {
        "kind": "number",
        "value": 207356.0
      },
      {
        "kind": "number",
        "value": 213936.0
      }
    ],
    [
      {
        "kind": "number",
        "value": 57517.0
      },
      {
        "kind": "number",
        "value": 64187.0
      },
      {
        "kind": "number",
        "value": 70857.0
      },
      {
        "kind": "number",
        "value": 77527.0
      },
      {
        "kind": "number",
        "value": 84197.0
      },
      {
        "kind": "number",
        "value": 90867.0
      },
      {
        "kind": "number",
        "value": 97537.0
      },
      {
        "kind": "number",
        "value": 104207.0
      },
      {
        "kind": "number",
        "value": 110877.0
      },
      {
        "kind": "number",
        "value": 117547.0
      },
      {
        "kind": "number",
        "value": 124217.0
      },
      {
        "kind": "number",
        "value": 130887.0
      },
      {
        "kind": "number",
        "value": 137557.0
      },
      {
        "kind": "number",
        "value": 144227.0
      },
      {
        "kind": "number",
        "value": 150897.0
      },
      {
        "kind": "number",
        "value": 157567.0
      },
      {
        "kind": "number",
        "value": 164237.0
      },
      {
        "kind": "missing",
        "value": null
      },
      {
        "kind": "number",
        "value": 177577.0
      },
      {
        "kind": "number",
        "value": 184247.0
      },
      {
        "kind": "number",
        "value": 190917.0
      },
      {
        "kind": "number",
        "value": 197587.0
      },
      {
        "kind": "number",
        "value": 204257.0
      },
      {
        "kind": "number",
        "value": 210927.0
      },
      {
        "kind": "number",
        "value": 217597.0
      }
    ],
    [
      {
        "kind": "number",
        "value": 59018.0
      },
      {
        "kind": "number",
        "value": 65778.0
      },
      {
        "kind": "number",
        "value": 72538.0
      },
      {
        "kind": "number",
        "value": 79298.0
      },
      {
        "kind": "number",
        "value": 86058.0
      },
      {
        "kind": "number",
        "value": 92818.0
      },
      {
        "kind": "number",
        "value": 99578.0
      },
      {
        "kind": "number",
        "value": 106338.0
      },
      {
        "kind": "number",
        "value": 113098.0
      },
      {
        "kind": "number",
        "value": 119858.0
      },
      {
        "kind": "number",
        "value": 126618.0
      },
      {
        "kind": "number",
        "value": 133378.0
      },
      {
        "kind": "number",
        "value": 140138.0
      },
      {
        "kind": "number",
        "value": 146898.0
      },
      {
        "kind": "number",
        "value": 153658.0
      },
      {
        "kind": "number",
        "value": 160418.0
      },
      {
        "kind": "number",
        "value": 167178.0
      },
      {
        "kind": "number",
        "value": 173938.0
      },
      {
        "kind": "missing",
        "value": null
      },
      {
        "kind": "number",
        "value": 187458.0
      },
      {
        "kind": "number",
        "value": 194218.0
      },
      {
        "kind": "number",
        "value": 200978.0
      },
      {
        "kind": "number",
        "value": 207738.0
      },
      {
        "kind": "number",
        "value": 214498.0
      },
      {
        "kind": "number",
        "value": 221258.0
      }
    ],
    [
      {
        "kind": "number",
        "value": 60519.0
      },
      {
        "kind": "number",
        "value": 67369.0
      },
      {
        "kind": "number",
        "value": 74219.0
      },
      {
        "kind": "number",
        "value": 81069.0
      },
      {
        "kind": "number",
        "value": 87919.0
      },
      {
        "kind": "number",
        "value": 94769.0
      },
      {
        "kind": "number",
        "value": 101619.0
      },
      {
        "kind": "number",
        "value": 108469.0
      },
      {
        "kind": "number",
        "value": 115319.0
      },
      {
        "kind": "number",
        "value": 122169.0
      },
      {
        "kind": "number",
        "value": 129019.0
      },
      {
        "kind": "number",
        "value": 135869.0
      },
      {
        "kind": "number",
        "value": 142719.0
      },
      {
        "kind": "number",
        "value": 149569.0
      },
      {
        "kind": "number",
        "value": 156419.0
      },
      {
        "kind": "number",
        "value": 163269.0
      },
      {
        "kind": "number",
        "value": 170119.0
      },
      {
        "kind": "number",
        "value": 176969.0
      },
      {
        "kind": "number",
        "value": 183819.0
      },
      {
        "kind": "missing",
        "value": null
      },
      {
        "kind": "number",
        "value": 197519.0
      },
      {
        "kind": "number",
        "value": 204369.0
      },
      {
        "kind": "number",
        "value": 211219.0
      },
      {
        "kind": "number",
        "value": 218069.0
      },
      {
        "kind": "number",
        "value": 224919.0
      }
    ],
    [
      {
        "kind": "number",
        "value": 62020.0
      },
      {
        "kind": "number",
        "value": 68960.0
      },
      {
        "kind": "number",
        "value": 75900.0
      },
      {
        "kind": "number",
        "value": 82840.0
      },
      {
        "kind": "number",
        "value": 89780.0
      },
      {
        "kind": "number",
        "value": 96720.0
      },
      {
        "kind": "number",
        "value": 103660.0
      },
      {
        "kind": "number",
        "value": 110600.0
      },
      {
        "kind": "number",
        "value": 117540.0
      },
      {
        "kind": "number",
        "value": 124480.0
      },
      {
        "kind": "number",
        "value": 131420.0
      },
      {
        "kind": "number",
        "value": 138360.0
      },
      {
        "kind": "number",
        "value": 145300.0
      },
      {
        "kind": "number",
        "value": 152240.0
      },
      {
        "kind": "number",
        "value": 159180.0
      },
      {
        "kind": "number",
        "value": 166120.0
      },
      {
        "kind": "number",
        "value": 173060.0
      },
      {
        "kind": "number",
        "value": 180000.0
      },
      {
        "kind": "number",
        "value": 186940.0
      },
      {
        "kind": "number",
        "value": 193880.0
      },
      {
        "kind": "missing",
        "value": null
      },
      {
        "kind": "number",
        "value": 207760.0
      },
      {
        "kind": "number",
        "value": 214700.0
      },
      {
        "kind": "number",
        "value": 221640.0
      },
      {
        "kind": "number",
        "value": 228580.0
      }
    ],
    [
      {
        "kind": "number",
        "value": 63521.0
      },
      {
        "kind": "number",
        "value": 70551.0
      },
      {
        "kind": "number",
        "value": 77581.0
      },
      {
        "kind": "number",
        "value": 84611.0
      },
      {
        "kind": "number",
        "value": 91641.0
      },
      {
        "kind": "number",
        "value": 98671.0
      },
      {
        "kind": "number",
        "value": 105701.0
      },
      {
        "kind": "number",
        "value": 112731.0
      },
      {
        "kind": "number",
        "value": 119761.0
      },
      {
        "kind": "number",
        "value": 126791.0
      },
      {
        "kind": "number",
        "value": 133821.0
      },
      {
        "kind": "number",
        "value": 140851.0
      },
      {
        "kind": "number",
        "value": 147881.0
      },
      {
        "kind": "number",
        "value": 154911.0
      },
      {
        "kind": "number",
        "value": 161941.0
      },
      {
        "kind": "number",
        "value": 168971.0
      },
      {
        "kind": "number",
        "value": 176001.0
      },
      {
        "kind": "number",
        "value": 183031.0
      },
      {
        "kind": "number",
        "value": 190061.0
      },
      {
        "kind": "number",
        "value": 197091.0
      },
      {
        "kind": "number",
        "value": 204121.0
      },
      {
        "kind": "missing",
        "value": null
      },
      {
        "kind": "number",
        "value": 218181.0
      },
      {
        "kind": "number",
        "value": 225211.0
      },
      {
        "kind": "number",
        "value": 232241.0
      }
    ],
    [
      {
        "kind": "number",
        "value": 65022.0
      },
      {
        "kind": "number",
        "value": 72142.0
      },
      {
        "kind": "number",
        "value": 79262.0
      },
      {
        "kind": "number",
        "value": 86382.0
      },
      {
        "kind": "number",
        "value": 93502.0
      },
      {
        "kind": "number",
        "value": 100622.0
      },
      {
        "kind": "number",
        "value": 107742.0
      },
      {
        "kind": "number",
        "value": 114862.0
      },
      {
        "kind": "number",
        "value": 121982.0
      },
      {
        "kind": "number",
        "value": 129102.0
      },
      {
        "kind": "number",
        "value": 136222.0
      },
      {
        "kind": "number",
        "value": 143342.0
      },
      {
        "kind": "number",
        "value": 150462.0
      },
      {
        "kind": "number",
        "value": 157582.0
      },
      {
        "kind": "number",
        "value": 164702.0
      },
      {
        "kind": "number",
        "value": 171822.0
      },
      {
        "kind": "number",
        "value": 178942.0
      },
      {
        "kind": "number",
        "value": 186062.0
      },
      {
        "kind": "number",
        "value": 193182.0
      },
      {
        "kind": "number",
        "value": 200302.0
      },
      {
        "kind": "number",
        "value": 207422.0
      },
      {
        "kind": "number",
        "value": 214542.0
      },
      {
        "kind": "missing",
        "value": null
      },
      {
        "kind": "number",
        "value": 228782.0
      },
      {
        "kind": "number",
        "value": 235902.0
      }
    ],
    [
      {
        "kind": "number",
        "value": 66523.0
      },
      {
        "kind": "number",
        "value": 73733.0
      },
      {
        "kind": "number",
        "value": 80943.0
      },
      {
        "kind": "number",
        "value": 88153.0
      },
      {
        "kind": "number",
        "value": 95363.0
      },
      {
        "kind": "number",
        "value": 102573.0
      },
      {
        "kind": "number",
        "value": 109783.0
      },
      {
        "kind": "number",
        "value": 116993.0
      },
      {
        "kind": "number",
        "value": 124203.0
      },
      {
        "kind": "number",
        "value": 131413.0
      },
      {
        "kind": "number",
        "value": 138623.0
      },
      {
        "kind": "number",
        "value": 145833.0
      },
      {
        "kind": "number",
        "value": 153043.0
      },
      {
        "kind": "number",
        "value": 160253.0
      },
      {
        "kind": "number",
        "value": 167463.0
      },
      {
        "kind": "number",
        "value": 174673.0
      },
      {
        "kind": "number",
        "value": 181883.0
      },
      {
        "kind": "number",
        "value": 189093.0
      },
      {
        "kind": "number",
        "value": 196303.0
      },
      {
        "kind": "number",
        "value": 203513.0
      },
      {
        "kind": "number",
        "value": 210723.0
      },
      {
        "kind": "number",
        "value": 217933.0
      },
      {
        "kind": "number",
        "value": 225143.0
      },
      {
        "kind": "missing",
        "value": null
      },
      {
        "kind": "number",
        "value": 239563.0
      }
    ],
    [
      {
        "kind": "number",
        "value": 68024.0
      },
      {
        "kind": "number",
        "value": 75324.0
      },
      {
        "kind": "number",
        "value": 82624.0
      },
      {
        "kind": "number",
        "value": 89924.0
      },
      {
        "kind": "number",
        "value": 97224.0
      },
      {
        "kind": "number",
        "value": 104524.0
      },
      {
        "kind": "number",
        "value": 111824.0
      },
      {
        "kind": "number",
        "value": 119124.0
      },
      {
        "kind": "number",
        "value": 126424.0
      },
      {
        "kind": "number",
        "value": 133724.0
      },
      {
        "kind": "number",
        "value": 141024.0
      },
      {
        "kind": "number",
        "value": 148324.0
      },
      {
        "kind": "number",
        "value": 155624.0
      },
      {
        "kind": "number",
        "value": 162924.0
      },
      {
        "kind": "number",
        "value": 170224.0
      },
      {
        "kind": "number",
        "value": 177524.0
      },
      {
        "kind": "number",
        "value": 184824.0
      },
      {
        "kind": "number",
        "value": 192124.0
      },
      {
        "kind": "number",
        "value": 199424.0
      },
      {
        "kind": "number",
        "value": 206724.0
      },
      {
        "kind": "number",
        "value": 214024.0
      },
      {
        "kind": "number",
        "value": 221324.0
      },
      {
        "kind": "number",
        "value": 228624.0
      },
      {
        "kind": "number",
        "value": 235924.0
      },
      {
        "kind": "missing",
        "value": null
      }
    ],
    [
      {
        "kind": "number",
        "value": 69525.0
      },
      {
        "kind": "number",
        "value": 76915.0
      },
      {
        "kind": "number",
        "value": 84305.0
      },
      {
        "kind": "number",
        "value": 91695.0
      },
      {
        "kind": "number",
        "value": 99085.0
      },
      {
        "kind": "number",
        "value": 106475.0
      },
      {
        "kind": "number",
        "value": 113865.0
      },
      {
        "kind": "number",
        "value": 121255.0
      },
      {
        "kind": "number",
        "value": 128645.0
      },
      {
        "kind": "number",
        "value": 136035.0
      },
      {
        "kind": "number",
        "value": 143425.0
      },
      {
        "kind": "number",
        "value": 150815.0
      },
      {
        "kind": "number",
        "value": 158205.0
      },
      {
        "kind": "number",
        "value": 165595.0
      },
      {
        "kind": "number",
        "value": 172985.0
      },
      {
        "kind": "number",
        "value": 180375.0
      },
      {
        "kind": "number",
        "value": 187765.0
      },
      {
        "kind": "number",
        "value": 195155.0
      },
      {
        "kind": "number",
        "value": 202545.0
      },
      {
        "kind": "number",
        "value": 209935.0
      },
      {
        "kind": "number",
        "value": 217325.0
      },
      {
        "kind": "number",
        "value": 224715.0
      },
      {
        "kind": "number",
        "value": 232105.0
      },
      {
        "kind": "number",
        "value": 239495.0
      },
      {
        "kind": "number",
        "value": 246885.0
      }
    ],
    [
      {
        "kind": "number",
        "value": 71026.0
      },
      {
        "kind": "number",
        "value": 78506.0
      },
      {
        "kind": "number",
        "value": 85986.0
      },
      {
        "kind": "number",
        "value": 93466.0
      },
      {
        "kind": "number",
        "value": 100946.0
      },
      {
        "kind": "number",
        "value": 108426.0
      },
      {
        "kind": "number",
        "value": 115906.0
      },
      {
        "kind": "number",
        "value": 123386.0
      },
      {
        "kind": "number",
        "value": 130866.0
      },
      {
        "kind": "number",
        "value": 138346.0
      },
      {
        "kind": "number",
        "value": 145826.0
      },
      {
        "kind": "number",
        "value": 153306.0
      },
      {
        "kind": "number",
        "value": 160786.0
      },
      {
        "kind": "number",
        "value": 168266.0
      },
      {
        "kind": "number",
        "value": 175746.0
      },
      {
        "kind": "number",
        "value": 183226.0
      },
      {
        "kind": "number",
        "value": 190706.0
      },
      {
        "kind": "number",
        "value": 198186.0
      },
      {
        "kind": "number",
        "value": 205666.0
      },
      {
        "kind": "number",
        "value": 213146.0
      },
      {
        "kind": "number",
        "value": 220626.0
      },
      {
        "kind": "number",
        "value": 228106.0
      },
      {
        "kind": "number",
        "value": 235586.0
      },
      {
        "kind": "number",
        "value": 243066.0
      },
      {
        "kind": "number",
        "value": 250546.0
      }
    ],
    [
      {
        "kind": "number",
        "value": 72527.0
      },
      {
        "kind": "number",
        "value": 80097.0
      },
      {
        "kind": "number",
        "value": 87667.0
      },
      {
        "kind": "number",
        "value": 95237.0
      },
      {
        "kind": "number",
        "value": 102807.0
      },
      {
        "kind": "number",
        "value": 110377.0
      },
      {
        "kind": "number",
        "value": 117947.0
      },
      {
        "kind": "number",
        "value": 125517.0
      },
      {
        "kind": "number",
        "value": 133087.0
      },
      {
        "kind": "number",
        "value": 140657.0
      },
      {
        "kind": "number",
        "value": 148227.0
      },
      {
        "kind": "number",
        "value": 155797.0
      },
      {
        "kind": "number",
        "value": 163367.0
      },
      {
        "kind": "number",
        "value": 170937.0
      },
      {
        "kind": "number",
        "value": 178507.0
      },
      {
        "kind": "number",
        "value": 186077.0
      },
      {
        "kind": "number",
        "value": 193647.0
      },
      {
        "kind": "number",
        "value": 201217.0
      },
      {
        "kind": "number",
        "value": 208787.0
      },
      {
        "kind": "number",
        "value": 216357.0
      },
      {
        "kind": "number",
        "value": 223927.0
      },
      {
        "kind": "number",
        "value": 231497.0
      },
      {
        "kind": "number",
        "value": 239067.0
      },
      {
        "kind": "number",
        "value": 246637.0
      },
      {
        "kind": "number",
        "value": 254207.0
      }
    ],
    [
      {
        "kind": "number",
        "value": 74028.0
      },
      {
        "kind": "number",
        "value": 81688.0
      },
      {
        "kind": "number",
        "value": 89348.0
      },
      {
        "kind": "number",
        "value": 97008.0
      },
      {
        "kind": "number",
        "value": 104668.0
      },
      {
        "kind": "number",
        "value": 112328.0
      },
      {
        "kind": "number",
        "value": 119988.0
      },
      {
        "kind": "number",
        "value": 127648.0
      },
      {
        "kind": "number",
        "value": 135308.0
      },
      {
        "kind": "number",
        "value": 142968.0
      },
      {
        "kind": "number",
        "value": 150628.0
      },
      {
        "kind": "number",
        "value": 158288.0
      },
      {
        "kind": "number",
        "value": 165948.0
      },
      {
        "kind": "number",
        "value": 173608.0
      },
      {
        "kind": "number",
        "value": 181268.0
      },
      {
        "kind": "number",
        "value": 188928.0
      },
      {
        "kind": "number",
        "value": 196588.0
      },
      {
        "kind": "number",
        "value": 204248.0
      },
      {
        "kind": "number",
        "value": 211908.0
      },
      {
        "kind": "number",
        "value": 219568.0
      },
      {
        "kind": "number",
        "value": 227228.0
      },
      {
        "kind": "number",
        "value": 234888.0
      },
      {
        "kind": "number",
        "value": 242548.0
      },
      {
        "kind": "number",
        "value": 250208.0
      },
      {
        "kind": "number",
        "value": 257868.0
      }
    ],
    [
      {
        "kind": "number",
        "value": 75529.0
      },
      {
        "kind": "number",
        "value": 83279.0
      },
      {
        "kind": "number",
        "value": 91029.0
      },
      {
        "kind": "number",
        "value": 98779.0
      },
      {
        "kind": "number",
        "value": 106529.0
      },
      {
        "kind": "number",
        "value": 114279.0
      },
      {
        "kind": "number",
        "value": 122029.0
      },
      {
        "kind": "number",
        "value": 129779.0
      },
      {
        "kind": "number",
        "value": 137529.0
      },
      {
        "kind": "number",
        "value": 145279.0
      },
      {
        "kind": "number",
        "value": 153029.0
      },
      {
        "kind": "number",
        "value": 160779.0
      },
      {
        "kind": "number",
        "value": 168529.0
      },
      {
        "kind": "number",
        "value": 176279.0
      },
      {
        "kind": "number",
        "value": 184029.0
      },
      {
        "kind": "number",
        "value": 191779.0
      },
      {
        "kind": "number",
        "value": 199529.0
      },
      {
        "kind": "number",
        "value": 207279.0
      },
      {
        "kind": "number",
        "value": 215029.0
      },
      {
        "kind": "number",
        "value": 222779.0
      },
      {
        "kind": "number",
        "value": 230529.0
      },
      {
        "kind": "number",
        "value": 238279.0
      },
      {
        "kind": "number",
        "value": 246029.0
      },
      {
        "kind": "number",
        "value": 253779.0
      },
      {
        "kind": "number",
        "value": 261529.0
      }
    ],
    [
      {
        "kind": "number",
        "value": 77030.0
      },
      {
        "kind": "number",
        "value": 84870.0
      },
      {
        "kind": "number",
        "value": 92710.0
      },
      {
        "kind": "number",
        "value": 100550.0
      },
      {
        "kind": "number",
        "value": 108390.0
      },
      {
        "kind": "number",
        "value": 116230.0
      },
      {
        "kind": "number",
        "value": 124070.0
      },
      {
        "kind": "number",
        "value": 131910.0
      },
      {
        "kind": "number",
        "value": 139750.0
      },
      {
        "kind": "number",
        "value": 147590.0
      },
      {
        "kind": "number",
        "value": 155430.0
      },
      {
        "kind": "number",
        "value": 163270.0
      },
      {
        "kind": "number",
        "value": 171110.0
      },
      {
        "kind": "number",
        "value": 178950.0
      },
      {
        "kind": "number",
        "value": 186790.0
      },
      {
        "kind": "number",
        "value": 194630.0
      },
      {
        "kind": "number",
        "value": 202470.0
      },
      {
        "kind": "number",
        "value": 210310.0
      },
      {
        "kind": "number",
        "value": 218150.0
      },
      {
        "kind": "number",
        "value": 225990.0
      },
      {
        "kind": "number",
        "value": 233830.0
      },
      {
        "kind": "number",
        "value": 241670.0
      },
      {
        "kind": "number",
        "value": 249510.0
      },
      {
        "kind": "number",
        "value": 257350.0
      },
      {
        "kind": "number",
        "value": 265190.0
      }
    ],
    [
      {
        "kind": "number",
        "value": 78531.0
      },
      {
        "kind": "number",
        "value": 86461.0
      },
      {
        "kind": "number",
        "value": 94391.0
      },
      {
        "kind": "number",
        "value": 102321.0
      },
      {
        "kind": "number",
        "value": 110251.0
      },
      {
        "kind": "number",
        "value": 118181.0
      },
      {
        "kind": "number",
        "value": 126111.0
      },
      {
        "kind": "number",
        "value": 134041.0
      },
      {
        "kind": "number",
        "value": 141971.0
      },
      {
        "kind": "number",
        "value": 149901.0
      },
      {
        "kind": "number",
        "value": 157831.0
      },
      {
        "kind": "number",
        "value": 165761.0
      },
      {
        "kind": "number",
        "value": 173691.0
      },
      {
        "kind": "number",
        "value": 181621.0
      },
      {
        "kind": "number",
        "value": 189551.0
      },
      {
        "kind": "number",
        "value": 197481.0
      },
      {
        "kind": "number",
        "value": 205411.0
      },
      {
        "kind": "number",
        "value": 213341.0
      },
      {
        "kind": "number",
        "value": 221271.0
      },
      {
        "kind": "number",
        "value": 229201.0
      },
      {
        "kind": "number",
        "value": 237131.0
      },
      {
        "kind": "number",
        "value": 245061.0
      },
      {
        "kind": "number",
        "value": 252991.0
      },
      {
        "kind": "number",
        "value": 260921.0
      },
      {
        "kind": "number",
        "value": 268851.0
      }
    ],
    [
      {
        "kind": "number",
        "value": 80032.0
      },
      {
        "kind": "number",
        "value": 88052.0
      },
      {
        "kind": "number",
        "value": 96072.0
      },
      {
        "kind": "number",
        "value": 104092.0
      },
      {
        "kind": "number",
        "value": 112112.0
      },
      {
        "kind": "number",
        "value": 120132.0
      },
      {
        "kind": "number",
        "value": 128152.0
      },
      {
        "kind": "number",
        "value": 136172.0
      },
      {
        "kind": "number",
        "value": 144192.0
      },
      {
        "kind": "number",
        "value": 152212.0
      },
      {
        "kind": "number",
        "value": 160232.0
      },
      {
        "kind": "number",
        "value": 168252.0
      },
      {
        "kind": "number",
        "value": 176272.0
      },
      {
        "kind": "number",
        "value": 184292.0
      },
      {
        "kind": "number",
        "value": 192312.0
      },
      {
        "kind": "number",
        "value": 200332.0
      },
      {
        "kind": "number",
        "value": 208352.0
      },
      {
        "kind": "number",
        "value": 216372.0
      },
      {
        "kind": "number",
        "value": 224392.0
      },
      {
        "kind": "number",
        "value": 232412.0
      },
      {
        "kind": "number",
        "value": 240432.0
      },
      {
        "kind": "number",
        "value": 248452.0
      },
      {
        "kind": "number",
        "value": 256472.0
      },
      {
        "kind": "number",
        "value": 264492.0
      },
      {
        "kind": "number",
        "value": 272512.0
      }
    ],
    [
      {
        "kind": "number",
        "value": 81533.0
      },
      {
        "kind": "number",
        "value": 89643.0
      },
      {
        "kind": "number",
        "value": 97753.0
      },
      {
        "kind": "number",
        "value": 105863.0
      },
      {
        "kind": "number",
        "value": 113973.0
      },
      {
        "kind": "number",
        "value": 122083.0
      },
      {
        "kind": "number",
        "value": 130193.0
      },
      {
        "kind": "number",
        "value": 138303.0
      },
      {
        "kind": "number",
        "value": 146413.0
      },
      {
        "kind": "number",
        "value": 154523.0
      },
      {
        "kind": "number",
        "value": 162633.0
      },
      {
        "kind": "number",
        "value": 170743.0
      },
      {
        "kind": "number",
        "value": 178853.0
      },
      {
        "kind": "number",
        "value": 186963.0
      },
      {
        "kind": "number",
        "value": 195073.0
      },
      {
        "kind": "number",
        "value": 203183.0
      },
      {
        "kind": "number",
        "value": 211293.0
      },
      {
        "kind": "number",
        "value": 219403.0
      },
      {
        "kind": "number",
        "value": 227513.0
      },
      {
        "kind": "number",
        "value": 235623.0
      },
      {
        "kind": "number",
        "value": 243733.0
      },
      {
        "kind": "number",
        "value": 251843.0
      },
      {
        "kind": "number",
        "value": 259953.0
      },
      {
        "kind": "number",
        "value": 268063.0
      },
      {
        "kind": "number",
        "value": 276173.0
      }
    ],
    [
      {
        "kind": "number",
        "value": 83034.0
      },
      {
        "kind": "number",
        "value": 91234.0
      },
      {
        "kind": "number",
        "value": 99434.0
      },
      {
        "kind": "number",
        "value": 107634.0
      },
      {
        "kind": "number",
        "value": 115834.0
      },
      {
        "kind": "number",
        "value": 124034.0
      },
      {
        "kind": "number",
        "value": 132234.0
      },
      {
        "kind": "number",
        "value": 140434.0
      },
      {
        "kind": "number",
        "value": 148634.0
      },
      {
        "kind": "number",
        "value": 156834.0
      },
      {
        "kind": "number",
        "value": 165034.0
      },
      {
        "kind": "number",
        "value": 173234.0
      },
      {
        "kind": "number",
        "value": 181434.0
      },
      {
        "kind": "number",
        "value": 189634.0
      },
      {
        "kind": "number",
        "value": 197834.0
      },
      {
        "kind": "number",
        "value": 206034.0
      },
      {
        "kind": "number",
        "value": 214234.0
      },
      {
        "kind": "number",
        "value": 222434.0
      },
      {
        "kind": "number",
        "value": 230634.0
      },
      {
        "kind": "number",
        "value": 238834.0
      },
      {
        "kind": "number",
        "value": 247034.0
      },
      {
        "kind": "number",
        "value": 255234.0
      },
      {
        "kind": "number",
        "value": 263434.0
      },
      {
        "kind": "number",
        "value": 271634.0
      },
      {
        "kind": "number",
        "value": 279834.0
      }
    ],
    [
      {
        "kind": "number",
        "value": 84535.0
      },
      {
        "kind": "number",
        "value": 92825.0
      },
      {
        "kind": "number",
        "value": 101115.0
      },
      {
        "kind": "number",
        "value": 109405.0
      },
      {
        "kind": "number",
        "value": 117695.0
      },
      {
        "kind": "number",
        "value": 125985.0
      },
      {
        "kind": "number",
        "value": 134275.0
      },
      {
        "kind": "number",
        "value": 142565.0
      },
      {
        "kind": "number",
        "value": 150855.0
      },
      {
        "kind": "number",
        "value": 159145.0
      },
      {
        "kind": "number",
        "value": 167435.0
      },
      {
        "kind": "number",
        "value": 175725.0
      },
      {
        "kind": "number",
        "value": 184015.0
      },
      {
        "kind": "number",
        "value": 192305.0
      },
      {
        "kind": "number",
        "value": 200595.0
      },
      {
        "kind": "number",
        "value": 208885.0
      },
      {
        "kind": "number",
        "value": 217175.0
      },
      {
        "kind": "number",
        "value": 225465.0
      },
      {
        "kind": "number",
        "value": 233755.0
      },
      {
        "kind": "number",
        "value": 242045.0
      },
      {
        "kind": "number",
        "value": 250335.0
      },
      {
        "kind": "number",
        "value": 258625.0
      },
      {
        "kind": "number",
        "value": 266915.0
      },
      {
        "kind": "number",
        "value": 275205.0
      },
      {
        "kind": "number",
        "value": 283495.0
      }
    ],
    [
      {
        "kind": "number",
        "value": 86036.0
      },
      {
        "kind": "number",
        "value": 94416.0
      },
      {
        "kind": "number",
        "value": 102796.0
      },
      {
        "kind": "number",
        "value": 111176.0
      },
      {
        "kind": "number",
        "value": 119556.0
      },
      {
        "kind": "number",
        "value": 127936.0
      },
      {
        "kind": "number",
        "value": 136316.0
      },
      {
        "kind": "number",
        "value": 144696.0
      },
      {
        "kind": "number",
        "value": 153076.0
      },
      {
        "kind": "number",
        "value": 161456.0
      },
      {
        "kind": "number",
        "value": 169836.0
      },
      {
        "kind": "number",
        "value": 178216.0
      },
      {
        "kind": "number",
        "value": 186596.0
      },
      {
        "kind": "number",
        "value": 194976.0
      },
      {
        "kind": "number",
        "value": 203356.0
      },
      {
        "kind": "number",
        "value": 211736.0
      },
      {
        "kind": "number",
        "value": 220116.0
      },
      {
        "kind": "number",
        "value": 228496.0
      },
      {
        "kind": "number",
        "value": 236876.0
      },
      {
        "kind": "number",
        "value": 245256.0
      },
      {
        "kind": "number",
        "value": 253636.0
      },
      {
        "kind": "number",
        "value": 262016.0
      },
      {
        "kind": "number",
        "value": 270396.0
      },
      {
        "kind": "number",
        "value": 278776.0
      },
      {
        "kind": "number",
        "value": 287156.0
      }
    ],
    [
      {
        "kind": "number",
        "value": 87537.0
      },
      {
        "kind": "number",
        "value": 96007.0
      },
      {
        "kind": "number",
        "value": 104477.0
      },
      {
        "kind": "number",
        "value": 112947.0
      },
      {
        "kind": "number",
        "value": 121417.0
      },
      {
        "kind": "number",
        "value": 129887.0
      },
      {
        "kind": "number",
        "value": 138357.0
      },
      {
        "kind": "number",
        "value": 146827.0
      },
      {
        "kind": "number",
        "value": 155297.0
      },
      {
        "kind": "number",
        "value": 163767.0
      },
      {
        "kind": "number",
        "value": 172237.0
      },
      {
        "kind": "number",
        "value": 180707.0
      },
      {
        "kind": "number",
        "value": 189177.0
      },
      {
        "kind": "number",
        "value": 197647.0
      },
      {
        "kind": "number",
        "value": 206117.0
      },
      {
        "kind": "number",
        "value": 214587.0
      },
      {
        "kind": "number",
        "value": 223057.0
      },
      {
        "kind": "number",
        "value": 231527.0
      },
      {
        "kind": "number",
        "value": 239997.0
      },
      {
        "kind": "number",
        "value": 248467.0
      },
      {
        "kind": "number",
        "value": 256937.0
      },
      {
        "kind": "number",
        "value": 265407.0
      },
      {
        "kind": "number",
        "value": 273877.0
      },
      {
        "kind": "number",
        "value": 282347.0
      },
      {
        "kind": "number",
        "value": 290817.0
      }
    ],
    [
      {
        "kind": "number",
        "value": 89038.0
      },
      {
        "kind": "number",
        "value": 97598.0
      },
      {
        "kind": "number",
        "value": 106158.0
      },
      {
        "kind": "number",
        "value": 114718.0
      },
      {
        "kind": "number",
        "value": 123278.0
      },
      {
        "kind": "number",
        "value": 131838.0
      },
      {
        "kind": "number",
        "value": 140398.0
      },
      {
        "kind": "number",
        "value": 148958.0
      },
      {
        "kind": "number",
        "value": 157518.0
      },
      {
        "kind": "number",
        "value": 166078.0
      },
      {
        "kind": "number",
        "value": 174638.0
      },
      {
        "kind": "number",
        "value": 183198.0
      },
      {
        "kind": "number",
        "value": 191758.0
      },
      {
        "kind": "number",
        "value": 200318.0
      },
      {
        "kind": "number",
        "value": 208878.0
      },
      {
        "kind": "number",
        "value": 217438.0
      },
      {
        "kind": "number",
        "value": 225998.0
      },
      {
        "kind": "number",
        "value": 234558.0
      },
      {
        "kind": "number",
        "value": 243118.0
      },
      {
        "kind": "number",
        "value": 251678.0
      },
      {
        "kind": "number",
        "value": 260238.0
      },
      {
        "kind": "number",
        "value": 268798.0
      },
      {
        "kind": "number",
        "value": 277358.0
      },
      {
        "kind": "number",
        "value": 285918.0
      },
      {
        "kind": "number",
        "value": 294478.0
      }
    ],
    [
      {
        "kind": "number",
        "value": 90539.0
      },
      {
        "kind": "number",
        "value": 99189.0
      },
      {
        "kind": "number",
        "value": 107839.0
      },
      {
        "kind": "number",
        "value": 116489.0
      },
      {
        "kind": "number",
        "value": 125139.0
      },
      {
        "kind": "number",
        "value": 133789.0
      },
      {
        "kind": "number",
        "value": 142439.0
      },
      {
        "kind": "number",
        "value": 151089.0
      },
      {
        "kind": "number",
        "value": 159739.0
      },
      {
        "kind": "number",
        "value": 168389.0
      },
      {
        "kind": "number",
        "value": 177039.0
      },
      {
        "kind": "number",
        "value": 185689.0
      },
      {
        "kind": "number",
        "value": 194339.0
      },
      {
        "kind": "number",
        "value": 202989.0
      },
      {
        "kind": "number",
        "value": 211639.0
      },
      {
        "kind": "number",
        "value": 220289.0
      },
      {
        "kind": "number",
        "value": 228939.0
      },
      {
        "kind": "number",
        "value": 237589.0
      },
      {
        "kind": "number",
        "value": 246239.0
      },
      {
        "kind": "number",
        "value": 254889.0
      },
      {
        "kind": "number",
        "value": 263539.0
      },
      {
        "kind": "number",
        "value": 272189.0
      },
      {
        "kind": "number",
        "value": 280839.0
      },
      {
        "kind": "number",
        "value": 289489.0
      },
      {
        "kind": "number",
        "value": 298139.0
      }
    ],
    [
      {
        "kind": "number",
        "value": 92040.0
      },
      {
        "kind": "number",
        "value": 100780.0
      },
      {
        "kind": "number",
        "value": 109520.0
      },
      {
        "kind": "number",
        "value": 118260.0
      },
      {
        "kind": "number",
        "value": 127000.0
      },
      {
        "kind": "number",
        "value": 135740.0
      },
      {
        "kind": "number",
        "value": 144480.0
      },
      {
        "kind": "number",
        "value": 153220.0
      },
      {
        "kind": "number",
        "value": 161960.0
      },
      {
        "kind": "number",
        "value": 170700.0
      },
      {
        "kind": "number",
        "value": 179440.0
      },
      {
        "kind": "number",
        "value": 188180.0
      },
      {
        "kind": "number",
        "value": 196920.0
      },
      {
        "kind": "number",
        "value": 205660.0
      },
      {
        "kind": "number",
        "value": 214400.0
      },
      {
        "kind": "number",
        "value": 223140.0
      },
      {
        "kind": "number",
        "value": 231880.0
      },
      {
        "kind": "number",
        "value": 240620.0
      },
      {
        "kind": "number",
        "value": 249360.0
      },
      {
        "kind": "number",
        "value": 258100.0
      },
      {
        "kind": "number",
        "value": 266840.0
      },
      {
        "kind": "number",
        "value": 275580.0
      },
      {
        "kind": "number",
        "value": 284320.0
      },
      {
        "kind": "number",
        "value": 293060.0
      },
      {
        "kind": "number",
        "value": 301800.0
      }
    ],
    [
      {
        "kind": "number",
        "value": 93541.0
      },
      {
        "kind": "number",
        "value": 102371.0
      },
      {
        "kind": "number",
        "value": 111201.0
      },
      {
        "kind": "number",
        "value": 120031.0
      },
      {
        "kind": "number",
        "value": 128861.0
      },
      {
        "kind": "number",
        "value": 137691.0
      },
      {
        "kind": "number",
        "value": 146521.0
      },
      {
        "kind": "number",
        "value": 155351.0
      },
      {
        "kind": "number",
        "value": 164181.0
      },
      {
        "kind": "number",
        "value": 173011.0
      },
      {
        "kind": "number",
        "value": 181841.0
      },
      {
        "kind": "number",
        "value": 190671.0
      },
      {
        "kind": "number",
        "value": 199501.0
      },
      {
        "kind": "number",
        "value": 208331.0
      },
      {
        "kind": "number",
        "value": 217161.0
      },
      {
        "kind": "number",
        "value": 225991.0
      },
      {
        "kind": "number",
        "value": 234821.0
      },
      {
        "kind": "number",
        "value": 243651.0
      },
      {
        "kind": "number",
        "value": 252481.0
      },
      {
        "kind": "number",
        "value": 261311.0
      },
      {
        "kind": "number",
        "value": 270141.0
      },
      {
        "kind": "number",
        "value": 278971.0
      },
      {
        "kind": "number",
        "value": 287801.0
      },
      {
        "kind": "number",
        "value": 296631.0
      },
      {
        "kind": "number",
        "value": 305461.0
      }
    ],
    [
      {
        "kind": "number",
        "value": 95042.0
      },
      {
        "kind": "number",
        "value": 103962.0
      },
      {
        "kind": "number",
        "value": 112882.0
      },
      {
        "kind": "number",
        "value": 121802.0
      },
      {
        "kind": "number",
        "value": 130722.0
      },
      {
        "kind": "number",
        "value": 139642.0
      },
      {
        "kind": "number",
        "value": 148562.0
      },
      {
        "kind": "number",
        "value": 157482.0
      },
      {
        "kind": "number",
        "value": 166402.0
      },
      {
        "kind": "number",
        "value": 175322.0
      },
      {
        "kind": "number",
        "value": 184242.0
      },
      {
        "kind": "number",
        "value": 193162.0
      },
      {
        "kind": "number",
        "value": 202082.0
      },
      {
        "kind": "number",
        "value": 211002.0
      },
      {
        "kind": "number",
        "value": 219922.0
      },
      {
        "kind": "number",
        "value": 228842.0
      },
      {
        "kind": "number",
        "value": 237762.0
      },
      {
        "kind": "number",
        "value": 246682.0
      },
      {
        "kind": "number",
        "value": 255602.0
      },
      {
        "kind": "number",
        "value": 264522.0
      },
      {
        "kind": "number",
        "value": 273442.0
      },
      {
        "kind": "number",
        "value": 282362.0
      },
      {
        "kind": "number",
        "value": 291282.0
      },
      {
        "kind": "number",
        "value": 300202.0
      },
      {
        "kind": "number",
        "value": 309122.0
      }
    ],
    [
      {
        "kind": "number",
        "value": 96543.0
      },
      {
        "kind": "number",
        "value": 105553.0
      },
      {
        "kind": "number",
        "value": 114563.0
      },
      {
        "kind": "number",
        "value": 123573.0
      },
      {
        "kind": "number",
        "value": 132583.0
      },
      {
        "kind": "number",
        "value": 141593.0
      },
      {
        "kind": "number",
        "value": 150603.0
      },
      {
        "kind": "number",
        "value": 159613.0
      },
      {
        "kind": "number",
        "value": 168623.0
      },
      {
        "kind": "number",
        "value": 177633.0
      },
      {
        "kind": "number",
        "value": 186643.0
      },
      {
        "kind": "number",
        "value": 195653.0
      },
      {
        "kind": "number",
        "value": 204663.0
      },
      {
        "kind": "number",
        "value": 213673.0
      },
      {
        "kind": "number",
        "value": 222683.0
      },
      {
        "kind": "number",
        "value": 231693.0
      },
      {
        "kind": "number",
        "value": 240703.0
      },
      {
        "kind": "number",
        "value": 249713.0
      },
      {
        "kind": "number",
        "value": 258723.0
      },
      {
        "kind": "number",
        "value": 267733.0
      },
      {
        "kind": "number",
        "value": 276743.0
      },
      {
        "kind": "number",
        "value": 285753.0
      },
      {
        "kind": "number",
        "value": 294763.0
      },
      {
        "kind": "number",
        "value": 303773.0
      },
      {
        "kind": "number",
        "value": 312783.0
      }
    ],
    [
      {
        "kind": "number",
        "value": 98044.0
      },
      {
        "kind": "number",
        "value": 107144.0
      },
      {
        "kind": "number",
        "value": 116244.0
      },
      {
        "kind": "number",
        "value": 125344.0
      },
      {
        "kind": "number",
        "value": 134444.0
      },
      {
        "kind": "number",
        "value": 143544.0
      },
      {
        "kind": "number",
        "value": 152644.0
      },
      {
        "kind": "number",
        "value": 161744.0
      },
      {
        "kind": "number",
        "value": 170844.0
      },
      {
        "kind": "number",
        "value": 179944.0
      },
      {
        "kind": "number",
        "value": 189044.0
      },
      {
        "kind": "number",
        "value": 198144.0
      },
      {
        "kind": "number",
        "value": 207244.0
      },
      {
        "kind": "number",
        "value": 216344.0
      },
      {
        "kind": "number",
        "value": 225444.0
      },
      {
        "kind": "number",
        "value": 234544.0
      },
      {
        "kind": "number",
        "value": 243644.0
      },
      {
        "kind": "number",
        "value": 252744.0
      },
      {
        "kind": "number",
        "value": 261844.0
      },
      {
        "kind": "number",
        "value": 270944.0
      },
      {
        "kind": "number",
        "value": 280044.0
      },
      {
        "kind": "number",
        "value": 289144.0
      },
      {
        "kind": "number",
        "value": 298244.0
      },
      {
        "kind": "number",
        "value": 307344.0
      },
      {
        "kind": "number",
        "value": 316444.0
      }
    ],
    [
      {
        "kind": "number",
        "value": 99545.0
      },
      {
        "kind": "number",
        "value": 108735.0
      },
      {
        "kind": "number",
        "value": 117925.0
      },
      {
        "kind": "number",
        "value": 127115.0
      },
      {
        "kind": "number",
        "value": 136305.0
      },
      {
        "kind": "number",
        "value": 145495.0
      },
      {
        "kind": "number",
        "value": 154685.0
      },
      {
        "kind": "number",
        "value": 163875.0
      },
      {
        "kind": "number",
        "value": 173065.0
      },
      {
        "kind": "number",
        "value": 182255.0
      },
      {
        "kind": "number",
        "value": 191445.0
      },
      {
        "kind": "number",
        "value": 200635.0
      },
      {
        "kind": "number",
        "value": 209825.0
      },
      {
        "kind": "number",
        "value": 219015.0
      },
      {
        "kind": "number",
        "value": 228205.0
      },
      {
        "kind": "number",
        "value": 237395.0
      },
      {
        "kind": "number",
        "value": 246585.0
      },
      {
        "kind": "number",
        "value": 255775.0
      },
      {
        "kind": "number",
        "value": 264965.0
      },
      {
        "kind": "number",
        "value": 274155.0
      },
      {
        "kind": "number",
        "value": 283345.0
      },
      {
        "kind": "number",
        "value": 292535.0
      },
      {
        "kind": "number",
        "value": 301725.0
      },
      {
        "kind": "number",
        "value": 310915.0
      },
      {
        "kind": "number",
        "value": 320105.0
      }
    ],
    [
      {
        "kind": "number",
        "value": 101046.0
      },
      {
        "kind": "number",
        "value": 110326.0
      },
      {
        "kind": "number",
        "value": 119606.0
      },
      {
        "kind": "number",
        "value": 128886.0
      },
      {
        "kind": "number",
        "value": 138166.0
      },
      {
        "kind": "number",
        "value": 147446.0
      },
      {
        "kind": "number",
        "value": 156726.0
      },
      {
        "kind": "number",
        "value": 166006.0
      },
      {
        "kind": "number",
        "value": 175286.0
      },
      {
        "kind": "number",
        "value": 184566.0
      },
      {
        "kind": "number",
        "value": 193846.0
      },
      {
        "kind": "number",
        "value": 203126.0
      },
      {
        "kind": "number",
        "value": 212406.0
      },
      {
        "kind": "number",
        "value": 221686.0
      },
      {
        "kind": "number",
        "value": 230966.0
      },
      {
        "kind": "number",
        "value": 240246.0
      },
      {
        "kind": "number",
        "value": 249526.0
      },
      {
        "kind": "number",
        "value": 258806.0
      },
      {
        "kind": "number",
        "value": 268086.0
      },
      {
        "kind": "number",
        "value": 277366.0
      },
      {
        "kind": "number",
        "value": 286646.0
      },
      {
        "kind": "number",
        "value": 295926.0
      },
      {
        "kind": "number",
        "value": 305206.0
      },
      {
        "kind": "number",
        "value": 314486.0
      },
      {
        "kind": "number",
        "value": 323766.0
      }
    ],
    [
      {
        "kind": "number",
        "value": 102547.0
      },
      {
        "kind": "number",
        "value": 111917.0
      },
      {
        "kind": "number",
        "value": 121287.0
      },
      {
        "kind": "number",
        "value": 130657.0
      },
      {
        "kind": "number",
        "value": 140027.0
      },
      {
        "kind": "number",
        "value": 149397.0
      },
      {
        "kind": "number",
        "value": 158767.0
      },
      {
        "kind": "number",
        "value": 168137.0
      },
      {
        "kind": "number",
        "value": 177507.0
      },
      {
        "kind": "number",
        "value": 186877.0
      },
      {
        "kind": "number",
        "value": 196247.0
      },
      {
        "kind": "number",
        "value": 205617.0
      },
      {
        "kind": "number",
        "value": 214987.0
      },
      {
        "kind": "number",
        "value": 224357.0
      },
      {
        "kind": "number",
        "value": 233727.0
      },
      {
        "kind": "number",
        "value": 243097.0
      },
      {
        "kind": "number",
        "value": 252467.0
      },
      {
        "kind": "number",
        "value": 261837.0
      },
      {
        "kind": "number",
        "value": 271207.0
      },
      {
        "kind": "number",
        "value": 280577.0
      },
      {
        "kind": "number",
        "value": 289947.0
      },
      {
        "kind": "number",
        "value": 299317.0
      },
      {
        "kind": "number",
        "value": 308687.0
      },
      {
        "kind": "number",
        "value": 318057.0
      },
      {
        "kind": "number",
        "value": 327427.0
      }
    ],
    [
      {
        "kind": "number",
        "value": 104048.0
      },
      {
        "kind": "number",
        "value": 113508.0
      },
      {
        "kind": "number",
        "value": 122968.0
      },
      {
        "kind": "number",
        "value": 132428.0
      },
      {
        "kind": "number",
        "value": 141888.0
      },
      {
        "kind": "number",
        "value": 151348.0
      },
      {
        "kind": "number",
        "value": 160808.0
      },
      {
        "kind": "number",
        "value": 170268.0
      },
      {
        "kind": "number",
        "value": 179728.0
      },
      {
        "kind": "number",
        "value": 189188.0
      },
      {
        "kind": "number",
        "value": 198648.0
      },
      {
        "kind": "number",
        "value": 208108.0
      },
      {
        "kind": "number",
        "value": 217568.0
      },
      {
        "kind": "number",
        "value": 227028.0
      },
      {
        "kind": "number",
        "value": 236488.0
      },
      {
        "kind": "number",
        "value": 245948.0
      },
      {
        "kind": "number",
        "value": 255408.0
      },
      {
        "kind": "number",
        "value": 264868.0
      },
      {
        "kind": "number",
        "value": 274328.0
      },
      {
        "kind": "number",
        "value": 283788.0
      },
      {
        "kind": "number",
        "value": 293248.0
      },
      {
        "kind": "number",
        "value": 302708.0
      },
      {
        "kind": "number",
        "value": 312168.0
      },
      {
        "kind": "number",
        "value": 321628.0
      },
      {
        "kind": "number",
        "value": 331088.0
      }
    ],
    [
      {
        "kind": "number",
        "value": 105549.0
      },
      {
        "kind": "number",
        "value": 115099.0
      },
      {
        "kind": "number",
        "value": 124649.0
      },
      {
        "kind": "number",
        "value": 134199.0
      },
      {
        "kind": "number",
        "value": 143749.0
      },
      {
        "kind": "number",
        "value": 153299.0
      },
      {
        "kind": "number",
        "value": 162849.0
      },
      {
        "kind": "number",
        "value": 172399.0
      },
      {
        "kind": "number",
        "value": 181949.0
      },
      {
        "kind": "number",
        "value": 191499.0
      },
      {
        "kind": "number",
        "value": 201049.0
      },
      {
        "kind": "number",
        "value": 210599.0
      },
      {
        "kind": "number",
        "value": 220149.0
      },
      {
        "kind": "number",
        "value": 229699.0
      },
      {
        "kind": "number",
        "value": 239249.0
      },
      {
        "kind": "number",
        "value": 248799.0
      },
      {
        "kind": "number",
        "value": 258349.0
      },
      {
        "kind": "number",
        "value": 267899.0
      },
      {
        "kind": "number",
        "value": 277449.0
      },
      {
        "kind": "number",
        "value": 286999.0
      },
      {
        "kind": "number",
        "value": 296549.0
      },
      {
        "kind": "number",
        "value": 306099.0
      },
      {
        "kind": "number",
        "value": 315649.0
      },
      {
        "kind": "number",
        "value": 325199.0
      },
      {
        "kind": "number",
        "value": 334749.0
      }
    ],
    [
      {
        "kind": "number",
        "value": 1055490.0
      },
      {
        "kind": "number",
        "value": 1150990.0
      },
      {
        "kind": "number",
        "value": 1246490.0
      },
      {
        "kind": "number",
        "value": 1341990.0
      },
      {
        "kind": "number",
        "value": 1437490.0
      },
      {
        "kind": "number",
        "value": 1532990.0
      },
      {
        "kind": "number",
        "value": 1628490.0
      },
      {
        "kind": "number",
        "value": 1723990.0
      },
      {
        "kind": "number",
        "value": 1819490.0
      },
      {
        "kind": "number",
        "value": 1914990.0
      },
      {
        "kind": "number",
        "value": 2010490.0
      },
      {
        "kind": "number",
        "value": 2105990.0
      },
      {
        "kind": "number",
        "value": 2201490.0
      },
      {
        "kind": "number",
        "value": 2296990.0
      },
      {
        "kind": "number",
        "value": 2392490.0
      },
      {
        "kind": "number",
        "value": 2487990.0
      },
      {
        "kind": "number",
        "value": 2583490.0
      },
      {
        "kind": "number",
        "value": 2678990.0
      },
      {
        "kind": "number",
        "value": 2774490.0
      },
      {
        "kind": "number",
        "value": 2869990.0
      },
      {
        "kind": "number",
        "value": 2965490.0
      },
      {
        "kind": "number",
        "value": 3060990.0
      },
      {
        "kind": "number",
        "value": 3156490.0
      },
      {
        "kind": "number",
        "value": 3251990.0
      },
      {
        "kind": "number",
        "value": 3347490.0
      }
    ],
    [
      {
        "kind": "number",
        "value": 10554900.0
      },
      {
        "kind": "number",
        "value": 11509900.0
      },
      {
        "kind": "number",
        "value": 12464900.0
      },
      {
        "kind": "number",
        "value": 13419900.0
      },
      {
        "kind": "number",
        "value": 14374900.0
      },
      {
        "kind": "number",
        "value": 15329900.0
      },
      {
        "kind": "number",
        "value": 16284900.0
      },
      {
        "kind": "number",
        "value": 17239900.0
      },
      {
        "kind": "number",
        "value": 18194900.0
      },
      {
        "kind": "number",
        "value": 19149900.0
      },
      {
        "kind": "number",
        "value": 20104900.0
      },
      {
        "kind": "number",
        "value": 21059900.0
      },
      {
        "kind": "number",
        "value": 22014900.0
      },
      {
        "kind": "number",
        "value": 22969900.0
      },
      {
        "kind": "number",
        "value": 23924900.0
      },
      {
        "kind": "number",
        "value": 24879900.0
      },
      {
        "kind": "number",
        "value": 25834900.0
      },
      {
        "kind": "number",
        "value": 26789900.0
      },
      {
        "kind": "number",
        "value": 27744900.0
      },
      {
        "kind": "number",
        "value": 28699900.0
      },
      {
        "kind": "number",
        "value": 29654900.0
      },
      {
        "kind": "number",
        "value": 30609900.0
      },
      {
        "kind": "number",
        "value": 31564900.0
      },
      {
        "kind": "number",
        "value": 32519900.0
      },
      {
        "kind": "number",
        "value": 33474900.0
      }
    ]
  ]
}
