---
source: tests/fixtures_snapshot.rs
expression: snapshot.clone()
---
{
  "columns": [
    "Y1",
    "Y2",
    "Y3",
    "Y4",
    "Y5",
    "Y6",
    "Y7",
    "Y8",
    "Y9",
    "Y10"
  ],
  "row_count": 50,
  "rows": [
    [
      {
        "kind": "number",
        "value": 16.309999465942383
      },
      {
        "kind": "number",
        "value": 16.860000610351563
      },
      {
        "kind": "number",
        "value": 18.809999465942383
      },
      {
        "kind": "number",
        "value": 17.270000457763672
      },
      {
        "kind": "number",
        "value": 16.270000457763672
      },
      {
        "kind": "number",
        "value": 15.4399995803833
      },
      {
        "kind": "number",
        "value": 16.049999237060547
      },
      {
        "kind": "number",
        "value": 17.200000762939453
      },
      {
        "kind": "number",
        "value": 17.31999969482422
      },
      {
        "kind": "number",
        "value": 17.43000030517578
      }
    ],
    [
      {
        "kind": "number",
        "value": 14.239999771118164
      },
      {
        "kind": "number",
        "value": 15.819999694824219
      },
      {
        "kind": "number",
        "value": 17.920000076293945
      },
      {
        "kind": "number",
        "value": 15.930000305175781
      },
      {
        "kind": "number",
        "value": 15.470000267028809
      },
      {
        "kind": "number",
        "value": 17.360000610351563
      },
      {
        "kind": "number",
        "value": 17.760000228881836
      },
      {
        "kind": "number",
        "value": 16.860000610351563
      },
      {
        "kind": "number",
        "value": 17.760000228881836
      },
      {
        "kind": "number",
        "value": 17.200000762939453
      }
    ],
    [
      {
        "kind": "number",
        "value": 17.649999618530273
      },
      {
        "kind": "number",
        "value": 16.940000534057617
      },
      {
        "kind": "number",
        "value": 14.180000305175781
      },
      {
        "kind": "number",
        "value": 14.239999771118164
      },
      {
        "kind": "number",
        "value": 16.260000228881836
      },
      {
        "kind": "number",
        "value": 14.649999618530273
      },
      {
        "kind": "number",
        "value": 15.09000015258789
      },
      {
        "kind": "number",
        "value": 15.739999771118164
      },
      {
        "kind": "number",
        "value": 16.56999969482422
      },
      {
        "kind": "number",
        "value": 15.930000305175781
      }
    ],
    [
      {
        "kind": "number",
        "value": 15.9399995803833
      },
      {
        "kind": "number",
        "value": 15.600000381469727
      },
      {
        "kind": "number",
        "value": 17.479999542236328
      },
      {
        "kind": "number",
        "value": 17.979999542236328
      },
      {
        "kind": "number",
        "value": 19.030000686645508
      },
      {
        "kind": "number",
        "value": 16.459999084472656
      },
      {
        "kind": "number",
        "value": 18.8700008392334
      },
      {
        "kind": "number",
        "value": 17.850000381469727
      },
      {
        "kind": "number",
        "value": 19.31999969482422
      },
      {
        "kind": "number",
        "value": 15.649999618530273
      }
    ],
    [
      {
        "kind": "number",
        "value": 15.779999732971191
      },
      {
        "kind": "number",
        "value": 15.010000228881836
      },
      {
        "kind": "number",
        "value": 15.539999961853027
      },
      {
        "kind": "number",
        "value": 16.729999542236328
      },
      {
        "kind": "number",
        "value": 15.430000305175781
      },
      {
        "kind": "number",
        "value": 16.670000076293945
      },
      {
        "kind": "number",
        "value": 17.40999984741211
      },
      {
        "kind": "number",
        "value": 16.309999465942383
      },
      {
        "kind": "number",
        "value": 17.329999923706055
      },
      {
        "kind": "number",
        "value": 17.299999237060547
      }
    ],
    [
      {
        "kind": "number",
        "value": 16.209999084472656
      },
      {
        "kind": "number",
        "value": 15.630000114440918
      },
      {
        "kind": "number",
        "value": 17.65999984741211
      },
      {
        "kind": "number",
        "value": 15.970000267028809
      },
      {
        "kind": "number",
        "value": 15.760000228881836
      },
      {
        "kind": "number",
        "value": 17.489999771118164
      },
      {
        "kind": "number",
        "value": 15.34000015258789
      },
      {
        "kind": "number",
        "value": 18.229999542236328
      },
      {
        "kind": "number",
        "value": 17.889999389648438
      },
      {
        "kind": "number",
        "value": 18.06999969482422
      }
    ],
    [
      {
        "kind": "number",
        "value": 17.219999313354492
      },
      {
        "kind": "number",
        "value": 16.34000015258789
      },
      {
        "kind": "number",
        "value": 18.489999771118164
      },
      {
        "kind": "number",
        "value": 15.460000038146973
      },
      {
        "kind": "number",
        "value": 17.079999923706055
      },
      {
        "kind": "number",
        "value": 15.369999885559082
      },
      {
        "kind": "number",
        "value": 19.229999542236328
      },
      {
        "kind": "number",
        "value": 15.789999961853027
      },
      {
        "kind": "number",
        "value": 17.1299991607666
      },
      {
        "kind": "number",
        "value": 19.760000228881836
      }
    ],
    [
      {
        "kind": "number",
        "value": 17.6299991607666
      },
      {
        "kind": "number",
        "value": 18.68000030517578
      },
      {
        "kind": "number",
        "value": 14.720000267028809
      },
      {
        "kind": "number",
        "value": 16.360000610351563
      },
      {
        "kind": "number",
        "value": 20.889999389648438
      },
      {
        "kind": "number",
        "value": 17.670000076293945
      },
      {
        "kind": "number",
        "value": 18.139999389648438
      },
      {
        "kind": "number",
        "value": 17.299999237060547
      },
      {
        "kind": "number",
        "value": 15.789999961853027
      },
      {
        "kind": "number",
        "value": 18.440000534057617
      }
    ],
    [
      {
        "kind": "number",
        "value": 14.619999885559082
      },
      {
        "kind": "number",
        "value": 16.350000381469727
      },
      {
        "kind": "number",
        "value": 18.209999084472656
      },
      {
        "kind": "number",
        "value": 18.979999542236328
      },
      {
        "kind": "number",
        "value": 15.15999984741211
      },
      {
        "kind": "number",
        "value": 15.399999618530273
      },
      {
        "kind": "number",
        "value": 15.010000228881836
      },
      {
        "kind": "number",
        "value": 15.050000190734863
      },
      {
        "kind": "number",
        "value": 19.229999542236328
      },
      {
        "kind": "number",
        "value": 15.979999542236328
      }
    ],
    [
      {
        "kind": "number",
        "value": 18.81999969482422
      },
      {
        "kind": "number",
        "value": 15.640000343322754
      },
      {
        "kind": "number",
        "value": 16.860000610351563
      },
      {
        "kind": "number",
        "value": 15.850000381469727
      },
      {
        "kind": "number",
        "value": 15.210000038146973
      },
      {
        "kind": "number",
        "value": 20.06999969482422
      },
      {
        "kind": "number",
        "value": 13.5600004196167
      },
      {
        "kind": "number",
        "value": 18.959999084472656
      },
      {
        "kind": "number",
        "value": 18.809999465942383
      },
      {
        "kind": "number",
        "value": 14.630000114440918
      }
    ],
    [
      {
        "kind": "number",
        "value": 16.700000762939453
      },
      {
        "kind": "number",
        "value": 15.989999771118164
      },
      {
        "kind": "number",
        "value": 20.010000228881836
      },
      {
        "kind": "number",
        "value": 20.280000686645508
      },
      {
        "kind": "number",
        "value": 15.729999542236328
      },
      {
        "kind": "number",
        "value": 17.350000381469727
      },
      {
        "kind": "number",
        "value": 14.770000457763672
      },
      {
        "kind": "number",
        "value": 14.329999923706055
      },
      {
        "kind": "number",
        "value": 18.280000686645508
      },
      {
        "kind": "number",
        "value": 13.329999923706055
      }
    ],
    [
      {
        "kind": "number",
        "value": 15.34000015258789
      },
      {
        "kind": "number",
        "value": 18.84000015258789
      },
      {
        "kind": "number",
        "value": 17.43000030517578
      },
      {
        "kind": "number",
        "value": 19.809999465942383
      },
      {
        "kind": "number",
        "value": 17.850000381469727
      },
      {
        "kind": "number",
        "value": 16.420000076293945
      },
      {
        "kind": "number",
        "value": 17.6299991607666
      },
      {
        "kind": "number",
        "value": 18.350000381469727
      },
      {
        "kind": "number",
        "value": 16.770000457763672
      },
      {
        "kind": "number",
        "value": 17.059999465942383
      }
    ],
    [
      {
        "kind": "number",
        "value": 17.739999771118164
      },
      {
        "kind": "number",
        "value": 17.40999984741211
      },
      {
        "kind": "number",
        "value": 19.610000610351563
      },
      {
        "kind": "number",
        "value": 17.84000015258789
      },
      {
        "kind": "number",
        "value": 17.639999389648438
      },
      {
        "kind": "number",
        "value": 17.25
      },
      {
        "kind": "number",
        "value": 17.020000457763672
      },
      {
        "kind": "number",
        "value": 15.880000114440918
      },
      {
        "kind": "number",
        "value": 15.880000114440918
      },
      {
        "kind": "number",
        "value": 17.469999313354492
      }
    ],
    [
      {
        "kind": "number",
        "value": 17.09000015258789
      },
      {
        "kind": "number",
        "value": 18.209999084472656
      },
      {
        "kind": "number",
        "value": 17.829999923706055
      },
      {
        "kind": "number",
        "value": 18.68000030517578
      },
      {
        "kind": "number",
        "value": 16.110000610351563
      },
      {
        "kind": "number",
        "value": 15.770000457763672
      },
      {
        "kind": "number",
        "value": 18.670000076293945
      },
      {
        "kind": "number",
        "value": 16.700000762939453
      },
      {
        "kind": "number",
        "value": 16.799999237060547
      },
      {
        "kind": "number",
        "value": 16.479999542236328
      }
    ],
    [
      {
        "kind": "number",
        "value": 20.5
      },
      {
        "kind": "number",
        "value": 17.920000076293945
      },
      {
        "kind": "number",
        "value": 16.649999618530273
      },
      {
        "kind": "number",
        "value": 15.170000076293945
      },
      {
        "kind": "number",
        "value": 16.3700008392334
      },
      {
        "kind": "number",
        "value": 17.450000762939453
      },
      {
        "kind": "number",
        "value": 16.389999389648438
      },
      {
        "kind": "number",
        "value": 14.399999618530273
      },
      {
        "kind": "number",
        "value": 17.100000381469727
      },
      {
        "kind": "number",
        "value": 16.34000015258789
      }
    ],
    [
      {
        "kind": "number",
        "value": 15.020000457763672
      },
      {
        "kind": "number",
        "value": 14.630000114440918
      },
      {
        "kind": "number",
        "value": 20.399999618530273
      },
      {
        "kind": "number",
        "value": 20.15999984741211
      },
      {
        "kind": "number",
        "value": 13.279999732971191
      },
      {
        "kind": "number",
        "value": 14.800000190734863
      },
      {
        "kind": "number",
        "value": 16.209999084472656
      },
      {
        "kind": "number",
        "value": 17.270000457763672
      },
      {
        "kind": "number",
        "value": 14.850000381469727
      },
      {
        "kind": "number",
        "value": 17.510000228881836
      }
    ],
    [
      {
        "kind": "number",
        "value": 15.819999694824219
      },
      {
        "kind": "number",
        "value": 19.139999389648438
      },
      {
        "kind": "number",
        "value": 17.610000610351563
      },
      {
        "kind": "number",
        "value": 18.709999084472656
      },
      {
        "kind": "number",
        "value": 17.6200008392334
      },
      {
        "kind": "number",
        "value": 17.450000762939453
      },
      {
        "kind": "number",
        "value": 13.619999885559082
      },
      {
        "kind": "number",
        "value": 15.4399995803833
      },
      {
        "kind": "number",
        "value": 17.6200008392334
      },
      {
        "kind": "number",
        "value": 17.6200008392334
      }
    ],
    [
      {
        "kind": "number",
        "value": 16.329999923706055
      },
      {
        "kind": "number",
        "value": 18.149999618530273
      },
      {
        "kind": "number",
        "value": 16.5
      },
      {
        "kind": "number",
        "value": 18.579999923706055
      },
      {
        "kind": "number",
        "value": 16.969999313354492
      },
      {
        "kind": "number",
        "value": 13.300000190734863
      },
      {
        "kind": "number",
        "value": 15.550000190734863
      },
      {
        "kind": "number",
        "value": 18.579999923706055
      },
      {
        "kind": "number",
        "value": 17.329999923706055
      },
      {
        "kind": "number",
        "value": 17.950000762939453
      }
    ],
    [
      {
        "kind": "number",
        "value": 16.959999084472656
      },
      {
        "kind": "number",
        "value": 19.40999984741211
      },
      {
        "kind": "number",
        "value": 17.920000076293945
      },
      {
        "kind": "number",
        "value": 17.829999923706055
      },
      {
        "kind": "number",
        "value": 16.579999923706055
      },
      {
        "kind": "number",
        "value": 16.43000030517578
      },
      {
        "kind": "number",
        "value": 21.059999465942383
      },
      {
        "kind": "number",
        "value": 15.4399995803833
      },
      {
        "kind": "number",
        "value": 18.06999969482422
      },
      {
        "kind": "number",
        "value": 17.729999542236328
      }
    ],
    [
      {
        "kind": "number",
        "value": 19.030000686645508
      },
      {
        "kind": "number",
        "value": 18.799999237060547
      },
      {
        "kind": "number",
        "value": 16.440000534057617
      },
      {
        "kind": "number",
        "value": 16.889999389648438
      },
      {
        "kind": "number",
        "value": 19.030000686645508
      },
      {
        "kind": "number",
        "value": 17.540000915527344
      },
      {
        "kind": "number",
        "value": 19.510000228881836
      },
      {
        "kind": "number",
        "value": 18.459999084472656
      },
      {
        "kind": "number",
        "value": 12.619999885559082
      },
      {
        "kind": "number",
        "value": 14.050000190734863
      }
    ],
    [
      {
        "kind": "number",
        "value": 16.68000030517578
      },
      {
        "kind": "number",
        "value": 15.869999885559082
      },
      {
        "kind": "number",
        "value": 15.510000228881836
      },
      {
        "kind": "number",
        "value": 19.709999084472656
      },
      {
        "kind": "number",
        "value": 15.380000114440918
      },
      {
        "kind": "number",
        "value": 14.180000305175781
      },
      {
        "kind": "number",
        "value": 19.81999969482422
      },
      {
        "kind": "number",
        "value": 16.610000610351563
      },
      {
        "kind": "number",
        "value": 19.299999237060547
      },
      {
        "kind": "number",
        "value": 17.139999389648438
      }
    ],
    [
      {
        "kind": "number",
        "value": 16.969999313354492
      },
      {
        "kind": "number",
        "value": 18.8799991607666
      },
      {
        "kind": "number",
        "value": 18.219999313354492
      },
      {
        "kind": "number",
        "value": 15.979999542236328
      },
      {
        "kind": "number",
        "value": 16.760000228881836
      },
      {
        "kind": "number",
        "value": 16.5
      },
      {
        "kind": "number",
        "value": 17.540000915527344
      },
      {
        "kind": "number",
        "value": 18.8700008392334
      },
      {
        "kind": "number",
        "value": 15.380000114440918
      },
      {
        "kind": "number",
        "value": 16.219999313354492
      }
    ],
    [
      {
        "kind": "number",
        "value": 18.3700008392334
      },
      {
        "kind": "number",
        "value": 18.0
      },
      {
        "kind": "number",
        "value": 16.030000686645508
      },
      {
        "kind": "number",
        "value": 17.170000076293945
      },
      {
        "kind": "number",
        "value": 18.260000228881836
      },
      {
        "kind": "number",
        "value": 16.81999969482422
      },
      {
        "kind": "number",
        "value": 17.889999389648438
      },
      {
        "kind": "number",
        "value": 15.930000305175781
      },
      {
        "kind": "number",
        "value": 18.889999389648438
      },
      {
        "kind": "number",
        "value": 18.34000015258789
      }
    ],
    [
      {
        "kind": "number",
        "value": 17.0
      },
      {
        "kind": "number",
        "value": 20.190000534057617
      },
      {
        "kind": "number",
        "value": 15.600000381469727
      },
      {
        "kind": "number",
        "value": 18.290000915527344
      },
      {
        "kind": "number",
        "value": 16.530000686645508
      },
      {
        "kind": "number",
        "value": 17.010000228881836
      },
      {
        "kind": "number",
        "value": 16.639999389648438
      },
      {
        "kind": "number",
        "value": 17.719999313354492
      },
      {
        "kind": "number",
        "value": 18.25
      },
      {
        "kind": "number",
        "value": 15.25
      }
    ],
    [
      {
        "kind": "number",
        "value": 16.690000534057617
      },
      {
        "kind": "number",
        "value": 18.75
      },
      {
        "kind": "number",
        "value": 13.210000038146973
      },
      {
        "kind": "number",
        "value": 15.229999542236328
      },
      {
        "kind": "number",
        "value": 16.520000457763672
      },
      {
        "kind": "number",
        "value": 17.18000030517578
      },
      {
        "kind": "number",
        "value": 16.219999313354492
      },
      {
        "kind": "number",
        "value": 15.890000343322754
      },
      {
        "kind": "number",
        "value": 16.770000457763672
      },
      {
        "kind": "number",
        "value": 14.210000038146973
      }
    ],
    [
      {
        "kind": "number",
        "value": 17.850000381469727
      },
      {
        "kind": "number",
        "value": 15.800000190734863
      },
      {
        "kind": "number",
        "value": 16.360000610351563
      },
      {
        "kind": "number",
        "value": 16.809999465942383
      },
      {
        "kind": "number",
        "value": 18.079999923706055
      },
      {
        "kind": "number",
        "value": 15.670000076293945
      },
      {
        "kind": "number",
        "value": 17.56999969482422
      },
      {
        "kind": "number",
        "value": 18.030000686645508
      },
      {
        "kind": "number",
        "value": 16.459999084472656
      },
      {
        "kind": "number",
        "value": 15.930000305175781
      }
    ],
    [
      {
        "kind": "number",
        "value": 17.969999313354492
      },
      {
        "kind": "number",
        "value": 13.84000015258789
      },
      {
        "kind": "number",
        "value": 18.139999389648438
      },
      {
        "kind": "number",
        "value": 17.600000381469727
      },
      {
        "kind": "number",
        "value": 15.329999923706055
      },
      {
        "kind": "number",
        "value": 19.6200008392334
      },
      {
        "kind": "number",
        "value": 16.40999984741211
      },
      {
        "kind": "number",
        "value": 14.3100004196167
      },
      {
        "kind": "number",
        "value": 17.1200008392334
      },
      {
        "kind": "number",
        "value": 14.0600004196167
      }
    ],
    [
      {
        "kind": "number",
        "value": 19.190000534057617
      },
      {
        "kind": "number",
        "value": 18.1200008392334
      },
      {
        "kind": "number",
        "value": 19.170000076293945
      },
      {
        "kind": "number",
        "value": 17.549999237060547
      },
      {
        "kind": "number",
        "value": 18.350000381469727
      },
      {
        "kind": "number",
        "value": 16.389999389648438
      },
      {
        "kind": "number",
        "value": 17.899999618530273
      },
      {
        "kind": "number",
        "value": 17.739999771118164
      },
      {
        "kind": "number",
        "value": 17.739999771118164
      },
      {
        "kind": "number",
        "value": 17.18000030517578
      }
    ],
    [
      {
        "kind": "number",
        "value": 17.0
      },
      {
        "kind": "number",
        "value": 14.420000076293945
      },
      {
        "kind": "number",
        "value": 19.299999237060547
      },
      {
        "kind": "number",
        "value": 15.850000381469727
      },
      {
        "kind": "number",
        "value": 15.34000015258789
      },
      {
        "kind": "number",
        "value": 19.40999984741211
      },
      {
        "kind": "number",
        "value": 17.329999923706055
      },
      {
        "kind": "number",
        "value": 16.100000381469727
      },
      {
        "kind": "number",
        "value": 18.010000228881836
      },
      {
        "kind": "number",
        "value": 17.1200008392334
      }
    ],
    [
      {
        "kind": "number",
        "value": 19.84000015258789
      },
      {
        "kind": "number",
        "value": 14.5
      },
      {
        "kind": "number",
        "value": 17.15999984741211
      },
      {
        "kind": "number",
        "value": 16.489999771118164
      },
      {
        "kind": "number",
        "value": 12.729999542236328
      },
      {
        "kind": "number",
        "value": 20.229999542236328
      },
      {
        "kind": "number",
        "value": 15.770000457763672
      },
      {
        "kind": "number",
        "value": 15.949999809265137
      },
      {
        "kind": "number",
        "value": 18.239999771118164
      },
      {
        "kind": "number",
        "value": 20.1200008392334
      }
    ],
    [
      {
        "kind": "number",
        "value": 19.809999465942383
      },
      {
        "kind": "number",
        "value": 15.739999771118164
      },
      {
        "kind": "number",
        "value": 16.31999969482422
      },
      {
        "kind": "number",
        "value": 17.329999923706055
      },
      {
        "kind": "number",
        "value": 18.31999969482422
      },
      {
        "kind": "number",
        "value": 16.8700008392334
      },
      {
        "kind": "number",
        "value": 17.09000015258789
      },
      {
        "kind": "number",
        "value": 19.079999923706055
      },
      {
        "kind": "number",
        "value": 15.850000381469727
      },
      {
        "kind": "number",
        "value": 18.479999542236328
      }
    ],
    [
      {
        "kind": "number",
        "value": 18.239999771118164
      },
      {
        "kind": "number",
        "value": 16.489999771118164
      },
      {
        "kind": "number",
        "value": 17.8700008392334
      },
      {
        "kind": "number",
        "value": 17.010000228881836
      },
      {
        "kind": "number",
        "value": 17.110000610351563
      },
      {
        "kind": "number",
        "value": 17.459999084472656
      },
      {
        "kind": "number",
        "value": 17.8700008392334
      },
      {
        "kind": "number",
        "value": 17.350000381469727
      },
      {
        "kind": "number",
        "value": 19.75
      },
      {
        "kind": "number",
        "value": 16.3700008392334
      }
    ],
    [
      {
        "kind": "number",
        "value": 16.729999542236328
      },
      {
        "kind": "number",
        "value": 18.520000457763672
      },
      {
        "kind": "number",
        "value": 16.920000076293945
      },
      {
        "kind": "number",
        "value": 17.079999923706055
      },
      {
        "kind": "number",
        "value": 17.780000686645508
      },
      {
        "kind": "number",
        "value": 16.34000015258789
      },
      {
        "kind": "number",
        "value": 15.59000015258789
      },
      {
        "kind": "number",
        "value": 16.770000457763672
      },
      {
        "kind": "number",
        "value": 19.049999237060547
      },
      {
        "kind": "number",
        "value": 17.790000915527344
      }
    ],
    [
      {
        "kind": "number",
        "value": 16.690000534057617
      },
      {
        "kind": "number",
        "value": 15.680000305175781
      },
      {
        "kind": "number",
        "value": 18.229999542236328
      },
      {
        "kind": "number",
        "value": 17.799999237060547
      },
      {
        "kind": "number",
        "value": 15.569999694824219
      },
      {
        "kind": "number",
        "value": 17.110000610351563
      },
      {
        "kind": "number",
        "value": 16.309999465942383
      },
      {
        "kind": "number",
        "value": 18.6299991607666
      },
      {
        "kind": "number",
        "value": 17.780000686645508
      },
      {
        "kind": "number",
        "value": 15.859999656677246
      }
    ],
    [
      {
        "kind": "number",
        "value": 18.450000762939453
      },
      {
        "kind": "number",
        "value": 16.31999969482422
      },
      {
        "kind": "number",
        "value": 18.290000915527344
      },
      {
        "kind": "number",
        "value": 13.739999771118164
      },
      {
        "kind": "number",
        "value": 17.850000381469727
      },
      {
        "kind": "number",
        "value": 19.09000015258789
      },
      {
        "kind": "number",
        "value": 18.469999313354492
      },
      {
        "kind": "number",
        "value": 18.459999084472656
      },
      {
        "kind": "number",
        "value": 18.209999084472656
      },
      {
        "kind": "number",
        "value": 20.600000381469727
      }
    ],
    [
      {
        "kind": "number",
        "value": 20.510000228881836
      },
      {
        "kind": "number",
        "value": 16.31999969482422
      },
      {
        "kind": "number",
        "value": 21.299999237060547
      },
      {
        "kind": "number",
        "value": 18.049999237060547
      },
      {
        "kind": "number",
        "value": 17.600000381469727
      },
      {
        "kind": "number",
        "value": 15.890000343322754
      },
      {
        "kind": "number",
        "value": 15.460000038146973
      },
      {
        "kind": "number",
        "value": 15.720000267028809
      },
      {
        "kind": "number",
        "value": 15.1899995803833
      },
      {
        "kind": "number",
        "value": 17.270000457763672
      }
    ],
    [
      {
        "kind": "number",
        "value": 18.670000076293945
      },
      {
        "kind": "number",
        "value": 16.489999771118164
      },
      {
        "kind": "number",
        "value": 18.09000015258789
      },
      {
        "kind": "number",
        "value": 19.479999542236328
      },
      {
        "kind": "number",
        "value": 19.959999084472656
      },
      {
        "kind": "number",
        "value": 17.389999389648438
      },
      {
        "kind": "number",
        "value": 15.970000267028809
      },
      {
        "kind": "number",
        "value": 17.43000030517578
      },
      {
        "kind": "number",
        "value": 16.81999969482422
      },
      {
        "kind": "number",
        "value": 16.0
      }
    ],
    [
      {
        "kind": "number",
        "value": 18.489999771118164
      },
      {
        "kind": "number",
        "value": 16.5
      },
      {
        "kind": "number",
        "value": 17.420000076293945
      },
      {
        "kind": "number",
        "value": 18.079999923706055
      },
      {
        "kind": "number",
        "value": 16.969999313354492
      },
      {
        "kind": "number",
        "value": 21.31999969482422
      },
      {
        "kind": "number",
        "value": 17.079999923706055
      },
      {
        "kind": "number",
        "value": 15.149999618530273
      },
      {
        "kind": "number",
        "value": 17.15999984741211
      },
      {
        "kind": "number",
        "value": 15.390000343322754
      }
    ],
    [
      {
        "kind": "number",
        "value": 18.010000228881836
      },
      {
        "kind": "number",
        "value": 14.470000267028809
      },
      {
        "kind": "number",
        "value": 16.690000534057617
      },
      {
        "kind": "number",
        "value": 12.619999885559082
      },
      {
        "kind": "number",
        "value": 16.219999313354492
      },
      {
        "kind": "number",
        "value": 18.969999313354492
      },
      {
        "kind": "number",
        "value": 18.719999313354492
      },
      {
        "kind": "number",
        "value": 17.360000610351563
      },
      {
        "kind": "number",
        "value": 17.75
      },
      {
        "kind": "number",
        "value": 19.829999923706055
      }
    ],
    [
      {
        "kind": "number",
        "value": 18.25
      },
      {
        "kind": "number",
        "value": 18.579999923706055
      },
      {
        "kind": "number",
        "value": 17.81999969482422
      },
      {
        "kind": "number",
        "value": 19.260000228881836
      },
      {
        "kind": "number",
        "value": 17.559999465942383
      },
      {
        "kind": "number",
        "value": 16.65999984741211
      },
      {
        "kind": "number",
        "value": 16.079999923706055
      },
      {
        "kind": "number",
        "value": 16.209999084472656
      },
      {
        "kind": "number",
        "value": 14.609999656677246
      },
      {
        "kind": "number",
        "value": 18.600000381469727
      }
    ],
    [
      {
        "kind": "number",
        "value": 17.010000228881836
      },
      {
        "kind": "number",
        "value": 15.130000114440918
      },
      {
        "kind": "number",
        "value": 16.920000076293945
      },
      {
        "kind": "number",
        "value": 16.799999237060547
      },
      {
        "kind": "number",
        "value": 18.239999771118164
      },
      {
        "kind": "number",
        "value": 18.049999237060547
      },
      {
        "kind": "number",
        "value": 15.380000114440918
      },
      {
        "kind": "number",
        "value": 17.239999771118164
      },
      {
        "kind": "number",
        "value": 17.420000076293945
      },
      {
        "kind": "number",
        "value": 16.520000457763672
      }
    ],
    [
      {
        "kind": "number",
        "value": 18.329999923706055
      },
      {
        "kind": "number",
        "value": 16.969999313354492
      },
      {
        "kind": "number",
        "value": 16.399999618530273
      },
      {
        "kind": "number",
        "value": 15.170000076293945
      },
      {
        "kind": "number",
        "value": 16.1200008392334
      },
      {
        "kind": "number",
        "value": 16.09000015258789
      },
      {
        "kind": "number",
        "value": 15.479999542236328
      },
      {
        "kind": "number",
        "value": 17.65999984741211
      },
      {
        "kind": "number",
        "value": 15.890000343322754
      },
      {
        "kind": "number",
        "value": 14.829999923706055
      }
    ],
    [
      {
        "kind": "number",
        "value": 17.75
      },
      {
        "kind": "number",
        "value": 18.0
      },
      {
        "kind": "number",
        "value": 18.700000762939453
      },
      {
        "kind": "number",
        "value": 15.479999542236328
      },
      {
        "kind": "number",
        "value": 16.600000381469727
      },
      {
        "kind": "number",
        "value": 15.130000114440918
      },
      {
        "kind": "number",
        "value": 15.020000457763672
      },
      {
        "kind": "number",
        "value": 14.470000267028809
      },
      {
        "kind": "number",
        "value": 14.289999961853027
      },
      {
        "kind": "number",
        "value": 14.609999656677246
      }
    ],
    [
      {
        "kind": "number",
        "value": 18.149999618530273
      },
      {
        "kind": "number",
        "value": 17.440000534057617
      },
      {
        "kind": "number",
        "value": 17.739999771118164
      },
      {
        "kind": "number",
        "value": 16.170000076293945
      },
      {
        "kind": "number",
        "value": 18.459999084472656
      },
      {
        "kind": "number",
        "value": 16.75
      },
      {
        "kind": "number",
        "value": 17.610000610351563
      },
      {
        "kind": "number",
        "value": 17.739999771118164
      },
      {
        "kind": "number",
        "value": 17.3799991607666
      },
      {
        "kind": "number",
        "value": 16.90999984741211
      }
    ],
    [
      {
        "kind": "number",
        "value": 15.199999809265137
      },
      {
        "kind": "number",
        "value": 14.670000076293945
      },
      {
        "kind": "number",
        "value": 18.90999984741211
      },
      {
        "kind": "number",
        "value": 15.859999656677246
      },
      {
        "kind": "number",
        "value": 16.059999465942383
      },
      {
        "kind": "number",
        "value": 15.760000228881836
      },
      {
        "kind": "number",
        "value": 13.890000343322754
      },
      {
        "kind": "number",
        "value": 16.459999084472656
      },
      {
        "kind": "number",
        "value": 14.670000076293945
      },
      {
        "kind": "number",
        "value": 17.0
      }
    ],
    [
      {
        "kind": "number",
        "value": 16.209999084472656
      },
      {
        "kind": "number",
        "value": 19.690000534057617
      },
      {
        "kind": "number",
        "value": 18.6200008392334
      },
      {
        "kind": "number",
        "value": 16.639999389648438
      },
      {
        "kind": "number",
        "value": 19.739999771118164
      },
      {
        "kind": "number",
        "value": 16.100000381469727
      },
      {
        "kind": "number",
        "value": 18.969999313354492
      },
      {
        "kind": "number",
        "value": 16.389999389648438
      },
      {
        "kind": "number",
        "value": 15.390000343322754
      },
      {
        "kind": "number",
        "value": 16.020000457763672
      }
    ],
    [
      {
        "kind": "number",
        "value": 18.59000015258789
      },
      {
        "kind": "number",
        "value": 15.8100004196167
      },
      {
        "kind": "number",
        "value": 16.56999969482422
      },
      {
        "kind": "number",
        "value": 17.520000457763672
      },
      {
        "kind": "number",
        "value": 16.56999969482422
      },
      {
        "kind": "number",
        "value": 19.729999542236328
      },
      {
        "kind": "number",
        "value": 14.779999732971191
      },
      {
        "kind": "number",
        "value": 16.860000610351563
      },
      {
        "kind": "number",
        "value": 17.829999923706055
      },
      {
        "kind": "number",
        "value": 16.56999969482422
      }
    ],
    [
      {
        "kind": "number",
        "value": 16.06999969482422
      },
      {
        "kind": "number",
        "value": 15.029999732971191
      },
      {
        "kind": "number",
        "value": 17.8799991607666
      },
      {
        "kind": "number",
        "value": 18.450000762939453
      },
      {
        "kind": "number",
        "value": 15.3100004196167
      },
      {
        "kind": "number",
        "value": 17.139999389648438
      },
      {
        "kind": "number",
        "value": 20.0
      },
      {
        "kind": "number",
        "value": 14.760000228881836
      },
      {
        "kind": "number",
        "value": 17.600000381469727
      },
      {
        "kind": "number",
        "value": 17.399999618530273
      }
    ],
    [
      {
        "kind": "number",
        "value": 17.18000030517578
      },
      {
        "kind": "number",
        "value": 16.90999984741211
      },
      {
        "kind": "number",
        "value": 15.069999694824219
      },
      {
        "kind": "number",
        "value": 19.1299991607666
      },
      {
        "kind": "number",
        "value": 19.809999465942383
      },
      {
        "kind": "number",
        "value": 19.209999084472656
      },
      {
        "kind": "number",
        "value": 17.219999313354492
      },
      {
        "kind": "number",
        "value": 16.020000457763672
      },
      {
        "kind": "number",
        "value": 15.819999694824219
      },
      {
        "kind": "number",
        "value": 17.43000030517578
      }
    ],
    [
      {
        "kind": "number",
        "value": 16.8700008392334
      },
      {
        "kind": "number",
        "value": 16.600000381469727
      },
      {
        "kind": "number",
        "value": 15.84000015258789
      },
      {
        "kind": "number",
        "value": 17.200000762939453
      },
      {
        "kind": "number",
        "value": 16.149999618530273
      },
      {
        "kind": "number",
        "value": 15.369999885559082
      },
      {
        "kind": "number",
        "value": 14.869999885559082
      },
      {
        "kind": "number",
        "value": 16.6200008392334
      },
      {
        "kind": "number",
        "value": 17.780000686645508
      },
      {
        "kind": "number",
        "value": 18.8700008392334
      }
    ]
  ]
}
