---
source: tests/fixtures_snapshot.rs
expression: snapshot.clone()
---
{
  "columns": [
    "X2",
    "X3",
    "X4",
    "X5",
    "X6",
    "X7",
    "Y"
  ],
  "row_count": 63,
  "rows": [
    [
      {
        "kind": "number",
        "value": 1506500.0
      },
      {
        "kind": "number",
        "value": 50817.0
      },
      {
        "kind": "number",
        "value": 57021.0
      },
      {
        "kind": "number",
        "value": 125800.0
      },
      {
        "kind": "number",
        "value": 2158500.0
      },
      {
        "kind": "number",
        "value": 14480.0
      },
      {
        "kind": "number",
        "value": 1666.0
      }
    ],
    [
      {
        "kind": "number",
        "value": 728400.0
      },
      {
        "kind": "number",
        "value": 47167.0
      },
      {
        "kind": "number",
        "value": 49005.0
      },
      {
        "kind": "number",
        "value": 65300.0
      },
      {
        "kind": "number",
        "value": 2800100.0
      },
      {
        "kind": "number",
        "value": 10570.0
      },
      {
        "kind": "number",
        "value": 1130.0
      }
    ],
    [
      {
        "kind": "number",
        "value": 2091000.0
      },
      {
        "kind": "number",
        "value": 71046.0
      },
      {
        "kind": "number",
        "value": 37480.0
      },
      {
        "kind": "number",
        "value": 141200.0
      },
      {
        "kind": "number",
        "value": 7259700.0
      },
      {
        "kind": "number",
        "value": 14580.0
      },
      {
        "kind": "number",
        "value": 3080.0
      }
    ],
    [
      {
        "kind": "number",
        "value": 1143800.0
      },
      {
        "kind": "number",
        "value": 42578.0
      },
      {
        "kind": "number",
        "value": 28815.0
      },
      {
        "kind": "number",
        "value": 100300.0
      },
      {
        "kind": "number",
        "value": 1644700.0
      },
      {
        "kind": "number",
        "value": 18660.0
      },
      {
        "kind": "number",
        "value": 1393.0
      }
    ],
    [
      {
        "kind": "number",
        "value": 995100.0
      },
      {
        "kind": "number",
        "value": 36677.0
      },
      {
        "kind": "number",
        "value": 15032.0
      },
      {
        "kind": "number",
        "value": 70100.0
      },
      {
        "kind": "number",
        "value": 1853900.0
      },
      {
        "kind": "number",
        "value": 15130.0
      },
      {
        "kind": "number",
        "value": 1177.0
      }
    ],
    [
      {
        "kind": "number",
        "value": 1153600.0
      },
      {
        "kind": "number",
        "value": 21598.0
      },
      {
        "kind": "number",
        "value": 45901.0
      },
      {
        "kind": "number",
        "value": 89500.0
      },
      {
        "kind": "number",
        "value": 3558000.0
      },
      {
        "kind": "number",
        "value": 8470.0
      },
      {
        "kind": "number",
        "value": 821.0
      }
    ],
    [
      {
        "kind": "number",
        "value": 1102800.0
      },
      {
        "kind": "number",
        "value": 35685.0
      },
      {
        "kind": "number",
        "value": 35438.0
      },
      {
        "kind": "number",
        "value": 72500.0
      },
      {
        "kind": "number",
        "value": 7802200.0
      },
      {
        "kind": "number",
        "value": 10740.0
      },
      {
        "kind": "number",
        "value": 1150.0
      }
    ],
    [
      {
        "kind": "number",
        "value": 1224000.0
      },
      {
        "kind": "number",
        "value": 46600.0
      },
      {
        "kind": "number",
        "value": 40928.0
      },
      {
        "kind": "number",
        "value": 87600.0
      },
      {
        "kind": "number",
        "value": 3174500.0
      },
      {
        "kind": "number",
        "value": 17250.0
      },
      {
        "kind": "number",
        "value": 1300.0
      }
    ],
    [
      {
        "kind": "number",
        "value": 1462200.0
      },
      {
        "kind": "number",
        "value": 50387.0
      },
      {
        "kind": "number",
        "value": 33586.0
      },
      {
        "kind": "number",
        "value": 104800.0
      },
      {
        "kind": "number",
        "value": 6846600.0
      },
      {
        "kind": "number",
        "value": 35960.0
      },
      {
        "kind": "number",
        "value": 1430.0
      }
    ],
    [
      {
        "kind": "number",
        "value": 1043600.0
      },
      {
        "kind": "number",
        "value": 51979.0
      },
      {
        "kind": "number",
        "value": 33270.0
      },
      {
        "kind": "number",
        "value": 32400.0
      },
      {
        "kind": "number",
        "value": 3570700.0
      },
      {
        "kind": "number",
        "value": 11280.0
      },
      {
        "kind": "number",
        "value": 1283.0
      }
    ],
    [
      {
        "kind": "number",
        "value": 983200.0
      },
      {
        "kind": "number",
        "value": 41561.0
      },
      {
        "kind": "number",
        "value": 30996.0
      },
      {
        "kind": "number",
        "value": 54300.0
      },
      {
        "kind": "number",
        "value": 2329600.0
      },
      {
        "kind": "number",
        "value": 12940.0
      },
      {
        "kind": "number",
        "value": 923.0
      }
    ],
    [
      {
        "kind": "number",
        "value": 1067200.0
      },
      {
        "kind": "number",
        "value": 52159.0
      },
      {
        "kind": "number",
        "value": 28609.0
      },
      {
        "kind": "number",
        "value": 33000.0
      },
      {
        "kind": "number",
        "value": 3200900.0
      },
      {
        "kind": "number",
        "value": 22230.0
      },
      {
        "kind": "number",
        "value": 1435.0
      }
    ],
    [
      {
        "kind": "number",
        "value": 1518700.0
      },
      {
        "kind": "number",
        "value": 59388.0
      },
      {
        "kind": "number",
        "value": 36216.0
      },
      {
        "kind": "number",
        "value": 40400.0
      },
      {
        "kind": "number",
        "value": 2681800.0
      },
      {
        "kind": "number",
        "value": 6500.0
      },
      {
        "kind": "number",
        "value": 1597.0
      }
    ],
    [
      {
        "kind": "number",
        "value": 619400.0
      },
      {
        "kind": "number",
        "value": 33184.0
      },
      {
        "kind": "number",
        "value": 16836.0
      },
      {
        "kind": "number",
        "value": 39600.0
      },
      {
        "kind": "number",
        "value": 1758800.0
      },
      {
        "kind": "number",
        "value": 11020.0
      },
      {
        "kind": "number",
        "value": 830.0
      }
    ],
    [
      {
        "kind": "number",
        "value": 104700.0
      },
      {
        "kind": "number",
        "value": 7724.0
      },
      {
        "kind": "number",
        "value": 5330.0
      },
      {
        "kind": "number",
        "value": 10200.0
      },
      {
        "kind": "number",
        "value": 288100.0
      },
      {
        "kind": "number",
        "value": 1970.0
      },
      {
        "kind": "number",
        "value": 184.0
      }
    ],
    [
      {
        "kind": "number",
        "value": 76500.0
      },
      {
        "kind": "number",
        "value": 5476.0
      },
      {
        "kind": "number",
        "value": 2731.0
      },
      {
        "kind": "number",
        "value": 10500.0
      },
      {
        "kind": "number",
        "value": 419600.0
      },
      {
        "kind": "number",
        "value": 1010.0
      },
      {
        "kind": "number",
        "value": 140.0
      }
    ],
    [
      {
        "kind": "number",
        "value": 355800.0
      },
      {
        "kind": "number",
        "value": 7497.0
      },
      {
        "kind": "number",
        "value": 4665.0
      },
      {
        "kind": "number",
        "value": 13500.0
      },
      {
        "kind": "number",
        "value": 219200.0
      },
      {
        "kind": "number",
        "value": 4160.0
      },
      {
        "kind": "number",
        "value": 277.0
      }
    ],
    [
      {
        "kind": "number",
        "value": 314600.0
      },
      {
        "kind": "number",
        "value": 20755.0
      },
      {
        "kind": "number",
        "value": 11618.0
      },
      {
        "kind": "number",
        "value": 19600.0
      },
      {
        "kind": "number",
        "value": 1485000.0
      },
      {
        "kind": "number",
        "value": 6230.0
      },
      {
        "kind": "number",
        "value": 501.0
      }
    ],
    [
      {
        "kind": "number",
        "value": 427000.0
      },
      {
        "kind": "number",
        "value": 11290.0
      },
      {
        "kind": "number",
        "value": 7354.0
      },
      {
        "kind": "number",
        "value": 17700.0
      },
      {
        "kind": "number",
        "value": 494800.0
      },
      {
        "kind": "number",
        "value": 3030.0
      },
      {
        "kind": "number",
        "value": 684.0
      }
    ],
    [
      {
        "kind": "number",
        "value": 153300.0
      },
      {
        "kind": "number",
        "value": 8238.0
      },
      {
        "kind": "number",
        "value": 3284.0
      },
      {
        "kind": "number",
        "value": 21600.0
      },
      {
        "kind": "number",
        "value": 661100.0
      },
      {
        "kind": "number",
        "value": 960.0
      },
      {
        "kind": "number",
        "value": 193.0
      }
    ],
    [
      {
        "kind": "number",
        "value": 348400.0
      },
      {
        "kind": "number",
        "value": 11195.0
      },
      {
        "kind": "number",
        "value": 6432.0
      },
      {
        "kind": "number",
        "value": 26600.0
      },
      {
        "kind": "number",
        "value": 611400.0
      },
      {
        "kind": "number",
        "value": 8000.0
      },
      {
        "kind": "number",
        "value": 613.0
      }
    ],
    [
      {
        "kind": "number",
        "value": 187000.0
      },
      {
        "kind": "number",
        "value": 10113.0
      },
      {
        "kind": "number",
        "value": 4719.0
      },
      {
        "kind": "number",
        "value": 16700.0
      },
      {
        "kind": "number",
        "value": 691900.0
      },
      {
        "kind": "number",
        "value": 3110.0
      },
      {
        "kind": "number",
        "value": 253.0
      }
    ],
    [
      {
        "kind": "number",
        "value": 58600.0
      },
      {
        "kind": "number",
        "value": 3396.0
      },
      {
        "kind": "number",
        "value": 1351.0
      },
      {
        "kind": "number",
        "value": 8200.0
      },
      {
        "kind": "number",
        "value": 456800.0
      },
      {
        "kind": "number",
        "value": 1230.0
      },
      {
        "kind": "number",
        "value": 120.0
      }
    ],
    [
      {
        "kind": "number",
        "value": 149600.0
      },
      {
        "kind": "number",
        "value": 8801.0
      },
      {
        "kind": "number",
        "value": 3788.0
      },
      {
        "kind": "number",
        "value": 15900.0
      },
      {
        "kind": "number",
        "value": 511300.0
      },
      {
        "kind": "number",
        "value": 1590.0
      },
      {
        "kind": "number",
        "value": 162.0
      }
    ],
    [
      {
        "kind": "number",
        "value": 236700.0
      },
      {
        "kind": "number",
        "value": 12105.0
      },
      {
        "kind": "number",
        "value": 4066.0
      },
      {
        "kind": "number",
        "value": 17300.0
      },
      {
        "kind": "number",
        "value": 937100.0
      },
      {
        "kind": "number",
        "value": 3640.0
      },
      {
        "kind": "number",
        "value": 433.0
      }
    ],
    [
      {
        "kind": "number",
        "value": 177300.0
      },
      {
        "kind": "number",
        "value": 9121.0
      },
      {
        "kind": "number",
        "value": 2390.0
      },
      {
        "kind": "number",
        "value": 11400.0
      },
      {
        "kind": "number",
        "value": 1154400.0
      },
      {
        "kind": "number",
        "value": 1210.0
      },
      {
        "kind": "number",
        "value": 203.0
      }
    ],
    [
      {
        "kind": "number",
        "value": 524100.0
      },
      {
        "kind": "number",
        "value": 18184.0
      },
      {
        "kind": "number",
        "value": 9651.0
      },
      {
        "kind": "number",
        "value": 46800.0
      },
      {
        "kind": "number",
        "value": 3914100.0
      },
      {
        "kind": "number",
        "value": 4200.0
      },
      {
        "kind": "number",
        "value": 504.0
      }
    ],
    [
      {
        "kind": "number",
        "value": 379800.0
      },
      {
        "kind": "number",
        "value": 12117.0
      },
      {
        "kind": "number",
        "value": 5251.0
      },
      {
        "kind": "number",
        "value": 24400.0
      },
      {
        "kind": "number",
        "value": 963700.0
      },
      {
        "kind": "number",
        "value": 2890.0
      },
      {
        "kind": "number",
        "value": 377.0
      }
    ],
    [
      {
        "kind": "number",
        "value": 256800.0
      },
      {
        "kind": "number",
        "value": 7937.0
      },
      {
        "kind": "number",
        "value": 2979.0
      },
      {
        "kind": "number",
        "value": 16300.0
      },
      {
        "kind": "number",
        "value": 1061800.0
      },
      {
        "kind": "number",
        "value": 1070.0
      },
      {
        "kind": "number",
        "value": 169.0
      }
    ],
    [
      {
        "kind": "number",
        "value": 261100.0
      },
      {
        "kind": "number",
        "value": 16336.0
      },
      {
        "kind": "number",
        "value": 19019.0
      },
      {
        "kind": "number",
        "value": 30200.0
      },
      {
        "kind": "number",
        "value": 736300.0
      },
      {
        "kind": "number",
        "value": 1750.0
      },
      {
        "kind": "number",
        "value": 240.0
      }
    ],
    [
      {
        "kind": "number",
        "value": 609900.0
      },
      {
        "kind": "number",
        "value": 21910.0
      },
      {
        "kind": "number",
        "value": 9513.0
      },
      {
        "kind": "number",
        "value": 32500.0
      },
      {
        "kind": "number",
        "value": 1479700.0
      },
      {
        "kind": "number",
        "value": 5340.0
      },
      {
        "kind": "number",
        "value": 456.0
      }
    ],
    [
      {
        "kind": "number",
        "value": 242500.0
      },
      {
        "kind": "number",
        "value": 10464.0
      },
      {
        "kind": "number",
        "value": 9037.0
      },
      {
        "kind": "number",
        "value": 14700.0
      },
      {
        "kind": "number",
        "value": 447400.0
      },
      {
        "kind": "number",
        "value": 1940.0
      },
      {
        "kind": "number",
        "value": 196.0
      }
    ],
    [
      {
        "kind": "number",
        "value": 604500.0
      },
      {
        "kind": "number",
        "value": 29313.0
      },
      {
        "kind": "number",
        "value": 19579.0
      },
      {
        "kind": "number",
        "value": 60200.0
      },
      {
        "kind": "number",
        "value": 1115600.0
      },
      {
        "kind": "number",
        "value": 8590.0
      },
      {
        "kind": "number",
        "value": 495.0
      }
    ],
    [
      {
        "kind": "number",
        "value": 391700.0
      },
      {
        "kind": "number",
        "value": 19038.0
      },
      {
        "kind": "number",
        "value": 11508.0
      },
      {
        "kind": "number",
        "value": 51800.0
      },
      {
        "kind": "number",
        "value": 1174600.0
      },
      {
        "kind": "number",
        "value": 5590.0
      },
      {
        "kind": "number",
        "value": 345.0
      }
    ],
    [
      {
        "kind": "number",
        "value": 378600.0
      },
      {
        "kind": "number",
        "value": 22261.0
      },
      {
        "kind": "number",
        "value": 17170.0
      },
      {
        "kind": "number",
        "value": 54900.0
      },
      {
        "kind": "number",
        "value": 2400.0
      },
      {
        "kind": "number",
        "value": 3850.0
      },
      {
        "kind": "number",
        "value": 401.0
      }
    ],
    [
      {
        "kind": "number",
        "value": 293500.0
      },
      {
        "kind": "number",
        "value": 18020.0
      },
      {
        "kind": "number",
        "value": 8146.0
      },
      {
        "kind": "number",
        "value": 42700.0
      },
      {
        "kind": "number",
        "value": 1028300.0
      },
      {
        "kind": "number",
        "value": 3060.0
      },
      {
        "kind": "number",
        "value": 338.0
      }
    ],
    [
      {
        "kind": "number",
        "value": 856700.0
      },
      {
        "kind": "number",
        "value": 34559.0
      },
      {
        "kind": "number",
        "value": 25151.0
      },
      {
        "kind": "number",
        "value": 51900.0
      },
      {
        "kind": "number",
        "value": 2470900.0
      },
      {
        "kind": "number",
        "value": 8320.0
      },
      {
        "kind": "number",
        "value": 674.0
      }
    ],
    [
      {
        "kind": "number",
        "value": 408600.0
      },
      {
        "kind": "number",
        "value": 17674.0
      },
      {
        "kind": "number",
        "value": 12953.0
      },
      {
        "kind": "number",
        "value": 26300.0
      },
      {
        "kind": "number",
        "value": 1887700.0
      },
      {
        "kind": "number",
        "value": 4030.0
      },
      {
        "kind": "number",
        "value": 483.0
      }
    ],
    [
      {
        "kind": "number",
        "value": 438300.0
      },
      {
        "kind": "number",
        "value": 9600.0
      },
      {
        "kind": "number",
        "value": 5532.0
      },
      {
        "kind": "number",
        "value": 8600.0
      },
      {
        "kind": "number",
        "value": 577300.0
      },
      {
        "kind": "number",
        "value": 3640.0
      },
      {
        "kind": "number",
        "value": 278.0
      }
    ],
    [
      {
        "kind": "number",
        "value": 223200.0
      },
      {
        "kind": "number",
        "value": 16894.0
      },
      {
        "kind": "number",
        "value": 8163.0
      },
      {
        "kind": "number",
        "value": 34500.0
      },
      {
        "kind": "number",
        "value": 525300.0
      },
      {
        "kind": "number",
        "value": 3690.0
      },
      {
        "kind": "number",
        "value": 337.0
      }
    ],
    [
      {
        "kind": "number",
        "value": 186200.0
      },
      {
        "kind": "number",
        "value": 12345.0
      },
      {
        "kind": "number",
        "value": 8154.0
      },
      {
        "kind": "number",
        "value": 27400.0
      },
      {
        "kind": "number",
        "value": 341400.0
      },
      {
        "kind": "number",
        "value": 3650.0
      },
      {
        "kind": "number",
        "value": 223.0
      }
    ],
    [
      {
        "kind": "number",
        "value": 402000.0
      },
      {
        "kind": "number",
        "value": 30213.0
      },
      {
        "kind": "number",
        "value": 27923.0
      },
      {
        "kind": "number",
        "value": 20500.0
      },
      {
        "kind": "number",
        "value": 1865200.0
      },
      {
        "kind": "number",
        "value": 9070.0
      },
      {
        "kind": "number",
        "value": 440.0
      }
    ],
    [
      {
        "kind": "number",
        "value": 657800.0
      },
      {
        "kind": "number",
        "value": 33108.0
      },
      {
        "kind": "number",
        "value": 22186.0
      },
      {
        "kind": "number",
        "value": 61200.0
      },
      {
        "kind": "number",
        "value": 2023300.0
      },
      {
        "kind": "number",
        "value": 9150.0
      },
      {
        "kind": "number",
        "value": 667.0
      }
    ],
    [
      {
        "kind": "number",
        "value": 514100.0
      },
      {
        "kind": "number",
        "value": 31820.0
      },
      {
        "kind": "number",
        "value": 25205.0
      },
      {
        "kind": "number",
        "value": 51200.0
      },
      {
        "kind": "number",
        "value": 2309900.0
      },
      {
        "kind": "number",
        "value": 9610.0
      },
      {
        "kind": "number",
        "value": 661.0
      }
    ],
    [
      {
        "kind": "number",
        "value": 318400.0
      },
      {
        "kind": "number",
        "value": 11519.0
      },
      {
        "kind": "number",
        "value": 8950.0
      },
      {
        "kind": "number",
        "value": 23000.0
      },
      {
        "kind": "number",
        "value": 1100200.0
      },
      {
        "kind": "number",
        "value": 4970.0
      },
      {
        "kind": "number",
        "value": 307.0
      }
    ],
    [
      {
        "kind": "number",
        "value": 920600.0
      },
      {
        "kind": "number",
        "value": 12543.0
      },
      {
        "kind": "number",
        "value": 8308.0
      },
      {
        "kind": "number",
        "value": 15100.0
      },
      {
        "kind": "number",
        "value": 850200.0
      },
      {
        "kind": "number",
        "value": 6700.0
      },
      {
        "kind": "number",
        "value": 520.0
      }
    ],
    [
      {
        "kind": "number",
        "value": 494300.0
      },
      {
        "kind": "number",
        "value": 22917.0
      },
      {
        "kind": "number",
        "value": 35846.0
      },
      {
        "kind": "number",
        "value": 8700.0
      },
      {
        "kind": "number",
        "value": 779600.0
      },
      {
        "kind": "number",
        "value": 3210.0
      },
      {
        "kind": "number",
        "value": 440.0
      }
    ],
    [
      {
        "kind": "number",
        "value": 407700.0
      },
      {
        "kind": "number",
        "value": 23596.0
      },
      {
        "kind": "number",
        "value": 22543.0
      },
      {
        "kind": "number",
        "value": 21800.0
      },
      {
        "kind": "number",
        "value": 1145800.0
      },
      {
        "kind": "number",
        "value": 3530.0
      },
      {
        "kind": "number",
        "value": 485.0
      }
    ],
    [
      {
        "kind": "number",
        "value": 268600.0
      },
      {
        "kind": "number",
        "value": 19804.0
      },
      {
        "kind": "number",
        "value": 12935.0
      },
      {
        "kind": "number",
        "value": 26100.0
      },
      {
        "kind": "number",
        "value": 699200.0
      },
      {
        "kind": "number",
        "value": 3540.0
      },
      {
        "kind": "number",
        "value": 399.0
      }
    ],
    [
      {
        "kind": "number",
        "value": 169400.0
      },
      {
        "kind": "number",
        "value": 14458.0
      },
      {
        "kind": "number",
        "value": 4573.0
      },
      {
        "kind": "number",
        "value": 17200.0
      },
      {
        "kind": "number",
        "value": 375700.0
      },
      {
        "kind": "number",
        "value": 3140.0
      },
      {
        "kind": "number",
        "value": 149.0
      }
    ],
    [
      {
        "kind": "number",
        "value": 211500.0
      },
      {
        "kind": "number",
        "value": 10973.0
      },
      {
        "kind": "number",
        "value": 5322.0
      },
      {
        "kind": "number",
        "value": 15300.0
      },
      {
        "kind": "number",
        "value": 587300.0
      },
      {
        "kind": "number",
        "value": 1470.0
      },
      {
        "kind": "number",
        "value": 157.0
      }
    ],
    [
      {
        "kind": "number",
        "value": 517300.0
      },
      {
        "kind": "number",
        "value": 18781.0
      },
      {
        "kind": "number",
        "value": 6276.0
      },
      {
        "kind": "number",
        "value": 9500.0
      },
      {
        "kind": "number",
        "value": 980400.0
      },
      {
        "kind": "number",
        "value": 1870.0
      },
      {
        "kind": "number",
        "value": 264.0
      }
    ],
    [
      {
        "kind": "number",
        "value": 387800.0
      },
      {
        "kind": "number",
        "value": 19260.0
      },
      {
        "kind": "number",
        "value": 6923.0
      },
      {
        "kind": "number",
        "value": 26000.0
      },
      {
        "kind": "number",
        "value": 1063100.0
      },
      {
        "kind": "number",
        "value": 1740.0
      },
      {
        "kind": "number",
        "value": 295.0
      }
    ],
    [
      {
        "kind": "number",
        "value": 588100.0
      },
      {
        "kind": "number",
        "value": 36734.0
      },
      {
        "kind": "number",
        "value": 13283.0
      },
      {
        "kind": "number",
        "value": 44500.0
      },
      {
        "kind": "number",
        "value": 3379800.0
      },
      {
        "kind": "number",
        "value": 6090.0
      },
      {
        "kind": "number",
        "value": 706.0
      }
    ],
    [
      {
        "kind": "number",
        "value": 141800.0
      },
      {
        "kind": "number",
        "value": 8650.0
      },
      {
        "kind": "number",
        "value": 2547.0
      },
      {
        "kind": "number",
        "value": 8100.0
      },
      {
        "kind": "number",
        "value": 484400.0
      },
      {
        "kind": "number",
        "value": 730.0
      },
      {
        "kind": "number",
        "value": 119.0
      }
    ],
    [
      {
        "kind": "number",
        "value": 154300.0
      },
      {
        "kind": "number",
        "value": 7894.0
      },
      {
        "kind": "number",
        "value": 3965.0
      },
      {
        "kind": "number",
        "value": 10500.0
      },
      {
        "kind": "number",
        "value": 373300.0
      },
      {
        "kind": "number",
        "value": 1230.0
      },
      {
        "kind": "number",
        "value": 162.0
      }
    ],
    [
      {
        "kind": "number",
        "value": 464500.0
      },
      {
        "kind": "number",
        "value": 16314.0
      },
      {
        "kind": "number",
        "value": 6262.0
      },
      {
        "kind": "number",
        "value": 23300.0
      },
      {
        "kind": "number",
        "value": 726200.0
      },
      {
        "kind": "number",
        "value": 3840.0
      },
      {
        "kind": "number",
        "value": 335.0
      }
    ],
    [
      {
        "kind": "number",
        "value": 219700.0
      },
      {
        "kind": "number",
        "value": 11516.0
      },
      {
        "kind": "number",
        "value": 4061.0
      },
      {
        "kind": "number",
        "value": 16900.0
      },
      {
        "kind": "number",
        "value": 777000.0
      },
      {
        "kind": "number",
        "value": 5200.0
      },
      {
        "kind": "number",
        "value": 292.0
      }
    ],
    [
      {
        "kind": "number",
        "value": 386100.0
      },
      {
        "kind": "number",
        "value": 14457.0
      },
      {
        "kind": "number",
        "value": 4178.0
      },
      {
        "kind": "number",
        "value": 18500.0
      },
      {
        "kind": "number",
        "value": 836000.0
      },
      {
        "kind": "number",
        "value": 6010.0
      },
      {
        "kind": "number",
        "value": 231.0
      }
    ],
    [
      {
        "kind": "number",
        "value": 150300.0
      },
      {
        "kind": "number",
        "value": 9877.0
      },
      {
        "kind": "number",
        "value": 4019.0
      },
      {
        "kind": "number",
        "value": 15000.0
      },
      {
        "kind": "number",
        "value": 1020500.0
      },
      {
        "kind": "number",
        "value": 4640.0
      },
      {
        "kind": "number",
        "value": 305.0
      }
    ],
    [
      {
        "kind": "number",
        "value": 476900.0
      },
      {
        "kind": "number",
        "value": 19159.0
      },
      {
        "kind": "number",
        "value": 7341.0
      },
      {
        "kind": "number",
        "value": 28200.0
      },
      {
        "kind": "number",
        "value": 2283600.0
      },
      {
        "kind": "number",
        "value": 9630.0
      },
      {
        "kind": "number",
        "value": 578.0
      }
    ],
    [
      {
        "kind": "number",
        "value": 198000.0
      },
      {
        "kind": "number",
        "value": 4760.0
      },
      {
        "kind": "number",
        "value": 1410.0
      },
      {
        "kind": "number",
        "value": 5400.0
      },
      {
        "kind": "number",
        "value": 1758200.0
      },
      {
        "kind": "number",
        "value": 1490.0
      },
      {
        "kind": "number",
        "value": 174.0
      }
    ],
    [
      {
        "kind": "number",
        "value": 129000.0
      },
      {
        "kind": "number",
        "value": 7718.0
      },
      {
        "kind": "number",
        "value": 2712.0
      },
      {
        "kind": "number",
        "value": 8800.0
      },
      {
        "kind": "number",
        "value": 1041100.0
      },
      {
        "kind": "number",
        "value": 3850.0
      },
      {
        "kind": "number",
        "value": 219.0
      }
    ]
  ]
}
