---
source: tests/fixtures_snapshot.rs
expression: snapshot.clone()
---
{
  "columns": [
    "K",
    "L",
    "E",
    "M",
    "Y"
  ],
  "row_count": 25,
  "rows": [
    [
      {
        "kind": "number",
        "value": 1.0
      },
      {
        "kind": "number",
        "value": 1.0
      },
      {
        "kind": "number",
        "value": 1.0
      },
      {
        "kind": "number",
        "value": 1.0
      },
      {
        "kind": "number",
        "value": 1.0
      }
    ],
    [
      {
        "kind": "number",
        "value": 1.1410000324249268
      },
      {
        "kind": "number",
        "value": 0.9750000238418579
      },
      {
        "kind": "number",
        "value": 0.9293000102043152
      },
      {
        "kind": "number",
        "value": 0.885699987411499
      },
      {
        "kind": "number",
        "value": 0.9693999886512756
      }
    ],
    [
      {
        "kind": "number",
        "value": 1.239400029182434
      },
      {
        "kind": "number",
        "value": 0.927299976348877
      },
      {
        "kind": "number",
        "value": 1.0198999643325806
      },
      {
        "kind": "number",
        "value": 0.9409000277519226
      },
      {
        "kind": "number",
        "value": 0.9376000165939331
      }
    ],
    [
      {
        "kind": "number",
        "value": 1.284500002861023
      },
      {
        "kind": "number",
        "value": 0.9868000149726868
      },
      {
        "kind": "number",
        "value": 1.0842000246047974
      },
      {
        "kind": "number",
        "value": 1.076300024986267
      },
      {
        "kind": "number",
        "value": 1.1187000274658203
      }
    ],
    [
      {
        "kind": "number",
        "value": 1.3203999996185303
      },
      {
        "kind": "number",
        "value": 1.0813000202178955
      },
      {
        "kind": "number",
        "value": 1.181399941444397
      },
      {
        "kind": "number",
        "value": 1.1370999813079834
      },
      {
        "kind": "number",
        "value": 1.3154000043869019
      }
    ],
    [
      {
        "kind": "number",
        "value": 1.4006999731063843
      },
      {
        "kind": "number",
        "value": 1.1339999437332153
      },
      {
        "kind": "number",
        "value": 1.1895999908447266
      },
      {
        "kind": "number",
        "value": 1.1741000413894653
      },
      {
        "kind": "number",
        "value": 1.107300043106079
      }
    ],
    [
      {
        "kind": "number",
        "value": 1.4687000513076782
      },
      {
        "kind": "number",
        "value": 1.2075999975204468
      },
      {
        "kind": "number",
        "value": 1.2862000465393066
      },
      {
        "kind": "number",
        "value": 1.3035999536514282
      },
      {
        "kind": "number",
        "value": 1.4107999801635742
      }
    ],
    [
      {
        "kind": "number",
        "value": 1.526900053024292
      },
      {
        "kind": "number",
        "value": 1.1375000476837158
      },
      {
        "kind": "number",
        "value": 1.299299955368042
      },
      {
        "kind": "number",
        "value": 1.181399941444397
      },
      {
        "kind": "number",
        "value": 1.1035000085830688
      }
    ],
    [
      {
        "kind": "number",
        "value": 1.580899953842163
      },
      {
        "kind": "number",
        "value": 1.1995999813079834
      },
      {
        "kind": "number",
        "value": 1.3396999835968018
      },
      {
        "kind": "number",
        "value": 1.323099970817566
      },
      {
        "kind": "number",
        "value": 1.3091000318527222
      }
    ],
    [
      {
        "kind": "number",
        "value": 1.6292999982833862
      },
      {
        "kind": "number",
        "value": 1.2369999885559082
      },
      {
        "kind": "number",
        "value": 1.4119000434875488
      },
      {
        "kind": "number",
        "value": 1.350100040435791
      },
      {
        "kind": "number",
        "value": 1.472100019454956
      }
    ],
    [
      {
        "kind": "number",
        "value": 1.7214000225067139
      },
      {
        "kind": "number",
        "value": 1.23989999294281
      },
      {
        "kind": "number",
        "value": 1.5247000455856323
      },
      {
        "kind": "number",
        "value": 1.357100009918213
      },
      {
        "kind": "number",
        "value": 1.416100025177002
      }
    ],
    [
      {
        "kind": "number",
        "value": 1.8062000274658203
      },
      {
        "kind": "number",
        "value": 1.1685999631881714
      },
      {
        "kind": "number",
        "value": 1.4465999603271484
      },
      {
        "kind": "number",
        "value": 1.253999948501587
      },
      {
        "kind": "number",
        "value": 1.3853000402450562
      }
    ],
    [
      {
        "kind": "number",
        "value": 1.8207000494003296
      },
      {
        "kind": "number",
        "value": 1.2512999773025513
      },
      {
        "kind": "number",
        "value": 1.541700005531311
      },
      {
        "kind": "number",
        "value": 1.412500023841858
      },
      {
        "kind": "number",
        "value": 1.480299949645996
      }
    ],
    [
      {
        "kind": "number",
        "value": 1.8150999546051025
      },
      {
        "kind": "number",
        "value": 1.2635999917984009
      },
      {
        "kind": "number",
        "value": 1.5683000087738037
      },
      {
        "kind": "number",
        "value": 1.4077999591827393
      },
      {
        "kind": "number",
        "value": 1.43340003490448
      }
    ],
    [
      {
        "kind": "number",
        "value": 1.8372999429702759
      },
      {
        "kind": "number",
        "value": 1.2422000169754028
      },
      {
        "kind": "number",
        "value": 1.5915000438690186
      },
      {
        "kind": "number",
        "value": 1.3974000215530396
      },
      {
        "kind": "number",
        "value": 1.5049999952316284
      }
    ],
    [
      {
        "kind": "number",
        "value": 1.8493000268936157
      },
      {
        "kind": "number",
        "value": 1.299399971961975
      },
      {
        "kind": "number",
        "value": 1.6569000482559204
      },
      {
        "kind": "number",
        "value": 1.4860999584197998
      },
      {
        "kind": "number",
        "value": 1.5032000541687012
      }
    ],
    [
      {
        "kind": "number",
        "value": 1.8738000392913818
      },
      {
        "kind": "number",
        "value": 1.3219000101089478
      },
      {
        "kind": "number",
        "value": 1.7627999782562256
      },
      {
        "kind": "number",
        "value": 1.5958000421524048
      },
      {
        "kind": "number",
        "value": 1.6719000339508057
      }
    ],
    [
      {
        "kind": "number",
        "value": 1.9121999740600586
      },
      {
        "kind": "number",
        "value": 1.3562999963760376
      },
      {
        "kind": "number",
        "value": 1.767199993133545
      },
      {
        "kind": "number",
        "value": 1.649899959564209
      },
      {
        "kind": "number",
        "value": 1.6904000043869019
      }
    ],
    [
      {
        "kind": "number",
        "value": 1.982100009918213
      },
      {
        "kind": "number",
        "value": 1.4345999956130981
      },
      {
        "kind": "number",
        "value": 1.8170000314712524
      },
      {
        "kind": "number",
        "value": 1.7933000326156616
      },
      {
        "kind": "number",
        "value": 1.6786999702453613
      }
    ],
    [
      {
        "kind": "number",
        "value": 2.1064000129699707
      },
      {
        "kind": "number",
        "value": 1.5361000299453735
      },
      {
        "kind": "number",
        "value": 1.9253000020980835
      },
      {
        "kind": "number",
        "value": 1.899999976158142
      },
      {
        "kind": "number",
        "value": 1.9164999723434448
      }
    ],
    [
      {
        "kind": "number",
        "value": 2.27810001373291
      },
      {
        "kind": "number",
        "value": 1.555799961090088
      },
      {
        "kind": "number",
        "value": 2.038800001144409
      },
      {
        "kind": "number",
        "value": 1.9515999555587769
      },
      {
        "kind": "number",
        "value": 1.901900053024292
      }
    ],
    [
      {
        "kind": "number",
        "value": 2.414900064468384
      },
      {
        "kind": "number",
        "value": 1.6032999753952026
      },
      {
        "kind": "number",
        "value": 2.0899999141693115
      },
      {
        "kind": "number",
        "value": 2.0838000774383545
      },
      {
        "kind": "number",
        "value": 1.9688999652862549
      }
    ],
    [
      {
        "kind": "number",
        "value": 2.526400089263916
      },
      {
        "kind": "number",
        "value": 1.6470999717712402
      },
      {
        "kind": "number",
        "value": 2.198899984359741
      },
      {
        "kind": "number",
        "value": 2.106600046157837
      },
      {
        "kind": "number",
        "value": 2.194499969482422
      }
    ],
    [
      {
        "kind": "number",
        "value": 2.6556999683380127
      },
      {
        "kind": "number",
        "value": 1.5788999795913696
      },
      {
        "kind": "number",
        "value": 2.3949999809265137
      },
      {
        "kind": "number",
        "value": 2.0322999954223633
      },
      {
        "kind": "number",
        "value": 1.8787000179290771
      }
    ],
    [
      {
        "kind": "number",
        "value": 2.749500036239624
      },
      {
        "kind": "number",
        "value": 1.528499960899353
      },
      {
        "kind": "number",
        "value": 2.308000087738037
      },
      {
        "kind": "number",
        "value": 2.188499927520752
      },
      {
        "kind": "number",
        "value": 2.123300075531006
      }
    ]
  ]
}
