---
source: tests/fixtures_snapshot.rs
expression: snapshot.clone()
---
{
  "columns": [
    "WEEKDAY",
    "WEEKDAY1",
    "WEEKDAY2",
    "WEEKDAY3",
    "WEEKDAY32"
  ],
  "row_count": 19,
  "rows": [
    [
      {
        "kind": "date",
        "value": -1.0
      },
      {
        "kind": "date",
        "value": -1.0
      },
      {
        "kind": "date",
        "value": -1.0
      },
      {
        "kind": "date",
        "value": -1.0
      },
      {
        "kind": "date",
        "value": -1.0
      }
    ],
    [
      {
        "kind": "date",
        "value": 0.0
      },
      {
        "kind": "date",
        "value": 0.0
      },
      {
        "kind": "date",
        "value": 0.0
      },
      {
        "kind": "date",
        "value": 0.0
      },
      {
        "kind": "date",
        "value": 0.0
      }
    ],
    [
      {
        "kind": "date",
        "value": 3652.0
      },
      {
        "kind": "date",
        "value": 3652.0
      },
      {
        "kind": "date",
        "value": 3652.0
      },
      {
        "kind": "date",
        "value": 3652.0
      },
      {
        "kind": "date",
        "value": 3652.0
      }
    ],
    [
      {
        "kind": "date",
        "value": 3653.0
      },
      {
        "kind": "date",
        "value": 3653.0
      },
      {
        "kind": "date",
        "value": 3653.0
      },
      {
        "kind": "date",
        "value": 3653.0
      },
      {
        "kind": "date",
        "value": 3653.0
      }
    ],
    [
      {
        "kind": "date",
        "value": 14668.0
      },
      {
        "kind": "date",
        "value": 14668.0
      },
      {
        "kind": "date",
        "value": 14668.0
      },
      {
        "kind": "date",
        "value": 14668.0
      },
      {
        "kind": "date",
        "value": 14668.0
      }
    ],
    [
      {
        "kind": "date",
        "value": 14669.0
      },
      {
        "kind": "date",
        "value": 14669.0
      },
      {
        "kind": "date",
        "value": 14669.0
      },
      {
        "kind": "date",
        "value": 14669.0
      },
      {
        "kind": "date",
        "value": 14669.0
      }
    ],
    [
      {
        "kind": "date",
        "value": 14670.0
      },
      {
        "kind": "date",
        "value": 14670.0
      },
      {
        "kind": "date",
        "value": 14670.0
      },
      {
        "kind": "date",
        "value": 14670.0
      },
      {
        "kind": "date",
        "value": 14670.0
      }
    ],
    [
      {
        "kind": "date",
        "value": 14975.0
      },
      {
        "kind": "date",
        "value": 14975.0
      },
      {
        "kind": "date",
        "value": 14975.0
      },
      {
        "kind": "date",
        "value": 14975.0
      },
      {
        "kind": "date",
        "value": 14975.0
      }
    ],
    [
      {
        "kind": "missing",
        "value": null
      },
      {
        "kind": "missing",
        "value": null
      },
      {
        "kind": "missing",
        "value": null
      },
      {
        "kind": "missing",
        "value": null
      },
      {
        "kind": "missing",
        "value": null
      }
    ],
    [
      {
        "kind": "date",
        "value": 21883.0
      },
      {
        "kind": "date",
        "value": 21883.0
      },
      {
        "kind": "date",
        "value": 21883.0
      },
      {
        "kind": "date",
        "value": 21883.0
      },
      {
        "kind": "date",
        "value": 21883.0
      }
    ],
    [
      {
        "kind": "date",
        "value": 21847.0
      },
      {
        "kind": "date",
        "value": 21847.0
      },
      {
        "kind": "date",
        "value": 21847.0
      },
      {
        "kind": "date",
        "value": 21847.0
      },
      {
        "kind": "date",
        "value": 21847.0
      }
    ],
    [
      {
        "kind": "date",
        "value": 21814.0
      },
      {
        "kind": "date",
        "value": 21814.0
      },
      {
        "kind": "date",
        "value": 21814.0
      },
      {
        "kind": "date",
        "value": 21814.0
      },
      {
        "kind": "date",
        "value": 21814.0
      }
    ],
    [
      {
        "kind": "date",
        "value": 21780.0
      },
      {
        "kind": "date",
        "value": 21780.0
      },
      {
        "kind": "date",
        "value": 21780.0
      },
      {
        "kind": "date",
        "value": 21780.0
      },
      {
        "kind": "date",
        "value": 21780.0
      }
    ],
    [
      {
        "kind": "date",
        "value": 21745.0
      },
      {
        "kind": "date",
        "value": 21745.0
      },
      {
        "kind": "date",
        "value": 21745.0
      },
      {
        "kind": "date",
        "value": 21745.0
      },
      {
        "kind": "date",
        "value": 21745.0
      }
    ],
    [
      {
        "kind": "date",
        "value": 21713.0
      },
      {
        "kind": "date",
        "value": 21713.0
      },
      {
        "kind": "date",
        "value": 21713.0
      },
      {
        "kind": "date",
        "value": 21713.0
      },
      {
        "kind": "date",
        "value": 21713.0
      }
    ],
    [
      {
        "kind": "date",
        "value": 21679.0
      },
      {
        "kind": "date",
        "value": 21679.0
      },
      {
        "kind": "date",
        "value": 21679.0
      },
      {
        "kind": "date",
        "value": 21679.0
      },
      {
        "kind": "date",
        "value": 21679.0
      }
    ],
    [
      {
        "kind": "date",
        "value": 21648.0
      },
      {
        "kind": "date",
        "value": 21648.0
      },
      {
        "kind": "date",
        "value": 21648.0
      },
      {
        "kind": "date",
        "value": 21648.0
      },
      {
        "kind": "date",
        "value": 21648.0
      }
    ],
    [
      {
        "kind": "date",
        "value": 21610.0
      },
      {
        "kind": "date",
        "value": 21610.0
      },
      {
        "kind": "date",
        "value": 21610.0
      },
      {
        "kind": "date",
        "value": 21610.0
      },
      {
        "kind": "date",
        "value": 21610.0
      }
    ],
    [
      {
        "kind": "date",
        "value": 21581.0
      },
      {
        "kind": "date",
        "value": 21581.0
      },
      {
        "kind": "date",
        "value": 21581.0
      },
      {
        "kind": "date",
        "value": 21581.0
      },
      {
        "kind": "date",
        "value": 21581.0
      }
    ]
  ]
}
