---
source: tests/fixtures_snapshot.rs
expression: snapshot.clone()
---
{
  "columns": [
    "GDP",
    "INF",
    "F",
    "B"
  ],
  "row_count": 81,
  "rows": [
    [
      {
        "kind": "number",
        "value": 4119.5
      },
      {
        "kind": "number",
        "value": 3.548619031906128
      },
      {
        "kind": "number",
        "value": 8.476670265197754
      },
      {
        "kind": "number",
        "value": 10.6766996383667
      }
    ],
    [
      {
        "kind": "number",
        "value": 4178.39990234375
      },
      {
        "kind": "number",
        "value": 3.6456849575042725
      },
      {
        "kind": "number",
        "value": 7.923329830169678
      },
      {
        "kind": "number",
        "value": 9.763330459594727
      }
    ],
    [
      {
        "kind": "number",
        "value": 4261.2998046875
      },
      {
        "kind": "number",
        "value": 3.3091390132904053
      },
      {
        "kind": "number",
        "value": 7.900000095367432
      },
      {
        "kind": "number",
        "value": 9.286669731140137
      }
    ],
    [
      {
        "kind": "number",
        "value": 4321.7998046875
      },
      {
        "kind": "number",
        "value": 3.4694530963897705
      },
      {
        "kind": "number",
        "value": 8.1033296585083
      },
      {
        "kind": "number",
        "value": 8.843330383300781
      }
    ],
    [
      {
        "kind": "number",
        "value": 4385.60009765625
      },
      {
        "kind": "number",
        "value": 3.0609500408172607
      },
      {
        "kind": "number",
        "value": 7.826670169830322
      },
      {
        "kind": "number",
        "value": 7.936669826507568
      }
    ],
    [
      {
        "kind": "number",
        "value": 4425.7001953125
      },
      {
        "kind": "number",
        "value": 1.6262669563293457
      },
      {
        "kind": "number",
        "value": 6.920000076293945
      },
      {
        "kind": "number",
        "value": 7.179999828338623
      }
    ],
    [
      {
        "kind": "number",
        "value": 4493.89990234375
      },
      {
        "kind": "number",
        "value": 1.6346999406814575
      },
      {
        "kind": "number",
        "value": 6.206669807434082
      },
      {
        "kind": "number",
        "value": 6.656670093536377
      }
    ],
    [
      {
        "kind": "number",
        "value": 4546.10009765625
      },
      {
        "kind": "number",
        "value": 1.3083100318908691
      },
      {
        "kind": "number",
        "value": 6.266670227050781
      },
      {
        "kind": "number",
        "value": 6.483329772949219
      }
    ],
    [
      {
        "kind": "number",
        "value": 4613.7998046875
      },
      {
        "kind": "number",
        "value": 2.1659560203552246
      },
      {
        "kind": "number",
        "value": 6.21999979019165
      },
      {
        "kind": "number",
        "value": 6.516670227050781
      }
    ],
    [
      {
        "kind": "number",
        "value": 4690.0
      },
      {
        "kind": "number",
        "value": 3.707818031311035
      },
      {
        "kind": "number",
        "value": 6.650000095367432
      },
      {
        "kind": "number",
        "value": 7.71999979019165
      }
    ],
    [
      {
        "kind": "number",
        "value": 4767.7998046875
      },
      {
        "kind": "number",
        "value": 4.080618858337402
      },
      {
        "kind": "number",
        "value": 6.843329906463623
      },
      {
        "kind": "number",
        "value": 8.1466703414917
      }
    ],
    [
      {
        "kind": "number",
        "value": 4886.2998046875
      },
      {
        "kind": "number",
        "value": 4.3769049644470215
      },
      {
        "kind": "number",
        "value": 6.916669845581055
      },
      {
        "kind": "number",
        "value": 8.289999961853027
      }
    ],
    [
      {
        "kind": "number",
        "value": 4951.89990234375
      },
      {
        "kind": "number",
        "value": 3.8687100410461426
      },
      {
        "kind": "number",
        "value": 6.663330078125
      },
      {
        "kind": "number",
        "value": 7.583330154418945
      }
    ],
    [
      {
        "kind": "number",
        "value": 5062.7998046875
      },
      {
        "kind": "number",
        "value": 3.827410936355591
      },
      {
        "kind": "number",
        "value": 7.156670093536377
      },
      {
        "kind": "number",
        "value": 8.096670150756836
      }
    ],
    [
      {
        "kind": "number",
        "value": 5146.60009765625
      },
      {
        "kind": "number",
        "value": 4.036346912384033
      },
      {
        "kind": "number",
        "value": 7.983329772949219
      },
      {
        "kind": "number",
        "value": 8.593330383300781
      }
    ],
    [
      {
        "kind": "number",
        "value": 5253.7001953125
      },
      {
        "kind": "number",
        "value": 4.204358100891113
      },
      {
        "kind": "number",
        "value": 8.470000267028809
      },
      {
        "kind": "number",
        "value": 8.75333023071289
      }
    ],
    [
      {
        "kind": "number",
        "value": 5367.10009765625
      },
      {
        "kind": "number",
        "value": 4.712131023406982
      },
      {
        "kind": "number",
        "value": 9.443329811096191
      },
      {
        "kind": "number",
        "value": 9.376669883728027
      }
    ],
    [
      {
        "kind": "number",
        "value": 5454.10009765625
      },
      {
        "kind": "number",
        "value": 5.08670711517334
      },
      {
        "kind": "number",
        "value": 9.726670265197754
      },
      {
        "kind": "number",
        "value": 8.916669845581055
      }
    ],
    [
      {
        "kind": "number",
        "value": 5531.89990234375
      },
      {
        "kind": "number",
        "value": 4.567896842956543
      },
      {
        "kind": "number",
        "value": 9.083330154418945
      },
      {
        "kind": "number",
        "value": 8.07332992553711
      }
    ],
    [
      {
        "kind": "number",
        "value": 5584.2998046875
      },
      {
        "kind": "number",
        "value": 4.495721817016602
      },
      {
        "kind": "number",
        "value": 8.613329887390137
      },
      {
        "kind": "number",
        "value": 7.863329887390137
      }
    ],
    [
      {
        "kind": "number",
        "value": 5716.39990234375
      },
      {
        "kind": "number",
        "value": 5.100488185882568
      },
      {
        "kind": "number",
        "value": 8.25
      },
      {
        "kind": "number",
        "value": 8.383330345153809
      }
    ],
    [
      {
        "kind": "number",
        "value": 5797.7001953125
      },
      {
        "kind": "number",
        "value": 4.480399131774902
      },
      {
        "kind": "number",
        "value": 8.243330001831055
      },
      {
        "kind": "number",
        "value": 8.623330116271973
      }
    ],
    [
      {
        "kind": "number",
        "value": 5849.39990234375
      },
      {
        "kind": "number",
        "value": 5.387062072753906
      },
      {
        "kind": "number",
        "value": 8.15999984741211
      },
      {
        "kind": "number",
        "value": 8.25
      }
    ],
    [
      {
        "kind": "number",
        "value": 5848.7998046875
      },
      {
        "kind": "number",
        "value": 6.037567138671875
      },
      {
        "kind": "number",
        "value": 7.743330001831055
      },
      {
        "kind": "number",
        "value": 7.760000228881836
      }
    ],
    [
      {
        "kind": "number",
        "value": 5888.0
      },
      {
        "kind": "number",
        "value": 5.150235176086426
      },
      {
        "kind": "number",
        "value": 6.426670074462891
      },
      {
        "kind": "number",
        "value": 7.269999980926514
      }
    ],
    [
      {
        "kind": "number",
        "value": 5964.2998046875
      },
      {
        "kind": "number",
        "value": 4.73153018951416
      },
      {
        "kind": "number",
        "value": 5.863329887390137
      },
      {
        "kind": "number",
        "value": 7.246669769287109
      }
    ],
    [
      {
        "kind": "number",
        "value": 6035.60009765625
      },
      {
        "kind": "number",
        "value": 3.8031530380249023
      },
      {
        "kind": "number",
        "value": 5.643330097198486
      },
      {
        "kind": "number",
        "value": 6.893330097198486
      }
    ],
    [
      {
        "kind": "number",
        "value": 6095.7998046875
      },
      {
        "kind": "number",
        "value": 2.947916030883789
      },
      {
        "kind": "number",
        "value": 4.816669940948486
      },
      {
        "kind": "number",
        "value": 5.840000152587891
      }
    ],
    [
      {
        "kind": "number",
        "value": 6196.10009765625
      },
      {
        "kind": "number",
        "value": 2.8280129432678223
      },
      {
        "kind": "number",
        "value": 4.023330211639404
      },
      {
        "kind": "number",
        "value": 5.766670227050781
      }
    ],
    [
      {
        "kind": "number",
        "value": 6290.10009765625
      },
      {
        "kind": "number",
        "value": 3.0504400730133057
      },
      {
        "kind": "number",
        "value": 3.7699999809265137
      },
      {
        "kind": "number",
        "value": 5.78000020980835
      }
    ],
    [
      {
        "kind": "number",
        "value": 6380.5
      },
      {
        "kind": "number",
        "value": 3.0505759716033936
      },
      {
        "kind": "number",
        "value": 3.2566699981689453
      },
      {
        "kind": "number",
        "value": 4.683330059051514
      }
    ],
    [
      {
        "kind": "number",
        "value": 6484.2998046875
      },
      {
        "kind": "number",
        "value": 3.0044870376586914
      },
      {
        "kind": "number",
        "value": 3.036669969558716
      },
      {
        "kind": "number",
        "value": 4.996669769287109
      }
    ],
    [
      {
        "kind": "number",
        "value": 6542.7001953125
      },
      {
        "kind": "number",
        "value": 3.147041082382202
      },
      {
        "kind": "number",
        "value": 3.0399999618530273
      },
      {
        "kind": "number",
        "value": 4.636670112609863
      }
    ],
    [
      {
        "kind": "number",
        "value": 6612.10009765625
      },
      {
        "kind": "number",
        "value": 3.098757028579712
      },
      {
        "kind": "number",
        "value": 3.0
      },
      {
        "kind": "number",
        "value": 4.409999847412109
      }
    ],
    [
      {
        "kind": "number",
        "value": 6674.60009765625
      },
      {
        "kind": "number",
        "value": 2.707221031188965
      },
      {
        "kind": "number",
        "value": 3.059999942779541
      },
      {
        "kind": "number",
        "value": 4.320000171661377
      }
    ],
    [
      {
        "kind": "number",
        "value": 6800.2001953125
      },
      {
        "kind": "number",
        "value": 2.6883978843688965
      },
      {
        "kind": "number",
        "value": 2.990000009536743
      },
      {
        "kind": "number",
        "value": 4.406670093536377
      }
    ],
    [
      {
        "kind": "number",
        "value": 6911.0
      },
      {
        "kind": "number",
        "value": 2.484610080718994
      },
      {
        "kind": "number",
        "value": 3.213330030441284
      },
      {
        "kind": "number",
        "value": 4.903329849243164
      }
    ],
    [
      {
        "kind": "number",
        "value": 7030.60009765625
      },
      {
        "kind": "number",
        "value": 2.353044033050537
      },
      {
        "kind": "number",
        "value": 3.940000057220459
      },
      {
        "kind": "number",
        "value": 6.199999809265137
      }
    ],
    [
      {
        "kind": "number",
        "value": 7115.10009765625
      },
      {
        "kind": "number",
        "value": 2.8375909328460693
      },
      {
        "kind": "number",
        "value": 4.486670017242432
      },
      {
        "kind": "number",
        "value": 6.556670188903809
      }
    ],
    [
      {
        "kind": "number",
        "value": 7232.2001953125
      },
      {
        "kind": "number",
        "value": 2.6181259155273438
      },
      {
        "kind": "number",
        "value": 5.166669845581055
      },
      {
        "kind": "number",
        "value": 7.396669864654541
      }
    ],
    [
      {
        "kind": "number",
        "value": 7298.2998046875
      },
      {
        "kind": "number",
        "value": 2.8007149696350098
      },
      {
        "kind": "number",
        "value": 5.809999942779541
      },
      {
        "kind": "number",
        "value": 7.266670227050781
      }
    ],
    [
      {
        "kind": "number",
        "value": 7337.7001953125
      },
      {
        "kind": "number",
        "value": 3.0464251041412354
      },
      {
        "kind": "number",
        "value": 6.019999980926514
      },
      {
        "kind": "number",
        "value": 6.25
      }
    ],
    [
      {
        "kind": "number",
        "value": 7432.10009765625
      },
      {
        "kind": "number",
        "value": 2.606656074523926
      },
      {
        "kind": "number",
        "value": 5.796669960021973
      },
      {
        "kind": "number",
        "value": 5.960000038146973
      }
    ],
    [
      {
        "kind": "number",
        "value": 7522.5
      },
      {
        "kind": "number",
        "value": 2.6163699626922607
      },
      {
        "kind": "number",
        "value": 5.71999979019165
      },
      {
        "kind": "number",
        "value": 5.576670169830322
      }
    ],
    [
      {
        "kind": "number",
        "value": 7624.10009765625
      },
      {
        "kind": "number",
        "value": 2.70285701751709
      },
      {
        "kind": "number",
        "value": 5.363329887390137
      },
      {
        "kind": "number",
        "value": 5.376669883728027
      }
    ],
    [
      {
        "kind": "number",
        "value": 7776.60009765625
      },
      {
        "kind": "number",
        "value": 2.807404041290283
      },
      {
        "kind": "number",
        "value": 5.243330001831055
      },
      {
        "kind": "number",
        "value": 6.289999961853027
      }
    ],
    [
      {
        "kind": "number",
        "value": 7866.2001953125
      },
      {
        "kind": "number",
        "value": 2.9013121128082275
      },
      {
        "kind": "number",
        "value": 5.306670188903809
      },
      {
        "kind": "number",
        "value": 6.356669902801514
      }
    ],
    [
      {
        "kind": "number",
        "value": 8000.39990234375
      },
      {
        "kind": "number",
        "value": 3.140247106552124
      },
      {
        "kind": "number",
        "value": 5.28000020980835
      },
      {
        "kind": "number",
        "value": 5.936669826507568
      }
    ],
    [
      {
        "kind": "number",
        "value": 8113.7998046875
      },
      {
        "kind": "number",
        "value": 2.9037179946899414
      },
      {
        "kind": "number",
        "value": 5.276669979095459
      },
      {
        "kind": "number",
        "value": 6.190000057220459
      }
    ],
    [
      {
        "kind": "number",
        "value": 8250.400390625
      },
      {
        "kind": "number",
        "value": 2.315397024154663
      },
      {
        "kind": "number",
        "value": 5.523330211639404
      },
      {
        "kind": "number",
        "value": 6.423329830169678
      }
    ],
    [
      {
        "kind": "number",
        "value": 8381.900390625
      },
      {
        "kind": "number",
        "value": 2.1789419651031494
      },
      {
        "kind": "number",
        "value": 5.533329963684082
      },
      {
        "kind": "number",
        "value": 6.013329982757568
      }
    ],
    [
      {
        "kind": "number",
        "value": 8471.2001953125
      },
      {
        "kind": "number",
        "value": 1.854411005973816
      },
      {
        "kind": "number",
        "value": 5.506669998168945
      },
      {
        "kind": "number",
        "value": 5.78000020980835
      }
    ],
    [
      {
        "kind": "number",
        "value": 8586.7001953125
      },
      {
        "kind": "number",
        "value": 1.4516899585723877
      },
      {
        "kind": "number",
        "value": 5.519999980926514
      },
      {
        "kind": "number",
        "value": 5.460000038146973
      }
    ],
    [
      {
        "kind": "number",
        "value": 8657.900390625
      },
      {
        "kind": "number",
        "value": 1.5894479751586914
      },
      {
        "kind": "number",
        "value": 5.5
      },
      {
        "kind": "number",
        "value": 5.570000171661377
      }
    ],
    [
      {
        "kind": "number",
        "value": 8789.5
      },
      {
        "kind": "number",
        "value": 1.5833460092544556
      },
      {
        "kind": "number",
        "value": 5.533329963684082
      },
      {
        "kind": "number",
        "value": 5.110000133514404
      }
    ],
    [
      {
        "kind": "number",
        "value": 8953.7998046875
      },
      {
        "kind": "number",
        "value": 1.5364439487457275
      },
      {
        "kind": "number",
        "value": 4.860000133514404
      },
      {
        "kind": "number",
        "value": 4.409999847412109
      }
    ],
    [
      {
        "kind": "number",
        "value": 9066.599609375
      },
      {
        "kind": "number",
        "value": 1.6538959741592407
      },
      {
        "kind": "number",
        "value": 4.733329772949219
      },
      {
        "kind": "number",
        "value": 4.873330116271973
      }
    ],
    [
      {
        "kind": "number",
        "value": 9174.099609375
      },
      {
        "kind": "number",
        "value": 2.087414026260376
      },
      {
        "kind": "number",
        "value": 4.746669769287109
      },
      {
        "kind": "number",
        "value": 5.353330135345459
      }
    ],
    [
      {
        "kind": "number",
        "value": 9313.5
      },
      {
        "kind": "number",
        "value": 2.318892002105713
      },
      {
        "kind": "number",
        "value": 5.093329906463623
      },
      {
        "kind": "number",
        "value": 5.713329792022705
      }
    ],
    [
      {
        "kind": "number",
        "value": 9519.5
      },
      {
        "kind": "number",
        "value": 2.588690996170044
      },
      {
        "kind": "number",
        "value": 5.306670188903809
      },
      {
        "kind": "number",
        "value": 6.0
      }
    ],
    [
      {
        "kind": "number",
        "value": 9629.400390625
      },
      {
        "kind": "number",
        "value": 3.18881893157959
      },
      {
        "kind": "number",
        "value": 5.676670074462891
      },
      {
        "kind": "number",
        "value": 6.556670188903809
      }
    ],
    [
      {
        "kind": "number",
        "value": 9822.7998046875
      },
      {
        "kind": "number",
        "value": 3.2750821113586426
      },
      {
        "kind": "number",
        "value": 6.273330211639404
      },
      {
        "kind": "number",
        "value": 6.519999980926514
      }
    ],
    [
      {
        "kind": "number",
        "value": 9862.099609375
      },
      {
        "kind": "number",
        "value": 3.4482479095458984
      },
      {
        "kind": "number",
        "value": 6.519999980926514
      },
      {
        "kind": "number",
        "value": 6.156670093536377
      }
    ],
    [
      {
        "kind": "number",
        "value": 9953.599609375
      },
      {
        "kind": "number",
        "value": 3.370060920715332
      },
      {
        "kind": "number",
        "value": 6.473330020904541
      },
      {
        "kind": "number",
        "value": 5.63332986831665
      }
    ],
    [
      {
        "kind": "number",
        "value": 10021.5
      },
      {
        "kind": "number",
        "value": 3.3376500606536865
      },
      {
        "kind": "number",
        "value": 5.593329906463623
      },
      {
        "kind": "number",
        "value": 4.636670112609863
      }
    ],
    [
      {
        "kind": "number",
        "value": 10128.900390625
      },
      {
        "kind": "number",
        "value": 3.3213789463043213
      },
      {
        "kind": "number",
        "value": 4.326670169830322
      },
      {
        "kind": "number",
        "value": 4.426670074462891
      }
    ],
    [
      {
        "kind": "number",
        "value": 10135.099609375
      },
      {
        "kind": "number",
        "value": 2.660201072692871
      },
      {
        "kind": "number",
        "value": 3.4966700077056885
      },
      {
        "kind": "number",
        "value": 3.9333300590515137
      }
    ],
    [
      {
        "kind": "number",
        "value": 10226.2998046875
      },
      {
        "kind": "number",
        "value": 1.8401850461959839
      },
      {
        "kind": "number",
        "value": 2.1333301067352295
      },
      {
        "kind": "number",
        "value": 3.326669931411743
      }
    ],
    [
      {
        "kind": "number",
        "value": 10333.2998046875
      },
      {
        "kind": "number",
        "value": 1.2437889575958252
      },
      {
        "kind": "number",
        "value": 1.7333300113677979
      },
      {
        "kind": "number",
        "value": 3.75
      }
    ],
    [
      {
        "kind": "number",
        "value": 10426.599609375
      },
      {
        "kind": "number",
        "value": 1.2875419855117798
      },
      {
        "kind": "number",
        "value": 1.75
      },
      {
        "kind": "number",
        "value": 3.766669988632202
      }
    ],
    [
      {
        "kind": "number",
        "value": 10527.400390625
      },
      {
        "kind": "number",
        "value": 1.5809199810028076
      },
      {
        "kind": "number",
        "value": 1.7400000095367432
      },
      {
        "kind": "number",
        "value": 2.6166698932647705
      }
    ],
    [
      {
        "kind": "number",
        "value": 10591.099609375
      },
      {
        "kind": "number",
        "value": 2.1764121055603027
      },
      {
        "kind": "number",
        "value": 1.4433300495147705
      },
      {
        "kind": "number",
        "value": 2.266669988632202
      }
    ],
    [
      {
        "kind": "number",
        "value": 10717.0
      },
      {
        "kind": "number",
        "value": 2.8267669677734375
      },
      {
        "kind": "number",
        "value": 1.25
      },
      {
        "kind": "number",
        "value": 2.069999933242798
      }
    ],
    [
      {
        "kind": "number",
        "value": 10844.599609375
      },
      {
        "kind": "number",
        "value": 2.1091110706329346
      },
      {
        "kind": "number",
        "value": 1.2466700077056885
      },
      {
        "kind": "number",
        "value": 1.7733299732208252
      }
    ],
    [
      {
        "kind": "number",
        "value": 11087.400390625
      },
      {
        "kind": "number",
        "value": 2.1730549335479736
      },
      {
        "kind": "number",
        "value": 1.0166699886322021
      },
      {
        "kind": "number",
        "value": 2.200000047683716
      }
    ],
    [
      {
        "kind": "number",
        "value": 11236.0
      },
      {
        "kind": "number",
        "value": 1.8775739669799805
      },
      {
        "kind": "number",
        "value": 0.9966670274734497
      },
      {
        "kind": "number",
        "value": 2.3833301067352295
      }
    ],
    [
      {
        "kind": "number",
        "value": 11457.099609375
      },
      {
        "kind": "number",
        "value": 1.7692970037460327
      },
      {
        "kind": "number",
        "value": 1.0033299922943115
      },
      {
        "kind": "number",
        "value": 2.173330068588257
      }
    ],
    [
      {
        "kind": "number",
        "value": 11666.099609375
      },
      {
        "kind": "number",
        "value": 2.826749086380005
      },
      {
        "kind": "number",
        "value": 1.0099999904632568
      },
      {
        "kind": "number",
        "value": 2.976670026779175
      }
    ],
    [
      {
        "kind": "number",
        "value": 11818.7998046875
      },
      {
        "kind": "number",
        "value": 2.690613031387329
      },
      {
        "kind": "number",
        "value": 1.4333300590515137
      },
      {
        "kind": "number",
        "value": 2.9200000762939453
      }
    ],
    [
      {
        "kind": "number",
        "value": 11995.2001953125
      },
      {
        "kind": "number",
        "value": 3.268721103668213
      },
      {
        "kind": "number",
        "value": 1.9500000476837158
      },
      {
        "kind": "number",
        "value": 3.049999952316284
      }
    ],
    [
      {
        "kind": "number",
        "value": 12198.7998046875
      },
      {
        "kind": "number",
        "value": 2.997096061706543
      },
      {
        "kind": "number",
        "value": 2.4700000286102295
      },
      {
        "kind": "number",
        "value": 3.6133298873901367
      }
    ]
  ]
}
