---
source: tests/fixtures_snapshot.rs
expression: snapshot.clone()
---
{
  "columns": [
    "X",
    "Y",
    "Z1",
    "Z2",
    "Z3"
  ],
  "row_count": 100,
  "rows": [
    [
      {
        "kind": "number",
        "value": -0.6824300289154053
      },
      {
        "kind": "number",
        "value": -0.5532100200653076
      },
      {
        "kind": "number",
        "value": 0.6617500185966492
      },
      {
        "kind": "number",
        "value": -1.0344899892807007
      },
      {
        "kind": "number",
        "value": -1.698490023612976
      }
    ],
    [
      {
        "kind": "number",
        "value": 2.4821999073028564
      },
      {
        "kind": "number",
        "value": 4.747200012207031
      },
      {
        "kind": "number",
        "value": 0.8017899990081787
      },
      {
        "kind": "number",
        "value": 1.310189962387085
      },
      {
        "kind": "number",
        "value": 2.442660093307495
      }
    ],
    [
      {
        "kind": "number",
        "value": 0.14934000372886658
      },
      {
        "kind": "number",
        "value": 1.5309300422668457
      },
      {
        "kind": "number",
        "value": -1.9563699960708618
      },
      {
        "kind": "number",
        "value": -1.1287000179290771
      },
      {
        "kind": "number",
        "value": 0.9090700149536133
      }
    ],
    [
      {
        "kind": "number",
        "value": 0.47290000319480896
      },
      {
        "kind": "number",
        "value": 1.8344800472259521
      },
      {
        "kind": "number",
        "value": -0.8763800263404846
      },
      {
        "kind": "number",
        "value": 0.4454500079154968
      },
      {
        "kind": "number",
        "value": 0.3895300030708313
      }
    ],
    [
      {
        "kind": "number",
        "value": -1.084089994430542
      },
      {
        "kind": "number",
        "value": -0.4721199870109558
      },
      {
        "kind": "number",
        "value": -0.35530000925064087
      },
      {
        "kind": "number",
        "value": -0.526199996471405
      },
      {
        "kind": "number",
        "value": 0.34793001413345337
      }
    ],
    [
      {
        "kind": "number",
        "value": -1.4926700592041016
      },
      {
        "kind": "number",
        "value": -0.11501999944448471
      },
      {
        "kind": "number",
        "value": -2.615760087966919
      },
      {
        "kind": "number",
        "value": -1.0786700248718262
      },
      {
        "kind": "number",
        "value": -0.5074300169944763
      }
    ],
    [
      {
        "kind": "number",
        "value": 0.6119800209999084
      },
      {
        "kind": "number",
        "value": 3.040990114212036
      },
      {
        "kind": "number",
        "value": 2.0932300090789795
      },
      {
        "kind": "number",
        "value": -1.8182899951934814
      },
      {
        "kind": "number",
        "value": 0.46393001079559326
      }
    ],
    [
      {
        "kind": "number",
        "value": -0.6560199856758118
      },
      {
        "kind": "number",
        "value": 0.3990199863910675
      },
      {
        "kind": "number",
        "value": -0.34095999598503113
      },
      {
        "kind": "number",
        "value": -1.8251299858093262
      },
      {
        "kind": "number",
        "value": 0.2555899918079376
      }
    ],
    [
      {
        "kind": "number",
        "value": 0.0948299989104271
      },
      {
        "kind": "number",
        "value": 1.311460018157959
      },
      {
        "kind": "number",
        "value": -0.191880002617836
      },
      {
        "kind": "number",
        "value": 0.023809999227523804
      },
      {
        "kind": "number",
        "value": 0.6320899724960327
      }
    ],
    [
      {
        "kind": "number",
        "value": -0.751990020275116
      },
      {
        "kind": "number",
        "value": -1.4421099424362183
      },
      {
        "kind": "number",
        "value": -0.1789100021123886
      },
      {
        "kind": "number",
        "value": 1.0803099870681763
      },
      {
        "kind": "number",
        "value": -0.5158600211143494
      }
    ],
    [
      {
        "kind": "number",
        "value": 1.6536699533462524
      },
      {
        "kind": "number",
        "value": 3.3331000804901123
      },
      {
        "kind": "number",
        "value": 0.6463099718093872
      },
      {
        "kind": "number",
        "value": 1.1526700258255005
      },
      {
        "kind": "number",
        "value": 1.3420499563217163
      }
    ],
    [
      {
        "kind": "number",
        "value": 0.9142299890518188
      },
      {
        "kind": "number",
        "value": 2.507740020751953
      },
      {
        "kind": "number",
        "value": 1.0808000564575195
      },
      {
        "kind": "number",
        "value": 0.2038699984550476
      },
      {
        "kind": "number",
        "value": -0.9966899752616882
      }
    ],
    [
      {
        "kind": "number",
        "value": 0.5669800043106079
      },
      {
        "kind": "number",
        "value": 3.479029893875122
      },
      {
        "kind": "number",
        "value": -0.8880900144577026
      },
      {
        "kind": "number",
        "value": -0.471560001373291
      },
      {
        "kind": "number",
        "value": -0.03556999936699867
      }
    ],
    [
      {
        "kind": "number",
        "value": 0.6982899904251099
      },
      {
        "kind": "number",
        "value": 2.810499906539917
      },
      {
        "kind": "number",
        "value": 0.1412699967622757
      },
      {
        "kind": "number",
        "value": 1.241960048675537
      },
      {
        "kind": "number",
        "value": -0.6037700176239014
      }
    ],
    [
      {
        "kind": "number",
        "value": 0.2617799937725067
      },
      {
        "kind": "number",
        "value": 2.1913700103759766
      },
      {
        "kind": "number",
        "value": -0.1916400045156479
      },
      {
        "kind": "number",
        "value": -0.4798299968242645
      },
      {
        "kind": "number",
        "value": 0.10467000305652618
      }
    ],
    [
      {
        "kind": "number",
        "value": 1.3282599449157715
      },
      {
        "kind": "number",
        "value": 4.222519874572754
      },
      {
        "kind": "number",
        "value": 0.515779972076416
      },
      {
        "kind": "number",
        "value": -0.24214999377727509
      },
      {
        "kind": "number",
        "value": 0.08224999904632568
      }
    ],
    [
      {
        "kind": "number",
        "value": 1.7304099798202515
      },
      {
        "kind": "number",
        "value": 2.496799945831299
      },
      {
        "kind": "number",
        "value": 1.6624799966812134
      },
      {
        "kind": "number",
        "value": 1.5239900350570679
      },
      {
        "kind": "number",
        "value": 0.3001199960708618
      }
    ],
    [
      {
        "kind": "number",
        "value": -0.4457300007343292
      },
      {
        "kind": "number",
        "value": 0.5425400137901306
      },
      {
        "kind": "number",
        "value": 0.14066000282764435
      },
      {
        "kind": "number",
        "value": -0.8350499868392944
      },
      {
        "kind": "number",
        "value": 1.0832200050354004
      }
    ],
    [
      {
        "kind": "number",
        "value": 0.2943800091743469
      },
      {
        "kind": "number",
        "value": 1.447100043296814
      },
      {
        "kind": "number",
        "value": 0.01575000025331974
      },
      {
        "kind": "number",
        "value": 0.7603999972343445
      },
      {
        "kind": "number",
        "value": 1.954360008239746
      }
    ],
    [
      {
        "kind": "number",
        "value": 0.5514600276947021
      },
      {
        "kind": "number",
        "value": 2.507930040359497
      },
      {
        "kind": "number",
        "value": 0.9440000057220459
      },
      {
        "kind": "number",
        "value": -0.12769000232219696
      },
      {
        "kind": "number",
        "value": 0.30755001306533813
      }
    ],
    [
      {
        "kind": "number",
        "value": -0.3786500096321106
      },
      {
        "kind": "number",
        "value": 0.13631999492645264
      },
      {
        "kind": "number",
        "value": -0.1608700007200241
      },
      {
        "kind": "number",
        "value": -0.5195599794387817
      },
      {
        "kind": "number",
        "value": 0.07944999635219574
      }
    ],
    [
      {
        "kind": "number",
        "value": 1.263759970664978
      },
      {
        "kind": "number",
        "value": 3.782099962234497
      },
      {
        "kind": "number",
        "value": 1.3149000406265259
      },
      {
        "kind": "number",
        "value": 0.952430009841919
      },
      {
        "kind": "number",
        "value": 0.19137999415397644
      }
    ],
    [
      {
        "kind": "number",
        "value": -0.3674199879169464
      },
      {
        "kind": "number",
        "value": 1.3626099824905396
      },
      {
        "kind": "number",
        "value": -1.0039700269699097
      },
      {
        "kind": "number",
        "value": -0.21301999688148499
      },
      {
        "kind": "number",
        "value": 0.3040499985218048
      }
    ],
    [
      {
        "kind": "number",
        "value": 0.7317299842834473
      },
      {
        "kind": "number",
        "value": 2.0075700283050537
      },
      {
        "kind": "number",
        "value": 1.2248599529266357
      },
      {
        "kind": "number",
        "value": -1.6442699432373047
      },
      {
        "kind": "number",
        "value": 1.7800500392913818
      }
    ],
    [
      {
        "kind": "number",
        "value": -0.29697999358177185
      },
      {
        "kind": "number",
        "value": -0.2678300142288208
      },
      {
        "kind": "number",
        "value": -1.1500200033187866
      },
      {
        "kind": "number",
        "value": 1.7298699617385864
      },
      {
        "kind": "number",
        "value": -0.7169600129127502
      }
    ],
    [
      {
        "kind": "number",
        "value": -0.2167699933052063
      },
      {
        "kind": "number",
        "value": 1.3278499841690063
      },
      {
        "kind": "number",
        "value": -0.4210200011730194
      },
      {
        "kind": "number",
        "value": -1.4280200004577637
      },
      {
        "kind": "number",
        "value": 0.3850899934768677
      }
    ],
    [
      {
        "kind": "number",
        "value": 0.04520000144839287
      },
      {
        "kind": "number",
        "value": -0.3990499973297119
      },
      {
        "kind": "number",
        "value": 1.09552001953125
      },
      {
        "kind": "number",
        "value": 1.96274995803833
      },
      {
        "kind": "number",
        "value": -1.0018999576568604
      }
    ],
    [
      {
        "kind": "number",
        "value": -0.861810028553009
      },
      {
        "kind": "number",
        "value": 0.262800008058548
      },
      {
        "kind": "number",
        "value": 0.12710000574588776
      },
      {
        "kind": "number",
        "value": -2.2993600368499756
      },
      {
        "kind": "number",
        "value": -1.3131200075149536
      }
    ],
    [
      {
        "kind": "number",
        "value": 0.49689000844955444
      },
      {
        "kind": "number",
        "value": 0.2184399962425232
      },
      {
        "kind": "number",
        "value": 1.101539969444275
      },
      {
        "kind": "number",
        "value": 0.15710000693798065
      },
      {
        "kind": "number",
        "value": -1.1147099733352661
      }
    ],
    [
      {
        "kind": "number",
        "value": 0.0004600000102072954
      },
      {
        "kind": "number",
        "value": 1.0368200540542603
      },
      {
        "kind": "number",
        "value": -0.32089000940322876
      },
      {
        "kind": "number",
        "value": 1.324679970741272
      },
      {
        "kind": "number",
        "value": -0.13662000000476837
      }
    ],
    [
      {
        "kind": "number",
        "value": -0.6563799977302551
      },
      {
        "kind": "number",
        "value": 0.9035900235176086
      },
      {
        "kind": "number",
        "value": -0.5598300099372864
      },
      {
        "kind": "number",
        "value": -1.0058799982070923
      },
      {
        "kind": "number",
        "value": 0.12772999703884125
      }
    ],
    [
      {
        "kind": "number",
        "value": 0.24639999866485596
      },
      {
        "kind": "number",
        "value": 1.3796199560165405
      },
      {
        "kind": "number",
        "value": 0.9405800104141235
      },
      {
        "kind": "number",
        "value": -0.4379499852657318
      },
      {
        "kind": "number",
        "value": -0.8118299841880798
      }
    ],
    [
      {
        "kind": "number",
        "value": -0.7623900175094604
      },
      {
        "kind": "number",
        "value": 0.8217599987983704
      },
      {
        "kind": "number",
        "value": -0.5802900195121765
      },
      {
        "kind": "number",
        "value": 0.16931000351905823
      },
      {
        "kind": "number",
        "value": -1.8199399709701538
      }
    ],
    [
      {
        "kind": "number",
        "value": 1.5722099542617798
      },
      {
        "kind": "number",
        "value": 3.783829927444458
      },
      {
        "kind": "number",
        "value": -0.10837999731302261
      },
      {
        "kind": "number",
        "value": 2.108949899673462
      },
      {
        "kind": "number",
        "value": -0.45184001326560974
      }
    ],
    [
      {
        "kind": "number",
        "value": 0.29322001338005066
      },
      {
        "kind": "number",
        "value": 1.405709981918335
      },
      {
        "kind": "number",
        "value": -0.6810700297355652
      },
      {
        "kind": "number",
        "value": 0.7004600167274475
      },
      {
        "kind": "number",
        "value": 1.8584699630737305
      }
    ],
    [
      {
        "kind": "number",
        "value": -0.5199800133705139
      },
      {
        "kind": "number",
        "value": -0.52565997838974
      },
      {
        "kind": "number",
        "value": -0.6766800284385681
      },
      {
        "kind": "number",
        "value": -0.03596000000834465
      },
      {
        "kind": "number",
        "value": 0.9916800260543823
      }
    ],
    [
      {
        "kind": "number",
        "value": -1.3195600509643555
      },
      {
        "kind": "number",
        "value": -1.0503300428390503
      },
      {
        "kind": "number",
        "value": -1.9479999542236328
      },
      {
        "kind": "number",
        "value": 0.40933001041412354
      },
      {
        "kind": "number",
        "value": -2.1991500854492188
      }
    ],
    [
      {
        "kind": "number",
        "value": -0.6769400238990784
      },
      {
        "kind": "number",
        "value": -0.38819000124931335
      },
      {
        "kind": "number",
        "value": -1.4616400003433228
      },
      {
        "kind": "number",
        "value": -0.7778400182723999
      },
      {
        "kind": "number",
        "value": 0.5235999822616577
      }
    ],
    [
      {
        "kind": "number",
        "value": 0.04952000081539154
      },
      {
        "kind": "number",
        "value": -0.21570000052452087
      },
      {
        "kind": "number",
        "value": 0.32023000717163086
      },
      {
        "kind": "number",
        "value": 0.46799999475479126
      },
      {
        "kind": "number",
        "value": 1.4039000272750854
      }
    ],
    [
      {
        "kind": "number",
        "value": 0.7150099873542786
      },
      {
        "kind": "number",
        "value": 1.2969499826431274
      },
      {
        "kind": "number",
        "value": -0.007240000180900097
      },
      {
        "kind": "number",
        "value": 1.3459700345993042
      },
      {
        "kind": "number",
        "value": 0.46143001317977905
      }
    ],
    [
      {
        "kind": "number",
        "value": -0.3864000141620636
      },
      {
        "kind": "number",
        "value": -1.2640000581741333
      },
      {
        "kind": "number",
        "value": 1.6158900260925293
      },
      {
        "kind": "number",
        "value": 0.592769980430603
      },
      {
        "kind": "number",
        "value": -1.1689000129699707
      }
    ],
    [
      {
        "kind": "number",
        "value": 0.10993000119924545
      },
      {
        "kind": "number",
        "value": 1.3073899745941162
      },
      {
        "kind": "number",
        "value": 1.6540100574493408
      },
      {
        "kind": "number",
        "value": -0.48014000058174133
      },
      {
        "kind": "number",
        "value": -0.9581000208854675
      }
    ],
    [
      {
        "kind": "number",
        "value": 2.4092299938201904
      },
      {
        "kind": "number",
        "value": 3.1682300567626953
      },
      {
        "kind": "number",
        "value": 0.3038800060749054
      },
      {
        "kind": "number",
        "value": 2.08705997467041
      },
      {
        "kind": "number",
        "value": 1.8574999570846558
      }
    ],
    [
      {
        "kind": "number",
        "value": -0.0966000035405159
      },
      {
        "kind": "number",
        "value": 1.1071399450302124
      },
      {
        "kind": "number",
        "value": -0.2843799889087677
      },
      {
        "kind": "number",
        "value": -0.6255300045013428
      },
      {
        "kind": "number",
        "value": -0.09792999923229218
      }
    ],
    [
      {
        "kind": "number",
        "value": 0.11015000194311142
      },
      {
        "kind": "number",
        "value": 2.4395298957824707
      },
      {
        "kind": "number",
        "value": -0.7231799960136414
      },
      {
        "kind": "number",
        "value": 0.28123000264167786
      },
      {
        "kind": "number",
        "value": 0.998989999294281
      }
    ],
    [
      {
        "kind": "number",
        "value": -0.7915300130844116
      },
      {
        "kind": "number",
        "value": -2.380779981613159
      },
      {
        "kind": "number",
        "value": 0.11642999947071075
      },
      {
        "kind": "number",
        "value": 1.6883100271224976
      },
      {
        "kind": "number",
        "value": -0.46382999420166016
      }
    ],
    [
      {
        "kind": "number",
        "value": 0.11727000027894974
      },
      {
        "kind": "number",
        "value": 0.9619200229644775
      },
      {
        "kind": "number",
        "value": -0.12380000203847885
      },
      {
        "kind": "number",
        "value": -0.5161499977111816
      },
      {
        "kind": "number",
        "value": -0.301829993724823
      }
    ],
    [
      {
        "kind": "number",
        "value": 1.3364299535751343
      },
      {
        "kind": "number",
        "value": 3.1246299743652344
      },
      {
        "kind": "number",
        "value": 1.2506200075149536
      },
      {
        "kind": "number",
        "value": -1.4143799543380737
      },
      {
        "kind": "number",
        "value": -0.17615999281406403
      }
    ],
    [
      {
        "kind": "number",
        "value": 0.5741000175476074
      },
      {
        "kind": "number",
        "value": 2.95701003074646
      },
      {
        "kind": "number",
        "value": -0.08546999841928482
      },
      {
        "kind": "number",
        "value": -0.5509700179100037
      },
      {
        "kind": "number",
        "value": -0.3498600125312805
      }
    ],
    [
      {
        "kind": "number",
        "value": -0.31836000084877014
      },
      {
        "kind": "number",
        "value": 1.002369999885559
      },
      {
        "kind": "number",
        "value": -0.8678900003433228
      },
      {
        "kind": "number",
        "value": 0.28380998969078064
      },
      {
        "kind": "number",
        "value": -0.7063300013542175
      }
    ],
    [
      {
        "kind": "number",
        "value": 0.853380024433136
      },
      {
        "kind": "number",
        "value": 2.1212799549102783
      },
      {
        "kind": "number",
        "value": 0.6390900015830994
      },
      {
        "kind": "number",
        "value": -1.152690052986145
      },
      {
        "kind": "number",
        "value": 0.7841500043869019
      }
    ],
    [
      {
        "kind": "number",
        "value": -1.2674100399017334
      },
      {
        "kind": "number",
        "value": -2.966710090637207
      },
      {
        "kind": "number",
        "value": -0.09859000146389008
      },
      {
        "kind": "number",
        "value": 1.1812800168991089
      },
      {
        "kind": "number",
        "value": -0.7501999735832214
      }
    ],
    [
      {
        "kind": "number",
        "value": 0.48809999227523804
      },
      {
        "kind": "number",
        "value": 2.112790107727051
      },
      {
        "kind": "number",
        "value": 0.4177500009536743
      },
      {
        "kind": "number",
        "value": -0.2642099857330322
      },
      {
        "kind": "number",
        "value": -1.4087400436401367
      }
    ],
    [
      {
        "kind": "number",
        "value": 0.9284899830818176
      },
      {
        "kind": "number",
        "value": 4.613500118255615
      },
      {
        "kind": "number",
        "value": 0.15702000260353088
      },
      {
        "kind": "number",
        "value": 0.5680000185966492
      },
      {
        "kind": "number",
        "value": -0.1624699980020523
      }
    ],
    [
      {
        "kind": "number",
        "value": 0.1812800019979477
      },
      {
        "kind": "number",
        "value": 1.0721399784088135
      },
      {
        "kind": "number",
        "value": 1.3880399465560913
      },
      {
        "kind": "number",
        "value": 0.18017999827861786
      },
      {
        "kind": "number",
        "value": -0.3184700012207031
      }
    ],
    [
      {
        "kind": "number",
        "value": 0.8006799817085266
      },
      {
        "kind": "number",
        "value": 2.0350000858306885
      },
      {
        "kind": "number",
        "value": 1.1037100553512573
      },
      {
        "kind": "number",
        "value": -0.9197099804878235
      },
      {
        "kind": "number",
        "value": 1.026710033416748
      }
    ],
    [
      {
        "kind": "number",
        "value": 2.471299886703491
      },
      {
        "kind": "number",
        "value": 5.3024702072143555
      },
      {
        "kind": "number",
        "value": 1.655460000038147
      },
      {
        "kind": "number",
        "value": 0.32743000984191895
      },
      {
        "kind": "number",
        "value": 0.11186999827623367
      }
    ],
    [
      {
        "kind": "number",
        "value": 0.23579999804496765
      },
      {
        "kind": "number",
        "value": 1.2492400407791138
      },
      {
        "kind": "number",
        "value": -0.46281999349594116
      },
      {
        "kind": "number",
        "value": 0.8112999796867371
      },
      {
        "kind": "number",
        "value": 0.37567999958992004
      }
    ],
    [
      {
        "kind": "number",
        "value": 1.2812700271606445
      },
      {
        "kind": "number",
        "value": 3.3185999393463135
      },
      {
        "kind": "number",
        "value": 0.6583099961280823
      },
      {
        "kind": "number",
        "value": 1.268149971961975
      },
      {
        "kind": "number",
        "value": -0.1721699982881546
      }
    ],
    [
      {
        "kind": "number",
        "value": 0.9555299878120422
      },
      {
        "kind": "number",
        "value": 2.391239881515503
      },
      {
        "kind": "number",
        "value": 1.531190037727356
      },
      {
        "kind": "number",
        "value": -1.4599499702453613
      },
      {
        "kind": "number",
        "value": 0.42239001393318176
      }
    ],
    [
      {
        "kind": "number",
        "value": 0.7653800249099731
      },
      {
        "kind": "number",
        "value": 2.600790023803711
      },
      {
        "kind": "number",
        "value": -0.5354099869728088
      },
      {
        "kind": "number",
        "value": 0.4567900002002716
      },
      {
        "kind": "number",
        "value": 0.6657099723815918
      }
    ],
    [
      {
        "kind": "number",
        "value": 0.15571999549865723
      },
      {
        "kind": "number",
        "value": 0.796999990940094
      },
      {
        "kind": "number",
        "value": -0.0949999988079071
      },
      {
        "kind": "number",
        "value": 1.044569969177246
      },
      {
        "kind": "number",
        "value": 0.3833700120449066
      }
    ],
    [
      {
        "kind": "number",
        "value": 0.5536199808120728
      },
      {
        "kind": "number",
        "value": 0.5851500034332275
      },
      {
        "kind": "number",
        "value": 0.01355000026524067
      },
      {
        "kind": "number",
        "value": 0.6260700225830078
      },
      {
        "kind": "number",
        "value": 0.4313800036907196
      }
    ],
    [
      {
        "kind": "number",
        "value": 0.08980999886989594
      },
      {
        "kind": "number",
        "value": 0.9645299911499023
      },
      {
        "kind": "number",
        "value": 0.851419985294342
      },
      {
        "kind": "number",
        "value": -0.895330011844635
      },
      {
        "kind": "number",
        "value": 0.7136800289154053
      }
    ],
    [
      {
        "kind": "number",
        "value": 0.4694800078868866
      },
      {
        "kind": "number",
        "value": 2.0099799633026123
      },
      {
        "kind": "number",
        "value": -0.32962000370025635
      },
      {
        "kind": "number",
        "value": 1.8439199924468994
      },
      {
        "kind": "number",
        "value": 0.6751400232315063
      }
    ],
    [
      {
        "kind": "number",
        "value": -1.6483999490737915
      },
      {
        "kind": "number",
        "value": -2.895129919052124
      },
      {
        "kind": "number",
        "value": -0.7310299873352051
      },
      {
        "kind": "number",
        "value": 0.3175300061702728
      },
      {
        "kind": "number",
        "value": -0.7728300094604492
      }
    ],
    [
      {
        "kind": "number",
        "value": -1.454200029373169
      },
      {
        "kind": "number",
        "value": -1.772510051727295
      },
      {
        "kind": "number",
        "value": -1.0964299440383911
      },
      {
        "kind": "number",
        "value": 1.0319199562072754
      },
      {
        "kind": "number",
        "value": -1.3738199472427368
      }
    ],
    [
      {
        "kind": "number",
        "value": 0.32646000385284424
      },
      {
        "kind": "number",
        "value": 2.022979974746704
      },
      {
        "kind": "number",
        "value": 0.061000000685453415
      },
      {
        "kind": "number",
        "value": -0.6997100114822388
      },
      {
        "kind": "number",
        "value": 0.29409000277519226
      }
    ],
    [
      {
        "kind": "number",
        "value": 0.4445199966430664
      },
      {
        "kind": "number",
        "value": 1.1405999660491943
      },
      {
        "kind": "number",
        "value": 0.06757999956607819
      },
      {
        "kind": "number",
        "value": 0.889270007610321
      },
      {
        "kind": "number",
        "value": 0.28832000494003296
      }
    ],
    [
      {
        "kind": "number",
        "value": -1.1461700201034546
      },
      {
        "kind": "number",
        "value": -0.9559500217437744
      },
      {
        "kind": "number",
        "value": 0.04910000041127205
      },
      {
        "kind": "number",
        "value": -0.9092100262641907
      },
      {
        "kind": "number",
        "value": -1.7940599918365479
      }
    ],
    [
      {
        "kind": "number",
        "value": 2.766279935836792
      },
      {
        "kind": "number",
        "value": 6.727350234985352
      },
      {
        "kind": "number",
        "value": 0.6894599795341492
      },
      {
        "kind": "number",
        "value": -0.8329499959945679
      },
      {
        "kind": "number",
        "value": 3.145699977874756
      }
    ],
    [
      {
        "kind": "number",
        "value": 0.5766599774360657
      },
      {
        "kind": "number",
        "value": 1.4341100454330444
      },
      {
        "kind": "number",
        "value": -0.42083001136779785
      },
      {
        "kind": "number",
        "value": 0.990369975566864
      },
      {
        "kind": "number",
        "value": -0.4552200138568878
      }
    ],
    [
      {
        "kind": "number",
        "value": -0.8326399922370911
      },
      {
        "kind": "number",
        "value": -0.2332099974155426
      },
      {
        "kind": "number",
        "value": -0.5904200077056885
      },
      {
        "kind": "number",
        "value": -0.369159996509552
      },
      {
        "kind": "number",
        "value": 0.12838999927043915
      }
    ],
    [
      {
        "kind": "number",
        "value": -0.41165000200271606
      },
      {
        "kind": "number",
        "value": 0.208529993891716
      },
      {
        "kind": "number",
        "value": 0.7475100159645081
      },
      {
        "kind": "number",
        "value": 0.44558998942375183
      },
      {
        "kind": "number",
        "value": -2.9826500415802
      }
    ],
    [
      {
        "kind": "number",
        "value": -0.6834200024604797
      },
      {
        "kind": "number",
        "value": -0.17199000716209412
      },
      {
        "kind": "number",
        "value": -1.046489953994751
      },
      {
        "kind": "number",
        "value": -0.18674999475479126
      },
      {
        "kind": "number",
        "value": -1.3364800214767456
      }
    ],
    [
      {
        "kind": "number",
        "value": -0.7369400262832642
      },
      {
        "kind": "number",
        "value": 0.9376099705696106
      },
      {
        "kind": "number",
        "value": -1.183150053024292
      },
      {
        "kind": "number",
        "value": -0.8785399794578552
      },
      {
        "kind": "number",
        "value": 1.0157699584960938
      }
    ],
    [
      {
        "kind": "number",
        "value": 0.4581100046634674
      },
      {
        "kind": "number",
        "value": 2.1622300148010254
      },
      {
        "kind": "number",
        "value": 0.5395500063896179
      },
      {
        "kind": "number",
        "value": -1.9659299850463867
      },
      {
        "kind": "number",
        "value": -0.38767001032829285
      }
    ],
    [
      {
        "kind": "number",
        "value": 1.6001900434494019
      },
      {
        "kind": "number",
        "value": 3.908600091934204
      },
      {
        "kind": "number",
        "value": 0.27498000860214233
      },
      {
        "kind": "number",
        "value": 0.7412999868392944
      },
      {
        "kind": "number",
        "value": 1.8847899436950684
      }
    ],
    [
      {
        "kind": "number",
        "value": -0.08041000366210938
      },
      {
        "kind": "number",
        "value": 0.16214999556541443
      },
      {
        "kind": "number",
        "value": 0.25916001200675964
      },
      {
        "kind": "number",
        "value": 0.1676899939775467
      },
      {
        "kind": "number",
        "value": 0.5884900093078613
      }
    ],
    [
      {
        "kind": "number",
        "value": -0.7246800065040588
      },
      {
        "kind": "number",
        "value": -0.8719099760055542
      },
      {
        "kind": "number",
        "value": -0.615880012512207
      },
      {
        "kind": "number",
        "value": -0.08365999907255173
      },
      {
        "kind": "number",
        "value": -1.0081700086593628
      }
    ],
    [
      {
        "kind": "number",
        "value": -0.4987100064754486
      },
      {
        "kind": "number",
        "value": 1.285140037536621
      },
      {
        "kind": "number",
        "value": -0.3125300109386444
      },
      {
        "kind": "number",
        "value": -0.9835500121116638
      },
      {
        "kind": "number",
        "value": -1.3606200218200684
      }
    ],
    [
      {
        "kind": "number",
        "value": 0.22224999964237213
      },
      {
        "kind": "number",
        "value": 1.6135200262069702
      },
      {
        "kind": "number",
        "value": -0.08295000344514847
      },
      {
        "kind": "number",
        "value": 1.4344300031661987
      },
      {
        "kind": "number",
        "value": -1.64437997341156
      }
    ],
    [
      {
        "kind": "number",
        "value": 0.15556000173091888
      },
      {
        "kind": "number",
        "value": 0.3114199936389923
      },
      {
        "kind": "number",
        "value": 0.4955900013446808
      },
      {
        "kind": "number",
        "value": 0.9938600063323975
      },
      {
        "kind": "number",
        "value": 0.4173699915409088
      }
    ],
    [
      {
        "kind": "number",
        "value": -0.6770399808883667
      },
      {
        "kind": "number",
        "value": -0.08990000188350677
      },
      {
        "kind": "number",
        "value": -0.8312199711799622
      },
      {
        "kind": "number",
        "value": -0.10413999855518341
      },
      {
        "kind": "number",
        "value": -2.0641798973083496
      }
    ],
    [
      {
        "kind": "number",
        "value": 0.18386000394821167
      },
      {
        "kind": "number",
        "value": 1.0345200300216675
      },
      {
        "kind": "number",
        "value": -0.24151000380516052
      },
      {
        "kind": "number",
        "value": 0.7610800266265869
      },
      {
        "kind": "number",
        "value": -0.7705199718475342
      }
    ],
    [
      {
        "kind": "number",
        "value": -0.7357800006866455
      },
      {
        "kind": "number",
        "value": -0.06277000159025192
      },
      {
        "kind": "number",
        "value": -0.43035998940467834
      },
      {
        "kind": "number",
        "value": -0.08885999768972397
      },
      {
        "kind": "number",
        "value": 0.8126400113105774
      }
    ],
    [
      {
        "kind": "number",
        "value": -1.219689965248108
      },
      {
        "kind": "number",
        "value": -0.47738999128341675
      },
      {
        "kind": "number",
        "value": -0.17173999547958374
      },
      {
        "kind": "number",
        "value": 1.8488800525665283
      },
      {
        "kind": "number",
        "value": -1.9548200368881226
      }
    ],
    [
      {
        "kind": "number",
        "value": 2.1195499897003174
      },
      {
        "kind": "number",
        "value": 4.586619853973389
      },
      {
        "kind": "number",
        "value": -0.39812999963760376
      },
      {
        "kind": "number",
        "value": 1.098289966583252
      },
      {
        "kind": "number",
        "value": 1.4169199466705322
      }
    ],
    [
      {
        "kind": "number",
        "value": 0.9699299931526184
      },
      {
        "kind": "number",
        "value": 2.095669984817505
      },
      {
        "kind": "number",
        "value": 0.4279100000858307
      },
      {
        "kind": "number",
        "value": 0.42851999402046204
      },
      {
        "kind": "number",
        "value": 0.1329900026321411
      }
    ],
    [
      {
        "kind": "number",
        "value": 0.6382499933242798
      },
      {
        "kind": "number",
        "value": 3.064389944076538
      },
      {
        "kind": "number",
        "value": -0.15806999802589417
      },
      {
        "kind": "number",
        "value": -0.5174099802970886
      },
      {
        "kind": "number",
        "value": 0.7007499933242798
      }
    ],
    [
      {
        "kind": "number",
        "value": 1.0918200016021729
      },
      {
        "kind": "number",
        "value": 3.703429937362671
      },
      {
        "kind": "number",
        "value": -0.7066900134086609
      },
      {
        "kind": "number",
        "value": 0.7273799777030945
      },
      {
        "kind": "number",
        "value": 0.8790500164031982
      }
    ],
    [
      {
        "kind": "number",
        "value": 0.15001000463962555
      },
      {
        "kind": "number",
        "value": -0.5214800238609314
      },
      {
        "kind": "number",
        "value": 1.4384000301361084
      },
      {
        "kind": "number",
        "value": -0.6022700071334839
      },
      {
        "kind": "number",
        "value": -0.18512000143527985
      }
    ],
    [
      {
        "kind": "number",
        "value": 0.3558500111103058
      },
      {
        "kind": "number",
        "value": 1.3887499570846558
      },
      {
        "kind": "number",
        "value": 0.15727999806404114
      },
      {
        "kind": "number",
        "value": 1.3339699506759644
      },
      {
        "kind": "number",
        "value": -1.5650299787521362
      }
    ],
    [
      {
        "kind": "number",
        "value": -1.470289945602417
      },
      {
        "kind": "number",
        "value": -1.473080039024353
      },
      {
        "kind": "number",
        "value": -1.4932700395584106
      },
      {
        "kind": "number",
        "value": -1.0182700157165527
      },
      {
        "kind": "number",
        "value": 0.909529983997345
      }
    ],
    [
      {
        "kind": "number",
        "value": 0.38023999333381653
      },
      {
        "kind": "number",
        "value": 2.753429889678955
      },
      {
        "kind": "number",
        "value": -0.7924000024795532
      },
      {
        "kind": "number",
        "value": 1.5138299465179443
      },
      {
        "kind": "number",
        "value": 0.7981500029563904
      }
    ],
    [
      {
        "kind": "number",
        "value": 0.10452999919652939
      },
      {
        "kind": "number",
        "value": -0.3177500069141388
      },
      {
        "kind": "number",
        "value": -0.5766500234603882
      },
      {
        "kind": "number",
        "value": -0.5354200005531311
      },
      {
        "kind": "number",
        "value": 1.1601799726486206
      }
    ],
    [
      {
        "kind": "number",
        "value": 1.8516499996185303
      },
      {
        "kind": "number",
        "value": 4.857649803161621
      },
      {
        "kind": "number",
        "value": 1.0054099559783936
      },
      {
        "kind": "number",
        "value": -1.0231800079345703
      },
      {
        "kind": "number",
        "value": 1.8344199657440186
      }
    ],
    [
      {
        "kind": "number",
        "value": 2.1003499031066895
      },
      {
        "kind": "number",
        "value": 4.986629962921143
      },
      {
        "kind": "number",
        "value": 0.9148799777030945
      },
      {
        "kind": "number",
        "value": 0.8849400281906128
      },
      {
        "kind": "number",
        "value": 0.800599992275238
      }
    ],
    [
      {
        "kind": "number",
        "value": 0.22201000154018402
      },
      {
        "kind": "number",
        "value": 2.943459987640381
      },
      {
        "kind": "number",
        "value": -1.228950023651123
      },
      {
        "kind": "number",
        "value": -0.50382000207901
      },
      {
        "kind": "number",
        "value": 1.5526399612426758
      }
    ],
    [
      {
        "kind": "number",
        "value": 1.4360599517822266
      },
      {
        "kind": "number",
        "value": 1.8130899667739868
      },
      {
        "kind": "number",
        "value": 1.497979998588562
      },
      {
        "kind": "number",
        "value": 1.6469099521636963
      },
      {
        "kind": "number",
        "value": 0.9043300151824951
      }
    ]
  ]
}
